Archive member included to satisfy reference by file (symbol)

/home/ghita/st/stm32cubeide_1.11.0/plugins/com.st.stm32cube.ide.mcu.externaltools.gnu-tools-for-stm32.10.3-2021.10.linux64_1.0.100.202210260954/tools/bin/../lib/gcc/arm-none-eabi/10.3.1/../../../../arm-none-eabi/lib/thumb/v7e-m+dp/hard/libstdc++_nano.a(del_ops.o)
                              ./Src/main.o (operator delete(void*, unsigned int))
/home/ghita/st/stm32cubeide_1.11.0/plugins/com.st.stm32cube.ide.mcu.externaltools.gnu-tools-for-stm32.10.3-2021.10.linux64_1.0.100.202210260954/tools/bin/../lib/gcc/arm-none-eabi/10.3.1/../../../../arm-none-eabi/lib/thumb/v7e-m+dp/hard/libstdc++_nano.a(new_op.o)
                              ./Src/main.o (operator new(unsigned int))
/home/ghita/st/stm32cubeide_1.11.0/plugins/com.st.stm32cube.ide.mcu.externaltools.gnu-tools-for-stm32.10.3-2021.10.linux64_1.0.100.202210260954/tools/bin/../lib/gcc/arm-none-eabi/10.3.1/../../../../arm-none-eabi/lib/thumb/v7e-m+dp/hard/libstdc++_nano.a(pure.o)
                              ./Src/main.o (__cxa_pure_virtual)
/home/ghita/st/stm32cubeide_1.11.0/plugins/com.st.stm32cube.ide.mcu.externaltools.gnu-tools-for-stm32.10.3-2021.10.linux64_1.0.100.202210260954/tools/bin/../lib/gcc/arm-none-eabi/10.3.1/../../../../arm-none-eabi/lib/thumb/v7e-m+dp/hard/libstdc++_nano.a(del_op.o)
                              /home/ghita/st/stm32cubeide_1.11.0/plugins/com.st.stm32cube.ide.mcu.externaltools.gnu-tools-for-stm32.10.3-2021.10.linux64_1.0.100.202210260954/tools/bin/../lib/gcc/arm-none-eabi/10.3.1/../../../../arm-none-eabi/lib/thumb/v7e-m+dp/hard/libstdc++_nano.a(del_ops.o) (operator delete(void*))
/home/ghita/st/stm32cubeide_1.11.0/plugins/com.st.stm32cube.ide.mcu.externaltools.gnu-tools-for-stm32.10.3-2021.10.linux64_1.0.100.202210260954/tools/bin/../lib/gcc/arm-none-eabi/10.3.1/../../../../arm-none-eabi/lib/thumb/v7e-m+dp/hard/libstdc++_nano.a(eh_terminate.o)
                              /home/ghita/st/stm32cubeide_1.11.0/plugins/com.st.stm32cube.ide.mcu.externaltools.gnu-tools-for-stm32.10.3-2021.10.linux64_1.0.100.202210260954/tools/bin/../lib/gcc/arm-none-eabi/10.3.1/../../../../arm-none-eabi/lib/thumb/v7e-m+dp/hard/libstdc++_nano.a(pure.o) (std::terminate())
/home/ghita/st/stm32cubeide_1.11.0/plugins/com.st.stm32cube.ide.mcu.externaltools.gnu-tools-for-stm32.10.3-2021.10.linux64_1.0.100.202210260954/tools/bin/../lib/gcc/arm-none-eabi/10.3.1/../../../../arm-none-eabi/lib/thumb/v7e-m+dp/hard/libstdc++_nano.a(eh_unex_handler.o)
                              /home/ghita/st/stm32cubeide_1.11.0/plugins/com.st.stm32cube.ide.mcu.externaltools.gnu-tools-for-stm32.10.3-2021.10.linux64_1.0.100.202210260954/tools/bin/../lib/gcc/arm-none-eabi/10.3.1/../../../../arm-none-eabi/lib/thumb/v7e-m+dp/hard/libstdc++_nano.a(eh_terminate.o) (__cxxabiv1::__unexpected_handler)
/home/ghita/st/stm32cubeide_1.11.0/plugins/com.st.stm32cube.ide.mcu.externaltools.gnu-tools-for-stm32.10.3-2021.10.linux64_1.0.100.202210260954/tools/bin/../lib/gcc/arm-none-eabi/10.3.1/../../../../arm-none-eabi/lib/thumb/v7e-m+dp/hard/libstdc++_nano.a(new_handler.o)
                              /home/ghita/st/stm32cubeide_1.11.0/plugins/com.st.stm32cube.ide.mcu.externaltools.gnu-tools-for-stm32.10.3-2021.10.linux64_1.0.100.202210260954/tools/bin/../lib/gcc/arm-none-eabi/10.3.1/../../../../arm-none-eabi/lib/thumb/v7e-m+dp/hard/libstdc++_nano.a(new_op.o) (std::get_new_handler())
/home/ghita/st/stm32cubeide_1.11.0/plugins/com.st.stm32cube.ide.mcu.externaltools.gnu-tools-for-stm32.10.3-2021.10.linux64_1.0.100.202210260954/tools/bin/../lib/gcc/arm-none-eabi/10.3.1/../../../../arm-none-eabi/lib/thumb/v7e-m+dp/hard/libstdc++_nano.a(eh_term_handler.o)
                              /home/ghita/st/stm32cubeide_1.11.0/plugins/com.st.stm32cube.ide.mcu.externaltools.gnu-tools-for-stm32.10.3-2021.10.linux64_1.0.100.202210260954/tools/bin/../lib/gcc/arm-none-eabi/10.3.1/../../../../arm-none-eabi/lib/thumb/v7e-m+dp/hard/libstdc++_nano.a(eh_terminate.o) (__cxxabiv1::__terminate_handler)
/home/ghita/st/stm32cubeide_1.11.0/plugins/com.st.stm32cube.ide.mcu.externaltools.gnu-tools-for-stm32.10.3-2021.10.linux64_1.0.100.202210260954/tools/bin/../lib/gcc/arm-none-eabi/10.3.1/../../../../arm-none-eabi/lib/thumb/v7e-m+dp/hard/libc_nano.a(lib_a-abort.o)
                              /home/ghita/st/stm32cubeide_1.11.0/plugins/com.st.stm32cube.ide.mcu.externaltools.gnu-tools-for-stm32.10.3-2021.10.linux64_1.0.100.202210260954/tools/bin/../lib/gcc/arm-none-eabi/10.3.1/../../../../arm-none-eabi/lib/thumb/v7e-m+dp/hard/libstdc++_nano.a(new_op.o) (abort)
/home/ghita/st/stm32cubeide_1.11.0/plugins/com.st.stm32cube.ide.mcu.externaltools.gnu-tools-for-stm32.10.3-2021.10.linux64_1.0.100.202210260954/tools/bin/../lib/gcc/arm-none-eabi/10.3.1/../../../../arm-none-eabi/lib/thumb/v7e-m+dp/hard/libc_nano.a(lib_a-errno.o)
                              ./Src/syscalls.o (__errno)
[...]
Memory Configuration

Name             Origin             Length             Attributes
FLASH            0x0000000008000000 0x0000000000020000 xr
DTCMRAM          0x0000000020000000 0x0000000000020000 xrw
RAM_D1           0x0000000024000000 0x0000000000080000 xrw
RAM_D2           0x0000000030000000 0x0000000000048000 xrw
RAM_D3           0x0000000038000000 0x0000000000010000 xrw
ITCMRAM          0x0000000000000000 0x0000000000010000 xrw
*default*        0x0000000000000000 0xffffffffffffffff

Linker script and memory map

LOAD /home/ghita/st/stm32cubeide_1.11.0/plugins/com.st.stm32cube.ide.mcu.externaltools.gnu-tools-for-stm32.10.3-2021.10.linux64_1.0.100.202210260954/tools/bin/../lib/gcc/arm-none-eabi/10.3.1/thumb/v7e-m+dp/hard/crti.o
LOAD /home/ghita/st/stm32cubeide_1.11.0/plugins/com.st.stm32cube.ide.mcu.externaltools.gnu-tools-for-stm32.10.3-2021.10.linux64_1.0.100.202210260954/tools/bin/../lib/gcc/arm-none-eabi/10.3.1/thumb/v7e-m+dp/hard/crtbegin.o
LOAD /home/ghita/st/stm32cubeide_1.11.0/plugins/com.st.stm32cube.ide.mcu.externaltools.gnu-tools-for-stm32.10.3-2021.10.linux64_1.0.100.202210260954/tools/bin/../lib/gcc/arm-none-eabi/10.3.1/../../../../arm-none-eabi/lib/thumb/v7e-m+dp/hard/crt0.o
LOAD ./Src/App.o
LOAD ./Src/dio.o
LOAD ./Src/main.o
LOAD ./Src/syscalls.o
LOAD ./Src/sysmem.o
LOAD ./Startup/startup_stm32h750vbtx.o
START GROUP
LOAD /home/ghita/st/stm32cubeide_1.11.0/plugins/com.st.stm32cube.ide.mcu.externaltools.gnu-tools-for-stm32.10.3-2021.10.linux64_1.0.100.202210260954/tools/bin/../lib/gcc/arm-none-eabi/10.3.1/../../../../arm-none-eabi/lib/thumb/v7e-m+dp/hard/libstdc++_nano.a
LOAD /home/ghita/st/stm32cubeide_1.11.0/plugins/com.st.stm32cube.ide.mcu.externaltools.gnu-tools-for-stm32.10.3-2021.10.linux64_1.0.100.202210260954/tools/bin/../lib/gcc/arm-none-eabi/10.3.1/../../../../arm-none-eabi/lib/thumb/v7e-m+dp/hard/libsupc++_nano.a
END GROUP
LOAD /home/ghita/st/stm32cubeide_1.11.0/plugins/com.st.stm32cube.ide.mcu.externaltools.gnu-tools-for-stm32.10.3-2021.10.linux64_1.0.100.202210260954/tools/bin/../lib/gcc/arm-none-eabi/10.3.1/../../../../arm-none-eabi/lib/thumb/v7e-m+dp/hard/libstdc++_nano.a
LOAD /home/ghita/st/stm32cubeide_1.11.0/plugins/com.st.stm32cube.ide.mcu.externaltools.gnu-tools-for-stm32.10.3-2021.10.linux64_1.0.100.202210260954/tools/bin/../lib/gcc/arm-none-eabi/10.3.1/../../../../arm-none-eabi/lib/thumb/v7e-m+dp/hard/libm.a
LOAD /home/ghita/st/stm32cubeide_1.11.0/plugins/com.st.stm32cube.ide.mcu.externaltools.gnu-tools-for-stm32.10.3-2021.10.linux64_1.0.100.202210260954/tools/bin/../lib/gcc/arm-none-eabi/10.3.1/../../../../arm-none-eabi/lib/thumb/v7e-m+dp/hard/libc_nano.a
START GROUP
LOAD /home/ghita/st/stm32cubeide_1.11.0/plugins/com.st.stm32cube.ide.mcu.externaltools.gnu-tools-for-stm32.10.3-2021.10.linux64_1.0.100.202210260954/tools/bin/../lib/gcc/arm-none-eabi/10.3.1/thumb/v7e-m+dp/hard/libgcc.a
LOAD /home/ghita/st/stm32cubeide_1.11.0/plugins/com.st.stm32cube.ide.mcu.externaltools.gnu-tools-for-stm32.10.3-2021.10.linux64_1.0.100.202210260954/tools/bin/../lib/gcc/arm-none-eabi/10.3.1/../../../../arm-none-eabi/lib/thumb/v7e-m+dp/hard/libc_nano.a
END GROUP
START GROUP
LOAD /home/ghita/st/stm32cubeide_1.11.0/plugins/com.st.stm32cube.ide.mcu.externaltools.gnu-tools-for-stm32.10.3-2021.10.linux64_1.0.100.202210260954/tools/bin/../lib/gcc/arm-none-eabi/10.3.1/thumb/v7e-m+dp/hard/libgcc.a
LOAD /home/ghita/st/stm32cubeide_1.11.0/plugins/com.st.stm32cube.ide.mcu.externaltools.gnu-tools-for-stm32.10.3-2021.10.linux64_1.0.100.202210260954/tools/bin/../lib/gcc/arm-none-eabi/10.3.1/../../../../arm-none-eabi/lib/thumb/v7e-m+dp/hard/libc_nano.a
LOAD /home/ghita/st/stm32cubeide_1.11.0/plugins/com.st.stm32cube.ide.mcu.externaltools.gnu-tools-for-stm32.10.3-2021.10.linux64_1.0.100.202210260954/tools/bin/../lib/gcc/arm-none-eabi/10.3.1/../../../../arm-none-eabi/lib/thumb/v7e-m+dp/hard/libnosys.a
END GROUP
START GROUP
LOAD /home/ghita/st/stm32cubeide_1.11.0/plugins/com.st.stm32cube.ide.mcu.externaltools.gnu-tools-for-stm32.10.3-2021.10.linux64_1.0.100.202210260954/tools/bin/../lib/gcc/arm-none-eabi/10.3.1/thumb/v7e-m+dp/hard/libgcc.a
LOAD /home/ghita/st/stm32cubeide_1.11.0/plugins/com.st.stm32cube.ide.mcu.externaltools.gnu-tools-for-stm32.10.3-2021.10.linux64_1.0.100.202210260954/tools/bin/../lib/gcc/arm-none-eabi/10.3.1/../../../../arm-none-eabi/lib/thumb/v7e-m+dp/hard/libc_nano.a
LOAD /home/ghita/st/stm32cubeide_1.11.0/plugins/com.st.stm32cube.ide.mcu.externaltools.gnu-tools-for-stm32.10.3-2021.10.linux64_1.0.100.202210260954/tools/bin/../lib/gcc/arm-none-eabi/10.3.1/../../../../arm-none-eabi/lib/thumb/v7e-m+dp/hard/libnosys.a
END GROUP
LOAD /home/ghita/st/stm32cubeide_1.11.0/plugins/com.st.stm32cube.ide.mcu.externaltools.gnu-tools-for-stm32.10.3-2021.10.linux64_1.0.100.202210260954/tools/bin/../lib/gcc/arm-none-eabi/10.3.1/thumb/v7e-m+dp/hard/crtend.o
LOAD /home/ghita/st/stm32cubeide_1.11.0/plugins/com.st.stm32cube.ide.mcu.externaltools.gnu-tools-for-stm32.10.3-2021.10.linux64_1.0.100.202210260954/tools/bin/../lib/gcc/arm-none-eabi/10.3.1/thumb/v7e-m+dp/hard/crtn.o
                0x0000000024080000                _estack = (ORIGIN (RAM_D1) + LENGTH (RAM_D1))
                0x0000000000000200                _Min_Heap_Size = 0x200
                0x0000000000000400                _Min_Stack_Size = 0x400

.isr_vector     0x0000000008000000      0x298
                0x0000000008000000                . = ALIGN (0x4)
 *(.isr_vector)
 .isr_vector    0x0000000008000000      0x298 ./Startup/startup_stm32h750vbtx.o
                0x0000000008000000                g_pfnVectors
                0x0000000008000298                . = ALIGN (0x4)

.text           0x0000000008000298      0xb08
                0x0000000008000298                . = ALIGN (0x4)
 *(.text)
 .text          0x0000000008000298       0x40 /home/ghita/st/stm32cubeide_1.11.0/plugins/com.st.stm32cube.ide.mcu.externaltools.gnu-tools-for-stm32.10.3-2021.10.linux64_1.0.100.202210260954/tools/bin/../lib/gcc/arm-none-eabi/10.3.1/thumb/v7e-m+dp/hard/crtbegin.o
 *(.text*)
 .text._ZN6DeviceC2Ev
                0x00000000080002d8       0x20 ./Src/main.o
                0x00000000080002d8                Device::Device()
                0x00000000080002d8                Device::Device()
 .text._ZN3PinC2Ev
                0x00000000080002f8       0x24 ./Src/main.o
                0x00000000080002f8                Pin::Pin()
                0x00000000080002f8                Pin::Pin()
 .text._ZN3Pin5SetupEv
                0x000000000800031c       0x14 ./Src/main.o
                0x000000000800031c                Pin::Setup()
 .text._ZN4PortC2EP12GPIO_TypeDef
                0x0000000008000330       0x48 ./Src/main.o
                0x0000000008000330                Port::Port(GPIO_TypeDef*)
                0x0000000008000330                Port::Port(GPIO_TypeDef*)
 .text._ZN6DeviceC2ERKS_
                0x0000000008000378       0x24 ./Src/main.o
                0x0000000008000378                Device::Device(Device const&)
                0x0000000008000378                Device::Device(Device const&)
 .text._ZN3PinC2ERKS_
                0x000000000800039c       0x2c ./Src/main.o
                0x000000000800039c                Pin::Pin(Pin const&)
                0x000000000800039c                Pin::Pin(Pin const&)
 .text._ZN4Port5SetupEv
                0x00000000080003c8       0x46 ./Src/main.o
                0x00000000080003c8                Port::Setup()
 *fill*         0x000000000800040e        0x2 
 .text._ZN3DioC2Ev
                0x0000000008000410       0x4c ./Src/main.o
                0x0000000008000410                Dio::Dio()
                0x0000000008000410                Dio::Dio()
 .text._ZN3Dio6ToggleE8PortNameh
                0x000000000800045c       0x28 ./Src/main.o
                0x000000000800045c                Dio::Toggle(PortName, unsigned char)
 .text._ZN3Dio5SetupEv
                0x0000000008000484       0x14 ./Src/main.o
                0x0000000008000484                Dio::Setup()
 .text._ZN3DioD2Ev
                0x0000000008000498       0x20 ./Src/main.o
                0x0000000008000498                Dio::~Dio()
                0x0000000008000498                Dio::~Dio()
 .text._ZN3DioD0Ev
                0x00000000080004b8       0x22 ./Src/main.o
                0x00000000080004b8                Dio::~Dio()
 *fill*         0x00000000080004da        0x2 
 .text._ZN5TimerC2Ev
                0x00000000080004dc       0x24 ./Src/main.o
                0x00000000080004dc                Timer::Timer()
                0x00000000080004dc                Timer::Timer()
 .text._ZN5Timer5SetupEv
                0x0000000008000500       0x14 ./Src/main.o
                0x0000000008000500                Timer::Setup()
 .text._ZN5TimerD2Ev
                0x0000000008000514       0x20 ./Src/main.o
                0x0000000008000514                Timer::~Timer()
                0x0000000008000514                Timer::~Timer()
 .text._ZN5TimerD0Ev
                0x0000000008000534       0x20 ./Src/main.o
                0x0000000008000534                Timer::~Timer()
 .text._ZN3CanC2Ev
                0x0000000008000554       0x24 ./Src/main.o
                0x0000000008000554                Can::Can()
                0x0000000008000554                Can::Can()
 .text._ZN3Can5SetupEv
                0x0000000008000578       0x14 ./Src/main.o
                0x0000000008000578                Can::Setup()
 .text._ZN3CanD2Ev
                0x000000000800058c       0x20 ./Src/main.o
                0x000000000800058c                Can::~Can()
                0x000000000800058c                Can::~Can()
 .text._ZN3CanD0Ev
                0x00000000080005ac       0x20 ./Src/main.o
                0x00000000080005ac                Can::~Can()
 .text._ZN3RccC2E13TypeRccSourcem
                0x00000000080005cc       0x38 ./Src/main.o
                0x00000000080005cc                Rcc::Rcc(TypeRccSource, unsigned long)
                0x00000000080005cc                Rcc::Rcc(TypeRccSource, unsigned long)
 .text._ZN3Rcc5SetupEv
                0x0000000008000604      0x158 ./Src/main.o
                0x0000000008000604                Rcc::Setup()
 .text._ZN3RccD2Ev
                0x000000000800075c       0x20 ./Src/main.o
                0x000000000800075c                Rcc::~Rcc()
                0x000000000800075c                Rcc::~Rcc()
 .text._ZN3RccD0Ev
                0x000000000800077c       0x20 ./Src/main.o
                0x000000000800077c                Rcc::~Rcc()
 .text._ZN3AppC2Ev
                0x000000000800079c       0xc8 ./Src/main.o
                0x000000000800079c                App::App()
                0x000000000800079c                App::App()
 .text._ZN3App4LoopEv
                0x0000000008000864       0x1e ./Src/main.o
                0x0000000008000864                App::Loop()
 *fill*         0x0000000008000882        0x2 
 .text._ZN3AppD2Ev
                0x0000000008000884       0x54 ./Src/main.o
                0x0000000008000884                App::~App()
                0x0000000008000884                App::~App()
 .text._ZN3AppD0Ev
                0x00000000080008d8       0x20 ./Src/main.o
                0x00000000080008d8                App::~App()
 .text.main     0x00000000080008f8       0x20 ./Src/main.o
                0x00000000080008f8                main
 .text._getpid  0x0000000008000918       0x10 ./Src/syscalls.o
                0x0000000008000918                _getpid
 .text._kill    0x0000000008000928       0x20 ./Src/syscalls.o
                0x0000000008000928                _kill
 .text._exit    0x0000000008000948       0x14 ./Src/syscalls.o
                0x0000000008000948                _exit
 .text._sbrk    0x000000000800095c       0x6c ./Src/sysmem.o
                0x000000000800095c                _sbrk
 .text.Reset_Handler
                0x00000000080009c8       0x50 ./Startup/startup_stm32h750vbtx.o
                0x00000000080009c8                Reset_Handler
 .text.Default_Handler
                0x0000000008000a18        0x2 ./Startup/startup_stm32h750vbtx.o
                0x0000000008000a18                HASH_RNG_IRQHandler
                0x0000000008000a18                EXTI2_IRQHandler
                0x0000000008000a18                TIM8_CC_IRQHandler
                0x0000000008000a18                DMA_STR2_IRQHandler
                0x0000000008000a18                DebugMon_Handler
                0x0000000008000a18                UART8_IRQHandler
                0x0000000008000a18                SPI4_IRQHandler
                0x0000000008000a18                HRTIM1_MST_IRQHandler
                0x0000000008000a18                HardFault_Handler
                0x0000000008000a18                DMA_STR5_IRQHandler
                0x0000000008000a18                HRTIM1_FLT_IRQHandler
                0x0000000008000a18                JPEG_IRQHandler
                0x0000000008000a18                SysTick_Handler
                0x0000000008000a18                DMA2_STR1_IRQHandler
                0x0000000008000a18                DMA2_STR5_IRQHandler
                0x0000000008000a18                HRTIM1_TIMD_IRQHandler
                0x0000000008000a18                PendSV_Handler
                0x0000000008000a18                NMI_Handler
                0x0000000008000a18                EXTI3_IRQHandler
                0x0000000008000a18                LPTIM4_IRQHandler
                0x0000000008000a18                TIM8_TRG_COM_TIM14_IRQHandler
                0x0000000008000a18                LPTIM2_IRQHandler
                0x0000000008000a18                DFSDM1_FLT1_IRQHandler
                0x0000000008000a18                DMAMUX2_OVR_IRQHandler
                0x0000000008000a18                TIM8_UP_TIM13_IRQHandler
                0x0000000008000a18                I2C3_ER_IRQHandler
                0x0000000008000a18                DFSDM1_FLT2_IRQHandler
                0x0000000008000a18                MDMA_IRQHandler
                0x0000000008000a18                LPTIM3_IRQHandler
                0x0000000008000a18                EXTI0_IRQHandler
                0x0000000008000a18                I2C2_EV_IRQHandler
                0x0000000008000a18                FPU_IRQHandler
                0x0000000008000a18                DMA_STR1_IRQHandler
                0x0000000008000a18                OTG_HS_WKUP_IRQHandler
                0x0000000008000a18                FDCAN1_IT1_IRQHandler
                0x0000000008000a18                UsageFault_Handler
                0x0000000008000a18                LTDC_ER_IRQHandler
                0x0000000008000a18                ADC1_2_IRQHandler
                0x0000000008000a18                SPI1_IRQHandler
                0x0000000008000a18                BDMA_CH2_IRQHandler
                0x0000000008000a18                TIM6_DAC_IRQHandler
                0x0000000008000a18                DCMI_IRQHandler
                0x0000000008000a18                HRTIM1_TIMC_IRQHandler
                0x0000000008000a18                SDMMC_IRQHandler
                0x0000000008000a18                RTC_ALARM_IRQHandler
                0x0000000008000a18                DMA_STR0_IRQHandler
                0x0000000008000a18                SAI2_IRQHandler
                0x0000000008000a18                DMA2_STR3_IRQHandler
                0x0000000008000a18                DFSDM1_FLT3_IRQHandler
                0x0000000008000a18                USART6_IRQHandler
                0x0000000008000a18                BDMA_CH5_IRQHandler
                0x0000000008000a18                TIM17_IRQHandler
                0x0000000008000a18                BDMA_CH6_IRQHandler
                0x0000000008000a18                USART3_IRQHandler
                0x0000000008000a18                WKUP_IRQHandler
                0x0000000008000a18                CRYP_IRQHandler
                0x0000000008000a18                BDMA_CH3_IRQHandler
                0x0000000008000a18                LPTIM5_IRQHandler
                0x0000000008000a18                LPUART_IRQHandler
                0x0000000008000a18                UART5_IRQHandler
                0x0000000008000a18                ADC3_IRQHandler
                0x0000000008000a18                DMA_STR6_IRQHandler
                0x0000000008000a18                TIM4_IRQHandler
                0x0000000008000a18                QUADSPI_IRQHandler
                0x0000000008000a18                I2C1_EV_IRQHandler
                0x0000000008000a18                DMA1_STR7_IRQHandler
                0x0000000008000a18                TIM16_IRQHandler
                0x0000000008000a18                UART4_IRQHandler
                0x0000000008000a18                TIM3_IRQHandler
                0x0000000008000a18                RCC_IRQHandler
                0x0000000008000a18                TIM8_BRK_TIM12_IRQHandler
                0x0000000008000a18                TIM1_TRG_COM_IRQHandler
                0x0000000008000a18                Default_Handler
                0x0000000008000a18                HRTIM_TIMB_IRQHandler
                0x0000000008000a18                CEC_IRQHandler
                0x0000000008000a18                EXTI15_10_IRQHandler
                0x0000000008000a18                BDMA_CH4_IRQHandler
                0x0000000008000a18                DMA_STR3_IRQHandler
                0x0000000008000a18                HRTIM_TIME_IRQHandler
                0x0000000008000a18                HRTIM1_TIMA_IRQHandler
                0x0000000008000a18                SPI5_IRQHandler
                0x0000000008000a18                TIM7_IRQHandler
                0x0000000008000a18                SDMMC1_IRQHandler
                0x0000000008000a18                TIM5_IRQHandler
                0x0000000008000a18                SPDIF_IRQHandler
                0x0000000008000a18                TIM15_IRQHandler
                0x0000000008000a18                I2C3_EV_IRQHandler
                0x0000000008000a18                WWDG1_RST_IRQHandler
                0x0000000008000a18                EXTI9_5_IRQHandler
                0x0000000008000a18                DMA2_STR4_IRQHandler
                0x0000000008000a18                RTC_WKUP_IRQHandler
                0x0000000008000a18                DMA2_STR6_IRQHandler
                0x0000000008000a18                LTDC_IRQHandler
                0x0000000008000a18                SAI3_IRQHandler
                0x0000000008000a18                ETH_WKUP_IRQHandler
                0x0000000008000a18                PVD_PVM_IRQHandler
                0x0000000008000a18                SPI2_IRQHandler
                0x0000000008000a18                OTG_HS_EP1_IN_IRQHandler
                0x0000000008000a18                MemManage_Handler
                0x0000000008000a18                DMA2_STR0_IRQHandler
                0x0000000008000a18                SVC_Handler
                0x0000000008000a18                CRS_IRQHandler
                0x0000000008000a18                EXTI4_IRQHandler
                0x0000000008000a18                DMAMUX1_OV_IRQHandler
                0x0000000008000a18                FDCAN2_IT1_IRQHandler
                0x0000000008000a18                DMA_STR4_IRQHandler
                0x0000000008000a18                COMP_IRQHandler
                0x0000000008000a18                DMA2_STR2_IRQHandler
                0x0000000008000a18                ETH_IRQHandler
                0x0000000008000a18                TIM1_UP_IRQHandler
                0x0000000008000a18                DMA2_STR7_IRQHandler
                0x0000000008000a18                OTG_HS_EP1_OUT_IRQHandler
                0x0000000008000a18                SPI6_IRQHandler
                0x0000000008000a18                MDIOS_IRQHandler
                0x0000000008000a18                I2C4_EV_IRQHandler
                0x0000000008000a18                FDCAN2_IT0_IRQHandler
                0x0000000008000a18                BDMA_CH7_IRQHandler
                0x0000000008000a18                FDCAN1_IT0_IRQHandler
                0x0000000008000a18                TIM2_IRQHandler
                0x0000000008000a18                HSEM0_IRQHandler
                0x0000000008000a18                OTG_FS_WKUP_IRQHandler
                0x0000000008000a18                OTG_HS_IRQHandler
                0x0000000008000a18                DMA2D_IRQHandler
                0x0000000008000a18                TIM1_BRK_IRQHandler
                0x0000000008000a18                EXTI1_IRQHandler
                0x0000000008000a18                OTG_FS_EP1_OUT_IRQHandler
                0x0000000008000a18                UART7_IRQHandler
                0x0000000008000a18                MDIOS_WKUP_IRQHandler
                0x0000000008000a18                USART2_IRQHandler
                0x0000000008000a18                DFSDM1_FLT0_IRQHandler
                0x0000000008000a18                SAI4_IRQHandler
                0x0000000008000a18                I2C2_ER_IRQHandler
                0x0000000008000a18                FLASH_IRQHandler
                0x0000000008000a18                WWDG1_IRQHandler
                0x0000000008000a18                BusFault_Handler
                0x0000000008000a18                USART1_IRQHandler
                0x0000000008000a18                OTG_FS_IRQHandler
                0x0000000008000a18                SPI3_IRQHandler
                0x0000000008000a18                OTG_FS_EP1_IN_IRQHandler
                0x0000000008000a18                I2C1_ER_IRQHandler
                0x0000000008000a18                FMC_IRQHandler
                0x0000000008000a18                BDMA_CH1_IRQHandler
                0x0000000008000a18                SWPMI1_IRQHandler
                0x0000000008000a18                LPTIM1_IRQHandler
                0x0000000008000a18                BDMA_CH8_IRQHandler
                0x0000000008000a18                TIM_CC_IRQHandler
                0x0000000008000a18                I2C4_ER_IRQHandler
                0x0000000008000a18                SAI1_IRQHandler
                0x0000000008000a18                RTC_TAMP_STAMP_CSS_LSE_IRQHandler
 .text._ZdlPvj  0x0000000008000a1a        0x4 /home/ghita/st/stm32cubeide_1.11.0/plugins/com.st.stm32cube.ide.mcu.externaltools.gnu-tools-for-stm32.10.3-2021.10.linux64_1.0.100.202210260954/tools/bin/../lib/gcc/arm-none-eabi/10.3.1/../../../../arm-none-eabi/lib/thumb/v7e-m+dp/hard/libstdc++_nano.a(del_ops.o)
                0x0000000008000a1a                operator delete(void*, unsigned int)
 .text._Znwj    0x0000000008000a1e       0x22 /home/ghita/st/stm32cubeide_1.11.0/plugins/com.st.stm32cube.ide.mcu.externaltools.gnu-tools-for-stm32.10.3-2021.10.linux64_1.0.100.202210260954/tools/bin/../lib/gcc/arm-none-eabi/10.3.1/../../../../arm-none-eabi/lib/thumb/v7e-m+dp/hard/libstdc++_nano.a(new_op.o)
                0x0000000008000a1e                operator new(unsigned int)
 .text.__cxa_pure_virtual
                0x0000000008000a40        0x6 /home/ghita/st/stm32cubeide_1.11.0/plugins/com.st.stm32cube.ide.mcu.externaltools.gnu-tools-for-stm32.10.3-2021.10.linux64_1.0.100.202210260954/tools/bin/../lib/gcc/arm-none-eabi/10.3.1/../../../../arm-none-eabi/lib/thumb/v7e-m+dp/hard/libstdc++_nano.a(pure.o)
                0x0000000008000a40                __cxa_pure_virtual
 .text._ZdlPv   0x0000000008000a46        0x4 /home/ghita/st/stm32cubeide_1.11.0/plugins/com.st.stm32cube.ide.mcu.externaltools.gnu-tools-for-stm32.10.3-2021.10.linux64_1.0.100.202210260954/tools/bin/../lib/gcc/arm-none-eabi/10.3.1/../../../../arm-none-eabi/lib/thumb/v7e-m+dp/hard/libstdc++_nano.a(del_op.o)
                0x0000000008000a46                operator delete(void*)
 .text._ZN10__cxxabiv111__terminateEPFvvE
                0x0000000008000a4a        0x8 /home/ghita/st/stm32cubeide_1.11.0/plugins/com.st.stm32cube.ide.mcu.externaltools.gnu-tools-for-stm32.10.3-2021.10.linux64_1.0.100.202210260954/tools/bin/../lib/gcc/arm-none-eabi/10.3.1/../../../../arm-none-eabi/lib/thumb/v7e-m+dp/hard/libstdc++_nano.a(eh_terminate.o)
                0x0000000008000a4a                __cxxabiv1::__terminate(void (*)())
 *fill*         0x0000000008000a52        0x2 
 .text._ZSt13get_terminatev
                0x0000000008000a54       0x10 /home/ghita/st/stm32cubeide_1.11.0/plugins/com.st.stm32cube.ide.mcu.externaltools.gnu-tools-for-stm32.10.3-2021.10.linux64_1.0.100.202210260954/tools/bin/../lib/gcc/arm-none-eabi/10.3.1/../../../../arm-none-eabi/lib/thumb/v7e-m+dp/hard/libstdc++_nano.a(eh_terminate.o)
                0x0000000008000a54                std::get_terminate()
 .text._ZSt9terminatev
                0x0000000008000a64        0xa /home/ghita/st/stm32cubeide_1.11.0/plugins/com.st.stm32cube.ide.mcu.externaltools.gnu-tools-for-stm32.10.3-2021.10.linux64_1.0.100.202210260954/tools/bin/../lib/gcc/arm-none-eabi/10.3.1/../../../../arm-none-eabi/lib/thumb/v7e-m+dp/hard/libstdc++_nano.a(eh_terminate.o)
                0x0000000008000a64                std::terminate()
 *fill*         0x0000000008000a6e        0x2 
 .text._ZSt15get_new_handlerv
                0x0000000008000a70       0x10 /home/ghita/st/stm32cubeide_1.11.0/plugins/com.st.stm32cube.ide.mcu.externaltools.gnu-tools-for-stm32.10.3-2021.10.linux64_1.0.100.202210260954/tools/bin/../lib/gcc/arm-none-eabi/10.3.1/../../../../arm-none-eabi/lib/thumb/v7e-m+dp/hard/libstdc++_nano.a(new_handler.o)
                0x0000000008000a70                std::get_new_handler()
 .text.abort    0x0000000008000a80        0xe /home/ghita/st/stm32cubeide_1.11.0/plugins/com.st.stm32cube.ide.mcu.externaltools.gnu-tools-for-stm32.10.3-2021.10.linux64_1.0.100.202210260954/tools/bin/../lib/gcc/arm-none-eabi/10.3.1/../../../../arm-none-eabi/lib/thumb/v7e-m+dp/hard/libc_nano.a(lib_a-abort.o)
                0x0000000008000a80                abort
 *fill*         0x0000000008000a8e        0x2 
 .text.__errno  0x0000000008000a90        0xc /home/ghita/st/stm32cubeide_1.11.0/plugins/com.st.stm32cube.ide.mcu.externaltools.gnu-tools-for-stm32.10.3-2021.10.linux64_1.0.100.202210260954/tools/bin/../lib/gcc/arm-none-eabi/10.3.1/../../../../arm-none-eabi/lib/thumb/v7e-m+dp/hard/libc_nano.a(lib_a-errno.o)
                0x0000000008000a90                __errno
 .text.__libc_init_array
                0x0000000008000a9c       0x48 /home/ghita/st/stm32cubeide_1.11.0/plugins/com.st.stm32cube.ide.mcu.externaltools.gnu-tools-for-stm32.10.3-2021.10.linux64_1.0.100.202210260954/tools/bin/../lib/gcc/arm-none-eabi/10.3.1/../../../../arm-none-eabi/lib/thumb/v7e-m+dp/hard/libc_nano.a(lib_a-init.o)
                0x0000000008000a9c                __libc_init_array
 .text.malloc   0x0000000008000ae4       0x10 /home/ghita/st/stm32cubeide_1.11.0/plugins/com.st.stm32cube.ide.mcu.externaltools.gnu-tools-for-stm32.10.3-2021.10.linux64_1.0.100.202210260954/tools/bin/../lib/gcc/arm-none-eabi/10.3.1/../../../../arm-none-eabi/lib/thumb/v7e-m+dp/hard/libc_nano.a(lib_a-malloc.o)
                0x0000000008000ae4                malloc
 .text.free     0x0000000008000af4       0x10 /home/ghita/st/stm32cubeide_1.11.0/plugins/com.st.stm32cube.ide.mcu.externaltools.gnu-tools-for-stm32.10.3-2021.10.linux64_1.0.100.202210260954/tools/bin/../lib/gcc/arm-none-eabi/10.3.1/../../../../arm-none-eabi/lib/thumb/v7e-m+dp/hard/libc_nano.a(lib_a-malloc.o)
                0x0000000008000af4                free
 .text._free_r  0x0000000008000b04       0x98 /home/ghita/st/stm32cubeide_1.11.0/plugins/com.st.stm32cube.ide.mcu.externaltools.gnu-tools-for-stm32.10.3-2021.10.linux64_1.0.100.202210260954/tools/bin/../lib/gcc/arm-none-eabi/10.3.1/../../../../arm-none-eabi/lib/thumb/v7e-m+dp/hard/libc_nano.a(lib_a-nano-freer.o)
                0x0000000008000b04                _free_r
 .text.sbrk_aligned
                0x0000000008000b9c       0x40 /home/ghita/st/stm32cubeide_1.11.0/plugins/com.st.stm32cube.ide.mcu.externaltools.gnu-tools-for-stm32.10.3-2021.10.linux64_1.0.100.202210260954/tools/bin/../lib/gcc/arm-none-eabi/10.3.1/../../../../arm-none-eabi/lib/thumb/v7e-m+dp/hard/libc_nano.a(lib_a-nano-mallocr.o)
 .text._malloc_r
                0x0000000008000bdc       0xe8 /home/ghita/st/stm32cubeide_1.11.0/plugins/com.st.stm32cube.ide.mcu.externaltools.gnu-tools-for-stm32.10.3-2021.10.linux64_1.0.100.202210260954/tools/bin/../lib/gcc/arm-none-eabi/10.3.1/../../../../arm-none-eabi/lib/thumb/v7e-m+dp/hard/libc_nano.a(lib_a-nano-mallocr.o)
                0x0000000008000bdc                _malloc_r
 .text._sbrk_r  0x0000000008000cc4       0x20 /home/ghita/st/stm32cubeide_1.11.0/plugins/com.st.stm32cube.ide.mcu.externaltools.gnu-tools-for-stm32.10.3-2021.10.linux64_1.0.100.202210260954/tools/bin/../lib/gcc/arm-none-eabi/10.3.1/../../../../arm-none-eabi/lib/thumb/v7e-m+dp/hard/libc_nano.a(lib_a-sbrkr.o)
                0x0000000008000cc4                _sbrk_r
 .text._raise_r
                0x0000000008000ce4       0x50 /home/ghita/st/stm32cubeide_1.11.0/plugins/com.st.stm32cube.ide.mcu.externaltools.gnu-tools-for-stm32.10.3-2021.10.linux64_1.0.100.202210260954/tools/bin/../lib/gcc/arm-none-eabi/10.3.1/../../../../arm-none-eabi/lib/thumb/v7e-m+dp/hard/libc_nano.a(lib_a-signal.o)
                0x0000000008000ce4                _raise_r
 .text.raise    0x0000000008000d34       0x10 /home/ghita/st/stm32cubeide_1.11.0/plugins/com.st.stm32cube.ide.mcu.externaltools.gnu-tools-for-stm32.10.3-2021.10.linux64_1.0.100.202210260954/tools/bin/../lib/gcc/arm-none-eabi/10.3.1/../../../../arm-none-eabi/lib/thumb/v7e-m+dp/hard/libc_nano.a(lib_a-signal.o)
                0x0000000008000d34                raise
 .text._kill_r  0x0000000008000d44       0x24 /home/ghita/st/stm32cubeide_1.11.0/plugins/com.st.stm32cube.ide.mcu.externaltools.gnu-tools-for-stm32.10.3-2021.10.linux64_1.0.100.202210260954/tools/bin/../lib/gcc/arm-none-eabi/10.3.1/../../../../arm-none-eabi/lib/thumb/v7e-m+dp/hard/libc_nano.a(lib_a-signalr.o)
                0x0000000008000d44                _kill_r
 .text._getpid_r
                0x0000000008000d68        0x4 /home/ghita/st/stm32cubeide_1.11.0/plugins/com.st.stm32cube.ide.mcu.externaltools.gnu-tools-for-stm32.10.3-2021.10.linux64_1.0.100.202210260954/tools/bin/../lib/gcc/arm-none-eabi/10.3.1/../../../../arm-none-eabi/lib/thumb/v7e-m+dp/hard/libc_nano.a(lib_a-signalr.o)
                0x0000000008000d68                _getpid_r
 .text.__malloc_lock
                0x0000000008000d6c        0xc /home/ghita/st/stm32cubeide_1.11.0/plugins/com.st.stm32cube.ide.mcu.externaltools.gnu-tools-for-stm32.10.3-2021.10.linux64_1.0.100.202210260954/tools/bin/../lib/gcc/arm-none-eabi/10.3.1/../../../../arm-none-eabi/lib/thumb/v7e-m+dp/hard/libc_nano.a(lib_a-mlock.o)
                0x0000000008000d6c                __malloc_lock
 .text.__malloc_unlock
                0x0000000008000d78        0xc /home/ghita/st/stm32cubeide_1.11.0/plugins/com.st.stm32cube.ide.mcu.externaltools.gnu-tools-for-stm32.10.3-2021.10.linux64_1.0.100.202210260954/tools/bin/../lib/gcc/arm-none-eabi/10.3.1/../../../../arm-none-eabi/lib/thumb/v7e-m+dp/hard/libc_nano.a(lib_a-mlock.o)
                0x0000000008000d78                __malloc_unlock
 .text.__retarget_lock_acquire_recursive
                0x0000000008000d84        0x2 /home/ghita/st/stm32cubeide_1.11.0/plugins/com.st.stm32cube.ide.mcu.externaltools.gnu-tools-for-stm32.10.3-2021.10.linux64_1.0.100.202210260954/tools/bin/../lib/gcc/arm-none-eabi/10.3.1/../../../../arm-none-eabi/lib/thumb/v7e-m+dp/hard/libc_nano.a(lib_a-lock.o)
                0x0000000008000d84                __retarget_lock_acquire_recursive
 .text.__retarget_lock_release_recursive
                0x0000000008000d86        0x2 /home/ghita/st/stm32cubeide_1.11.0/plugins/com.st.stm32cube.ide.mcu.externaltools.gnu-tools-for-stm32.10.3-2021.10.linux64_1.0.100.202210260954/tools/bin/../lib/gcc/arm-none-eabi/10.3.1/../../../../arm-none-eabi/lib/thumb/v7e-m+dp/hard/libc_nano.a(lib_a-lock.o)
                0x0000000008000d86                __retarget_lock_release_recursive
 *(.glue_7)
 .glue_7        0x0000000008000d88        0x0 linker stubs
 *(.glue_7t)
 .glue_7t       0x0000000008000d88        0x0 linker stubs
 *(.eh_frame)
 .eh_frame      0x0000000008000d88        0x0 /home/ghita/st/stm32cubeide_1.11.0/plugins/com.st.stm32cube.ide.mcu.externaltools.gnu-tools-for-stm32.10.3-2021.10.linux64_1.0.100.202210260954/tools/bin/../lib/gcc/arm-none-eabi/10.3.1/thumb/v7e-m+dp/hard/crtbegin.o
 *(.init)
 .init          0x0000000008000d88        0x4 /home/ghita/st/stm32cubeide_1.11.0/plugins/com.st.stm32cube.ide.mcu.externaltools.gnu-tools-for-stm32.10.3-2021.10.linux64_1.0.100.202210260954/tools/bin/../lib/gcc/arm-none-eabi/10.3.1/thumb/v7e-m+dp/hard/crti.o
                0x0000000008000d88                _init
 .init          0x0000000008000d8c        0x8 /home/ghita/st/stm32cubeide_1.11.0/plugins/com.st.stm32cube.ide.mcu.externaltools.gnu-tools-for-stm32.10.3-2021.10.linux64_1.0.100.202210260954/tools/bin/../lib/gcc/arm-none-eabi/10.3.1/thumb/v7e-m+dp/hard/crtn.o
 *(.fini)
 .fini          0x0000000008000d94        0x4 /home/ghita/st/stm32cubeide_1.11.0/plugins/com.st.stm32cube.ide.mcu.externaltools.gnu-tools-for-stm32.10.3-2021.10.linux64_1.0.100.202210260954/tools/bin/../lib/gcc/arm-none-eabi/10.3.1/thumb/v7e-m+dp/hard/crti.o
                0x0000000008000d94                _fini
 .fini          0x0000000008000d98        0x8 /home/ghita/st/stm32cubeide_1.11.0/plugins/com.st.stm32cube.ide.mcu.externaltools.gnu-tools-for-stm32.10.3-2021.10.linux64_1.0.100.202210260954/tools/bin/../lib/gcc/arm-none-eabi/10.3.1/thumb/v7e-m+dp/hard/crtn.o
                0x0000000008000da0                . = ALIGN (0x4)
                0x0000000008000da0                _etext = .

.vfp11_veneer   0x0000000008000da0        0x0
 .vfp11_veneer  0x0000000008000da0        0x0 linker stubs

.v4_bx          0x0000000008000da0        0x0
 .v4_bx         0x0000000008000da0        0x0 linker stubs

.iplt           0x0000000008000da0        0x0
 .iplt          0x0000000008000da0        0x0 /home/ghita/st/stm32cubeide_1.11.0/plugins/com.st.stm32cube.ide.mcu.externaltools.gnu-tools-for-stm32.10.3-2021.10.linux64_1.0.100.202210260954/tools/bin/../lib/gcc/arm-none-eabi/10.3.1/thumb/v7e-m+dp/hard/crtbegin.o

.rodata         0x0000000008000da0       0x84
                0x0000000008000da0                . = ALIGN (0x4)
 *(.rodata)
 *(.rodata*)
 .rodata._ZTV3App
                0x0000000008000da0       0x10 ./Src/main.o
                0x0000000008000da0                vtable for App
 .rodata._ZTV3Rcc
                0x0000000008000db0       0x14 ./Src/main.o
                0x0000000008000db0                vtable for Rcc
 .rodata._ZTV3Can
                0x0000000008000dc4       0x14 ./Src/main.o
                0x0000000008000dc4                vtable for Can
 .rodata._ZTV5Timer
                0x0000000008000dd8       0x14 ./Src/main.o
                0x0000000008000dd8                vtable for Timer
 .rodata._ZTV3Dio
                0x0000000008000dec       0x14 ./Src/main.o
                0x0000000008000dec                vtable for Dio
 .rodata._ZTV4Port
                0x0000000008000e00        0xc ./Src/main.o
                0x0000000008000e00                vtable for Port
 .rodata._ZTV3Pin
                0x0000000008000e0c        0xc ./Src/main.o
                0x0000000008000e0c                vtable for Pin
 .rodata._ZTV6Device
                0x0000000008000e18        0xc ./Src/main.o
                0x0000000008000e18                vtable for Device
                0x0000000008000e24                . = ALIGN (0x4)

.rel.dyn        0x0000000008000e24        0x0
 .rel.iplt      0x0000000008000e24        0x0 /home/ghita/st/stm32cubeide_1.11.0/plugins/com.st.stm32cube.ide.mcu.externaltools.gnu-tools-for-stm32.10.3-2021.10.linux64_1.0.100.202210260954/tools/bin/../lib/gcc/arm-none-eabi/10.3.1/thumb/v7e-m+dp/hard/crtbegin.o

.ARM.extab
 *(.ARM.extab* .gnu.linkonce.armextab.*)

.ARM            0x0000000008000e24        0x0
                0x0000000008000e24                __exidx_start = .
 *(.ARM.exidx*)
                0x0000000008000e24                __exidx_end = .

.preinit_array  0x0000000008000e24        0x0
                0x0000000008000e24                PROVIDE (__preinit_array_start = .)
 *(.preinit_array*)
                0x0000000008000e24                PROVIDE (__preinit_array_end = .)

.init_array     0x0000000008000e24        0x4
                0x0000000008000e24                PROVIDE (__init_array_start = .)
 *(SORT_BY_NAME(.init_array.*))
 *(.init_array*)
 .init_array    0x0000000008000e24        0x4 /home/ghita/st/stm32cubeide_1.11.0/plugins/com.st.stm32cube.ide.mcu.externaltools.gnu-tools-for-stm32.10.3-2021.10.linux64_1.0.100.202210260954/tools/bin/../lib/gcc/arm-none-eabi/10.3.1/thumb/v7e-m+dp/hard/crtbegin.o
                0x0000000008000e28                PROVIDE (__init_array_end = .)

.fini_array     0x0000000008000e28        0x4
                [!provide]                        PROVIDE (__fini_array_start = .)
 *(SORT_BY_NAME(.fini_array.*))
 *(.fini_array*)
 .fini_array    0x0000000008000e28        0x4 /home/ghita/st/stm32cubeide_1.11.0/plugins/com.st.stm32cube.ide.mcu.externaltools.gnu-tools-for-stm32.10.3-2021.10.linux64_1.0.100.202210260954/tools/bin/../lib/gcc/arm-none-eabi/10.3.1/thumb/v7e-m+dp/hard/crtbegin.o
                [!provide]                        PROVIDE (__fini_array_end = .)
                0x0000000008000e2c                _sidata = LOADADDR (.data)

.data           0x0000000024000000       0x68 load address 0x0000000008000e2c
                0x0000000024000000                . = ALIGN (0x4)
                0x0000000024000000                _sdata = .
 *(.data)
 *(.data*)
 .data._ZN10__cxxabiv119__terminate_handlerE
                0x0000000024000000        0x4 /home/ghita/st/stm32cubeide_1.11.0/plugins/com.st.stm32cube.ide.mcu.externaltools.gnu-tools-for-stm32.10.3-2021.10.linux64_1.0.100.202210260954/tools/bin/../lib/gcc/arm-none-eabi/10.3.1/../../../../arm-none-eabi/lib/thumb/v7e-m+dp/hard/libstdc++_nano.a(eh_term_handler.o)
                0x0000000024000000                __cxxabiv1::__terminate_handler
 .data._impure_ptr
                0x0000000024000004        0x4 /home/ghita/st/stm32cubeide_1.11.0/plugins/com.st.stm32cube.ide.mcu.externaltools.gnu-tools-for-stm32.10.3-2021.10.linux64_1.0.100.202210260954/tools/bin/../lib/gcc/arm-none-eabi/10.3.1/../../../../arm-none-eabi/lib/thumb/v7e-m+dp/hard/libc_nano.a(lib_a-impure.o)
                0x0000000024000004                _impure_ptr
 .data.impure_data
                0x0000000024000008       0x60 /home/ghita/st/stm32cubeide_1.11.0/plugins/com.st.stm32cube.ide.mcu.externaltools.gnu-tools-for-stm32.10.3-2021.10.linux64_1.0.100.202210260954/tools/bin/../lib/gcc/arm-none-eabi/10.3.1/../../../../arm-none-eabi/lib/thumb/v7e-m+dp/hard/libc_nano.a(lib_a-impure.o)
 *(.RamFunc)
 *(.RamFunc*)
                0x0000000024000068                . = ALIGN (0x4)
                0x0000000024000068                _edata = .

.igot.plt       0x0000000024000068        0x0 load address 0x0000000008000e94
 .igot.plt      0x0000000024000068        0x0 /home/ghita/st/stm32cubeide_1.11.0/plugins/com.st.stm32cube.ide.mcu.externaltools.gnu-tools-for-stm32.10.3-2021.10.linux64_1.0.100.202210260954/tools/bin/../lib/gcc/arm-none-eabi/10.3.1/thumb/v7e-m+dp/hard/crtbegin.o
                0x0000000024000068                . = ALIGN (0x4)

.bss            0x0000000024000068       0x34 load address 0x0000000008000e94
                0x0000000024000068                _sbss = .
                0x0000000024000068                __bss_start__ = _sbss
 *(.bss)
 .bss           0x0000000024000068       0x1c /home/ghita/st/stm32cubeide_1.11.0/plugins/com.st.stm32cube.ide.mcu.externaltools.gnu-tools-for-stm32.10.3-2021.10.linux64_1.0.100.202210260954/tools/bin/../lib/gcc/arm-none-eabi/10.3.1/thumb/v7e-m+dp/hard/crtbegin.o
 *(.bss*)
 .bss.__sbrk_heap_end
                0x0000000024000084        0x4 ./Src/sysmem.o
 .bss._ZN12_GLOBAL__N_113__new_handlerE
                0x0000000024000088        0x4 /home/ghita/st/stm32cubeide_1.11.0/plugins/com.st.stm32cube.ide.mcu.externaltools.gnu-tools-for-stm32.10.3-2021.10.linux64_1.0.100.202210260954/tools/bin/../lib/gcc/arm-none-eabi/10.3.1/../../../../arm-none-eabi/lib/thumb/v7e-m+dp/hard/libstdc++_nano.a(new_handler.o)
 .bss.__malloc_free_list
                0x000000002400008c        0x4 /home/ghita/st/stm32cubeide_1.11.0/plugins/com.st.stm32cube.ide.mcu.externaltools.gnu-tools-for-stm32.10.3-2021.10.linux64_1.0.100.202210260954/tools/bin/../lib/gcc/arm-none-eabi/10.3.1/../../../../arm-none-eabi/lib/thumb/v7e-m+dp/hard/libc_nano.a(lib_a-nano-mallocr.o)
                0x000000002400008c                __malloc_free_list
 .bss.__malloc_sbrk_start
                0x0000000024000090        0x4 /home/ghita/st/stm32cubeide_1.11.0/plugins/com.st.stm32cube.ide.mcu.externaltools.gnu-tools-for-stm32.10.3-2021.10.linux64_1.0.100.202210260954/tools/bin/../lib/gcc/arm-none-eabi/10.3.1/../../../../arm-none-eabi/lib/thumb/v7e-m+dp/hard/libc_nano.a(lib_a-nano-mallocr.o)
                0x0000000024000090                __malloc_sbrk_start
 .bss.errno     0x0000000024000094        0x4 /home/ghita/st/stm32cubeide_1.11.0/plugins/com.st.stm32cube.ide.mcu.externaltools.gnu-tools-for-stm32.10.3-2021.10.linux64_1.0.100.202210260954/tools/bin/../lib/gcc/arm-none-eabi/10.3.1/../../../../arm-none-eabi/lib/thumb/v7e-m+dp/hard/libc_nano.a(lib_a-reent.o)
                0x0000000024000094                errno
 .bss.__lock___malloc_recursive_mutex
                0x0000000024000098        0x1 /home/ghita/st/stm32cubeide_1.11.0/plugins/com.st.stm32cube.ide.mcu.externaltools.gnu-tools-for-stm32.10.3-2021.10.linux64_1.0.100.202210260954/tools/bin/../lib/gcc/arm-none-eabi/10.3.1/../../../../arm-none-eabi/lib/thumb/v7e-m+dp/hard/libc_nano.a(lib_a-lock.o)
                0x0000000024000098                __lock___malloc_recursive_mutex
 *(COMMON)
                0x000000002400009c                . = ALIGN (0x4)
 *fill*         0x0000000024000099        0x3 
                0x000000002400009c                _ebss = .
                0x000000002400009c                __bss_end__ = _ebss

._user_heap_stack
                0x000000002400009c      0x604 load address 0x0000000008000e94
                0x00000000240000a0                . = ALIGN (0x8)
 *fill*         0x000000002400009c        0x4 
                [!provide]                        PROVIDE (end = .)
                0x00000000240000a0                PROVIDE (_end = .)
                0x00000000240002a0                . = (. + _Min_Heap_Size)
 *fill*         0x00000000240000a0      0x200 
                0x00000000240006a0                . = (. + _Min_Stack_Size)
 *fill*         0x00000000240002a0      0x400 
                0x00000000240006a0                . = ALIGN (0x8)

/DISCARD/
 libc.a(*)
 libm.a(*)
 libgcc.a(*)

.ARM.attributes
                0x0000000000000000       0x2e
 *(.ARM.attributes)
 .ARM.attributes
                0x0000000000000000       0x1e /home/ghita/st/stm32cubeide_1.11.0/plugins/com.st.stm32cube.ide.mcu.externaltools.gnu-tools-for-stm32.10.3-2021.10.linux64_1.0.100.202210260954/tools/bin/../lib/gcc/arm-none-eabi/10.3.1/thumb/v7e-m+dp/hard/crti.o
 .ARM.attributes
                0x000000000000001e       0x32 /home/ghita/st/stm32cubeide_1.11.0/plugins/com.st.stm32cube.ide.mcu.externaltools.gnu-tools-for-stm32.10.3-2021.10.linux64_1.0.100.202210260954/tools/bin/../lib/gcc/arm-none-eabi/10.3.1/thumb/v7e-m+dp/hard/crtbegin.o
 .ARM.attributes
                0x0000000000000050       0x32 ./Src/main.o
 .ARM.attributes
                0x0000000000000082       0x32 ./Src/syscalls.o
 .ARM.attributes
                0x00000000000000b4       0x32 ./Src/sysmem.o
 .ARM.attributes
                0x00000000000000e6       0x21 ./Startup/startup_stm32h750vbtx.o
 .ARM.attributes
                0x0000000000000107       0x32 /home/ghita/st/stm32cubeide_1.11.0/plugins/com.st.stm32cube.ide.mcu.externaltools.gnu-tools-for-stm32.10.3-2021.10.linux64_1.0.100.202210260954/tools/bin/../lib/gcc/arm-none-eabi/10.3.1/../../../../arm-none-eabi/lib/thumb/v7e-m+dp/hard/libstdc++_nano.a(del_ops.o)
 .ARM.attributes
                0x0000000000000139       0x32 /home/ghita/st/stm32cubeide_1.11.0/plugins/com.st.stm32cube.ide.mcu.externaltools.gnu-tools-for-stm32.10.3-2021.10.linux64_1.0.100.202210260954/tools/bin/../lib/gcc/arm-none-eabi/10.3.1/../../../../arm-none-eabi/lib/thumb/v7e-m+dp/hard/libstdc++_nano.a(new_op.o)
 .ARM.attributes
                0x000000000000016b       0x32 /home/ghita/st/stm32cubeide_1.11.0/plugins/com.st.stm32cube.ide.mcu.externaltools.gnu-tools-for-stm32.10.3-2021.10.linux64_1.0.100.202210260954/tools/bin/../lib/gcc/arm-none-eabi/10.3.1/../../../../arm-none-eabi/lib/thumb/v7e-m+dp/hard/libstdc++_nano.a(pure.o)
 .ARM.attributes
                0x000000000000019d       0x32 /home/ghita/st/stm32cubeide_1.11.0/plugins/com.st.stm32cube.ide.mcu.externaltools.gnu-tools-for-stm32.10.3-2021.10.linux64_1.0.100.202210260954/tools/bin/../lib/gcc/arm-none-eabi/10.3.1/../../../../arm-none-eabi/lib/thumb/v7e-m+dp/hard/libstdc++_nano.a(del_op.o)
 .ARM.attributes
                0x00000000000001cf       0x32 /home/ghita/st/stm32cubeide_1.11.0/plugins/com.st.stm32cube.ide.mcu.externaltools.gnu-tools-for-stm32.10.3-2021.10.linux64_1.0.100.202210260954/tools/bin/../lib/gcc/arm-none-eabi/10.3.1/../../../../arm-none-eabi/lib/thumb/v7e-m+dp/hard/libstdc++_nano.a(eh_terminate.o)
 .ARM.attributes
                0x0000000000000201       0x32 /home/ghita/st/stm32cubeide_1.11.0/plugins/com.st.stm32cube.ide.mcu.externaltools.gnu-tools-for-stm32.10.3-2021.10.linux64_1.0.100.202210260954/tools/bin/../lib/gcc/arm-none-eabi/10.3.1/../../../../arm-none-eabi/lib/thumb/v7e-m+dp/hard/libstdc++_nano.a(new_handler.o)
 .ARM.attributes
                0x0000000000000233       0x32 /home/ghita/st/stm32cubeide_1.11.0/plugins/com.st.stm32cube.ide.mcu.externaltools.gnu-tools-for-stm32.10.3-2021.10.linux64_1.0.100.202210260954/tools/bin/../lib/gcc/arm-none-eabi/10.3.1/../../../../arm-none-eabi/lib/thumb/v7e-m+dp/hard/libstdc++_nano.a(eh_term_handler.o)
 .ARM.attributes
                0x0000000000000265       0x32 /home/ghita/st/stm32cubeide_1.11.0/plugins/com.st.stm32cube.ide.mcu.externaltools.gnu-tools-for-stm32.10.3-2021.10.linux64_1.0.100.202210260954/tools/bin/../lib/gcc/arm-none-eabi/10.3.1/../../../../arm-none-eabi/lib/thumb/v7e-m+dp/hard/libc_nano.a(lib_a-abort.o)
 .ARM.attributes
                0x0000000000000297       0x32 /home/ghita/st/stm32cubeide_1.11.0/plugins/com.st.stm32cube.ide.mcu.externaltools.gnu-tools-for-stm32.10.3-2021.10.linux64_1.0.100.202210260954/tools/bin/../lib/gcc/arm-none-eabi/10.3.1/../../../../arm-none-eabi/lib/thumb/v7e-m+dp/hard/libc_nano.a(lib_a-errno.o)
 .ARM.attributes
                0x00000000000002c9       0x32 /home/ghita/st/stm32cubeide_1.11.0/plugins/com.st.stm32cube.ide.mcu.externaltools.gnu-tools-for-stm32.10.3-2021.10.linux64_1.0.100.202210260954/tools/bin/../lib/gcc/arm-none-eabi/10.3.1/../../../../arm-none-eabi/lib/thumb/v7e-m+dp/hard/libc_nano.a(lib_a-impure.o)
 .ARM.attributes
                0x00000000000002fb       0x32 /home/ghita/st/stm32cubeide_1.11.0/plugins/com.st.stm32cube.ide.mcu.externaltools.gnu-tools-for-stm32.10.3-2021.10.linux64_1.0.100.202210260954/tools/bin/../lib/gcc/arm-none-eabi/10.3.1/../../../../arm-none-eabi/lib/thumb/v7e-m+dp/hard/libc_nano.a(lib_a-init.o)
 .ARM.attributes
                0x000000000000032d       0x32 /home/ghita/st/stm32cubeide_1.11.0/plugins/com.st.stm32cube.ide.mcu.externaltools.gnu-tools-for-stm32.10.3-2021.10.linux64_1.0.100.202210260954/tools/bin/../lib/gcc/arm-none-eabi/10.3.1/../../../../arm-none-eabi/lib/thumb/v7e-m+dp/hard/libc_nano.a(lib_a-malloc.o)
 .ARM.attributes
                0x000000000000035f       0x32 /home/ghita/st/stm32cubeide_1.11.0/plugins/com.st.stm32cube.ide.mcu.externaltools.gnu-tools-for-stm32.10.3-2021.10.linux64_1.0.100.202210260954/tools/bin/../lib/gcc/arm-none-eabi/10.3.1/../../../../arm-none-eabi/lib/thumb/v7e-m+dp/hard/libc_nano.a(lib_a-nano-freer.o)
 .ARM.attributes
                0x0000000000000391       0x32 /home/ghita/st/stm32cubeide_1.11.0/plugins/com.st.stm32cube.ide.mcu.externaltools.gnu-tools-for-stm32.10.3-2021.10.linux64_1.0.100.202210260954/tools/bin/../lib/gcc/arm-none-eabi/10.3.1/../../../../arm-none-eabi/lib/thumb/v7e-m+dp/hard/libc_nano.a(lib_a-nano-mallocr.o)
 .ARM.attributes
                0x00000000000003c3       0x32 /home/ghita/st/stm32cubeide_1.11.0/plugins/com.st.stm32cube.ide.mcu.externaltools.gnu-tools-for-stm32.10.3-2021.10.linux64_1.0.100.202210260954/tools/bin/../lib/gcc/arm-none-eabi/10.3.1/../../../../arm-none-eabi/lib/thumb/v7e-m+dp/hard/libc_nano.a(lib_a-sbrkr.o)
 .ARM.attributes
                0x00000000000003f5       0x32 /home/ghita/st/stm32cubeide_1.11.0/plugins/com.st.stm32cube.ide.mcu.externaltools.gnu-tools-for-stm32.10.3-2021.10.linux64_1.0.100.202210260954/tools/bin/../lib/gcc/arm-none-eabi/10.3.1/../../../../arm-none-eabi/lib/thumb/v7e-m+dp/hard/libc_nano.a(lib_a-signal.o)
 .ARM.attributes
                0x0000000000000427       0x32 /home/ghita/st/stm32cubeide_1.11.0/plugins/com.st.stm32cube.ide.mcu.externaltools.gnu-tools-for-stm32.10.3-2021.10.linux64_1.0.100.202210260954/tools/bin/../lib/gcc/arm-none-eabi/10.3.1/../../../../arm-none-eabi/lib/thumb/v7e-m+dp/hard/libc_nano.a(lib_a-signalr.o)
 .ARM.attributes
                0x0000000000000459       0x32 /home/ghita/st/stm32cubeide_1.11.0/plugins/com.st.stm32cube.ide.mcu.externaltools.gnu-tools-for-stm32.10.3-2021.10.linux64_1.0.100.202210260954/tools/bin/../lib/gcc/arm-none-eabi/10.3.1/../../../../arm-none-eabi/lib/thumb/v7e-m+dp/hard/libc_nano.a(lib_a-mlock.o)
 .ARM.attributes
                0x000000000000048b       0x32 /home/ghita/st/stm32cubeide_1.11.0/plugins/com.st.stm32cube.ide.mcu.externaltools.gnu-tools-for-stm32.10.3-2021.10.linux64_1.0.100.202210260954/tools/bin/../lib/gcc/arm-none-eabi/10.3.1/../../../../arm-none-eabi/lib/thumb/v7e-m+dp/hard/libc_nano.a(lib_a-reent.o)
 .ARM.attributes
                0x00000000000004bd       0x32 /home/ghita/st/stm32cubeide_1.11.0/plugins/com.st.stm32cube.ide.mcu.externaltools.gnu-tools-for-stm32.10.3-2021.10.linux64_1.0.100.202210260954/tools/bin/../lib/gcc/arm-none-eabi/10.3.1/../../../../arm-none-eabi/lib/thumb/v7e-m+dp/hard/libc_nano.a(lib_a-lock.o)
 .ARM.attributes
                0x00000000000004ef       0x1e /home/ghita/st/stm32cubeide_1.11.0/plugins/com.st.stm32cube.ide.mcu.externaltools.gnu-tools-for-stm32.10.3-2021.10.linux64_1.0.100.202210260954/tools/bin/../lib/gcc/arm-none-eabi/10.3.1/thumb/v7e-m+dp/hard/crtn.o
OUTPUT(totalcpp.elf elf32-littlearm)
LOAD linker stubs
LOAD /home/ghita/st/stm32cubeide_1.11.0/plugins/com.st.stm32cube.ide.mcu.externaltools.gnu-tools-for-stm32.10.3-2021.10.linux64_1.0.100.202210260954/tools/bin/../lib/gcc/arm-none-eabi/10.3.1/../../../../arm-none-eabi/lib/thumb/v7e-m+dp/hard/libc.a
LOAD /home/ghita/st/stm32cubeide_1.11.0/plugins/com.st.stm32cube.ide.mcu.externaltools.gnu-tools-for-stm32.10.3-2021.10.linux64_1.0.100.202210260954/tools/bin/../lib/gcc/arm-none-eabi/10.3.1/../../../../arm-none-eabi/lib/thumb/v7e-m+dp/hard/libm.a
LOAD /home/ghita/st/stm32cubeide_1.11.0/plugins/com.st.stm32cube.ide.mcu.externaltools.gnu-tools-for-stm32.10.3-2021.10.linux64_1.0.100.202210260954/tools/bin/../lib/gcc/arm-none-eabi/10.3.1/thumb/v7e-m+dp/hard/libgcc.a

.debug_info     0x0000000000000000     0x1c0e
 .debug_info    0x0000000000000000     0x139b ./Src/main.o
 .debug_info    0x000000000000139b      0x6e0 ./Src/syscalls.o
 .debug_info    0x0000000000001a7b      0x171 ./Src/sysmem.o
 .debug_info    0x0000000000001bec       0x22 ./Startup/startup_stm32h750vbtx.o

.debug_abbrev   0x0000000000000000      0x69c
 .debug_abbrev  0x0000000000000000      0x41c ./Src/main.o
 .debug_abbrev  0x000000000000041c      0x1b3 ./Src/syscalls.o
 .debug_abbrev  0x00000000000005cf       0xbb ./Src/sysmem.o
 .debug_abbrev  0x000000000000068a       0x12 ./Startup/startup_stm32h750vbtx.o

.debug_aranges  0x0000000000000000      0x1f0
 .debug_aranges
                0x0000000000000000      0x100 ./Src/main.o
 .debug_aranges
                0x0000000000000100       0xa8 ./Src/syscalls.o
 .debug_aranges
                0x00000000000001a8       0x20 ./Src/sysmem.o
 .debug_aranges
                0x00000000000001c8       0x28 ./Startup/startup_stm32h750vbtx.o

.debug_ranges   0x0000000000000000      0x1b8
 .debug_ranges  0x0000000000000000       0xf0 ./Src/main.o
 .debug_ranges  0x00000000000000f0       0x98 ./Src/syscalls.o
 .debug_ranges  0x0000000000000188       0x10 ./Src/sysmem.o
 .debug_ranges  0x0000000000000198       0x20 ./Startup/startup_stm32h750vbtx.o

.debug_macro    0x0000000000000000     0x24d5
 .debug_macro   0x0000000000000000       0xee ./Src/main.o
 .debug_macro   0x00000000000000ee      0x24c ./Src/syscalls.o
 .debug_macro   0x000000000000033a      0xa9c ./Src/syscalls.o
 .debug_macro   0x0000000000000dd6       0x4c ./Src/syscalls.o
 .debug_macro   0x0000000000000e22       0x1d ./Src/syscalls.o
 .debug_macro   0x0000000000000e3f       0x94 ./Src/syscalls.o
 .debug_macro   0x0000000000000ed3       0x3c ./Src/syscalls.o
 .debug_macro   0x0000000000000f0f       0x34 ./Src/syscalls.o
 .debug_macro   0x0000000000000f43       0x57 ./Src/syscalls.o
 .debug_macro   0x0000000000000f9a      0x174 ./Src/syscalls.o
 .debug_macro   0x000000000000110e      0x341 ./Src/syscalls.o
 .debug_macro   0x000000000000144f       0x16 ./Src/syscalls.o
 .debug_macro   0x0000000000001465       0x43 ./Src/syscalls.o
 .debug_macro   0x00000000000014a8       0x34 ./Src/syscalls.o
 .debug_macro   0x00000000000014dc       0x10 ./Src/syscalls.o
 .debug_macro   0x00000000000014ec       0x58 ./Src/syscalls.o
 .debug_macro   0x0000000000001544       0x71 ./Src/syscalls.o
 .debug_macro   0x00000000000015b5       0x1c ./Src/syscalls.o
 .debug_macro   0x00000000000015d1      0x12a ./Src/syscalls.o
 .debug_macro   0x00000000000016fb       0x10 ./Src/syscalls.o
 .debug_macro   0x000000000000170b       0x35 ./Src/syscalls.o
 .debug_macro   0x0000000000001740       0x10 ./Src/syscalls.o
 .debug_macro   0x0000000000001750       0x10 ./Src/syscalls.o
 .debug_macro   0x0000000000001760       0x10 ./Src/syscalls.o
 .debug_macro   0x0000000000001770       0x1c ./Src/syscalls.o
 .debug_macro   0x000000000000178c       0x52 ./Src/syscalls.o
 .debug_macro   0x00000000000017de       0x22 ./Src/syscalls.o
 .debug_macro   0x0000000000001800       0x10 ./Src/syscalls.o
 .debug_macro   0x0000000000001810       0x52 ./Src/syscalls.o
 .debug_macro   0x0000000000001862       0xd5 ./Src/syscalls.o
 .debug_macro   0x0000000000001937       0x1c ./Src/syscalls.o
 .debug_macro   0x0000000000001953       0x3d ./Src/syscalls.o
 .debug_macro   0x0000000000001990       0x35 ./Src/syscalls.o
 .debug_macro   0x00000000000019c5      0x12c ./Src/syscalls.o
 .debug_macro   0x0000000000001af1       0x16 ./Src/syscalls.o
 .debug_macro   0x0000000000001b07       0x16 ./Src/syscalls.o
 .debug_macro   0x0000000000001b1d       0x29 ./Src/syscalls.o
 .debug_macro   0x0000000000001b46       0x10 ./Src/syscalls.o
 .debug_macro   0x0000000000001b56      0x241 ./Src/syscalls.o
 .debug_macro   0x0000000000001d97       0x1c ./Src/syscalls.o
 .debug_macro   0x0000000000001db3       0x10 ./Src/syscalls.o
 .debug_macro   0x0000000000001dc3       0x10 ./Src/syscalls.o
 .debug_macro   0x0000000000001dd3       0x16 ./Src/syscalls.o
 .debug_macro   0x0000000000001de9      0x145 ./Src/syscalls.o
 .debug_macro   0x0000000000001f2e      0x189 ./Src/syscalls.o
 .debug_macro   0x00000000000020b7       0x16 ./Src/syscalls.o
 .debug_macro   0x00000000000020cd       0xce ./Src/syscalls.o
 .debug_macro   0x000000000000219b       0xff ./Src/sysmem.o
 .debug_macro   0x000000000000229a      0x23b ./Src/sysmem.o

.debug_line     0x0000000000000000     0x15db
 .debug_line    0x0000000000000000      0x883 ./Src/main.o
 .debug_line    0x0000000000000883      0x7ef ./Src/syscalls.o
 .debug_line    0x0000000000001072      0x4e5 ./Src/sysmem.o
 .debug_line    0x0000000000001557       0x84 ./Startup/startup_stm32h750vbtx.o

.debug_str      0x0000000000000000    0xec23c
 .debug_str     0x0000000000000000    0xe6864 ./Src/main.o
                                      0xe6abb (size before relaxing)
 .debug_str     0x00000000000e6864     0x5937 ./Src/syscalls.o
                                       0x8ac8 (size before relaxing)
 .debug_str     0x00000000000ec19b       0x70 ./Src/sysmem.o
                                       0x5e04 (size before relaxing)
 .debug_str     0x00000000000ec20b       0x31 ./Startup/startup_stm32h750vbtx.o
                                         0x6a (size before relaxing)

.comment        0x0000000000000000       0x50
 .comment       0x0000000000000000       0x50 ./Src/main.o
                                         0x51 (size before relaxing)
 .comment       0x0000000000000050       0x51 ./Src/syscalls.o
 .comment       0x0000000000000050       0x51 ./Src/sysmem.o

.debug_frame    0x0000000000000000      0xc58
 .debug_frame   0x0000000000000000      0x458 ./Src/main.o
 .debug_frame   0x0000000000000458      0x2ac ./Src/syscalls.o
 .debug_frame   0x0000000000000704       0x34 ./Src/sysmem.o
 .debug_frame   0x0000000000000738       0x20 /home/ghita/st/stm32cubeide_1.11.0/plugins/com.st.stm32cube.ide.mcu.externaltools.gnu-tools-for-stm32.10.3-2021.10.linux64_1.0.100.202210260954/tools/bin/../lib/gcc/arm-none-eabi/10.3.1/../../../../arm-none-eabi/lib/thumb/v7e-m+dp/hard/libstdc++_nano.a(del_ops.o)
 .debug_frame   0x0000000000000758       0x28 /home/ghita/st/stm32cubeide_1.11.0/plugins/com.st.stm32cube.ide.mcu.externaltools.gnu-tools-for-stm32.10.3-2021.10.linux64_1.0.100.202210260954/tools/bin/../lib/gcc/arm-none-eabi/10.3.1/../../../../arm-none-eabi/lib/thumb/v7e-m+dp/hard/libstdc++_nano.a(new_op.o)
 .debug_frame   0x0000000000000780       0x40 /home/ghita/st/stm32cubeide_1.11.0/plugins/com.st.stm32cube.ide.mcu.externaltools.gnu-tools-for-stm32.10.3-2021.10.linux64_1.0.100.202210260954/tools/bin/../lib/gcc/arm-none-eabi/10.3.1/../../../../arm-none-eabi/lib/thumb/v7e-m+dp/hard/libstdc++_nano.a(pure.o)
 .debug_frame   0x00000000000007c0       0x20 /home/ghita/st/stm32cubeide_1.11.0/plugins/com.st.stm32cube.ide.mcu.externaltools.gnu-tools-for-stm32.10.3-2021.10.linux64_1.0.100.202210260954/tools/bin/../lib/gcc/arm-none-eabi/10.3.1/../../../../arm-none-eabi/lib/thumb/v7e-m+dp/hard/libstdc++_nano.a(del_op.o)
 .debug_frame   0x00000000000007e0       0xb0 /home/ghita/st/stm32cubeide_1.11.0/plugins/com.st.stm32cube.ide.mcu.externaltools.gnu-tools-for-stm32.10.3-2021.10.linux64_1.0.100.202210260954/tools/bin/../lib/gcc/arm-none-eabi/10.3.1/../../../../arm-none-eabi/lib/thumb/v7e-m+dp/hard/libstdc++_nano.a(eh_terminate.o)
 .debug_frame   0x0000000000000890       0x30 /home/ghita/st/stm32cubeide_1.11.0/plugins/com.st.stm32cube.ide.mcu.externaltools.gnu-tools-for-stm32.10.3-2021.10.linux64_1.0.100.202210260954/tools/bin/../lib/gcc/arm-none-eabi/10.3.1/../../../../arm-none-eabi/lib/thumb/v7e-m+dp/hard/libstdc++_nano.a(new_handler.o)
 .debug_frame   0x00000000000008c0       0x28 /home/ghita/st/stm32cubeide_1.11.0/plugins/com.st.stm32cube.ide.mcu.externaltools.gnu-tools-for-stm32.10.3-2021.10.linux64_1.0.100.202210260954/tools/bin/../lib/gcc/arm-none-eabi/10.3.1/../../../../arm-none-eabi/lib/thumb/v7e-m+dp/hard/libc_nano.a(lib_a-abort.o)
 .debug_frame   0x00000000000008e8       0x20 /home/ghita/st/stm32cubeide_1.11.0/plugins/com.st.stm32cube.ide.mcu.externaltools.gnu-tools-for-stm32.10.3-2021.10.linux64_1.0.100.202210260954/tools/bin/../lib/gcc/arm-none-eabi/10.3.1/../../../../arm-none-eabi/lib/thumb/v7e-m+dp/hard/libc_nano.a(lib_a-errno.o)
 .debug_frame   0x0000000000000908       0x2c /home/ghita/st/stm32cubeide_1.11.0/plugins/com.st.stm32cube.ide.mcu.externaltools.gnu-tools-for-stm32.10.3-2021.10.linux64_1.0.100.202210260954/tools/bin/../lib/gcc/arm-none-eabi/10.3.1/../../../../arm-none-eabi/lib/thumb/v7e-m+dp/hard/libc_nano.a(lib_a-init.o)
 .debug_frame   0x0000000000000934       0x30 /home/ghita/st/stm32cubeide_1.11.0/plugins/com.st.stm32cube.ide.mcu.externaltools.gnu-tools-for-stm32.10.3-2021.10.linux64_1.0.100.202210260954/tools/bin/../lib/gcc/arm-none-eabi/10.3.1/../../../../arm-none-eabi/lib/thumb/v7e-m+dp/hard/libc_nano.a(lib_a-malloc.o)
 .debug_frame   0x0000000000000964       0x38 /home/ghita/st/stm32cubeide_1.11.0/plugins/com.st.stm32cube.ide.mcu.externaltools.gnu-tools-for-stm32.10.3-2021.10.linux64_1.0.100.202210260954/tools/bin/../lib/gcc/arm-none-eabi/10.3.1/../../../../arm-none-eabi/lib/thumb/v7e-m+dp/hard/libc_nano.a(lib_a-nano-freer.o)
 .debug_frame   0x000000000000099c       0x4c /home/ghita/st/stm32cubeide_1.11.0/plugins/com.st.stm32cube.ide.mcu.externaltools.gnu-tools-for-stm32.10.3-2021.10.linux64_1.0.100.202210260954/tools/bin/../lib/gcc/arm-none-eabi/10.3.1/../../../../arm-none-eabi/lib/thumb/v7e-m+dp/hard/libc_nano.a(lib_a-nano-mallocr.o)
 .debug_frame   0x00000000000009e8       0x2c /home/ghita/st/stm32cubeide_1.11.0/plugins/com.st.stm32cube.ide.mcu.externaltools.gnu-tools-for-stm32.10.3-2021.10.linux64_1.0.100.202210260954/tools/bin/../lib/gcc/arm-none-eabi/10.3.1/../../../../arm-none-eabi/lib/thumb/v7e-m+dp/hard/libc_nano.a(lib_a-sbrkr.o)
 .debug_frame   0x0000000000000a14       0xcc /home/ghita/st/stm32cubeide_1.11.0/plugins/com.st.stm32cube.ide.mcu.externaltools.gnu-tools-for-stm32.10.3-2021.10.linux64_1.0.100.202210260954/tools/bin/../lib/gcc/arm-none-eabi/10.3.1/../../../../arm-none-eabi/lib/thumb/v7e-m+dp/hard/libc_nano.a(lib_a-signal.o)
 .debug_frame   0x0000000000000ae0       0x3c /home/ghita/st/stm32cubeide_1.11.0/plugins/com.st.stm32cube.ide.mcu.externaltools.gnu-tools-for-stm32.10.3-2021.10.linux64_1.0.100.202210260954/tools/bin/../lib/gcc/arm-none-eabi/10.3.1/../../../../arm-none-eabi/lib/thumb/v7e-m+dp/hard/libc_nano.a(lib_a-signalr.o)
 .debug_frame   0x0000000000000b1c       0x30 /home/ghita/st/stm32cubeide_1.11.0/plugins/com.st.stm32cube.ide.mcu.externaltools.gnu-tools-for-stm32.10.3-2021.10.linux64_1.0.100.202210260954/tools/bin/../lib/gcc/arm-none-eabi/10.3.1/../../../../arm-none-eabi/lib/thumb/v7e-m+dp/hard/libc_nano.a(lib_a-mlock.o)
 .debug_frame   0x0000000000000b4c       0x5c /home/ghita/st/stm32cubeide_1.11.0/plugins/com.st.stm32cube.ide.mcu.externaltools.gnu-tools-for-stm32.10.3-2021.10.linux64_1.0.100.202210260954/tools/bin/../lib/gcc/arm-none-eabi/10.3.1/../../../../arm-none-eabi/lib/thumb/v7e-m+dp/hard/libc_nano.a(lib_a-reent.o)
 .debug_frame   0x0000000000000ba8       0xb0 /home/ghita/st/stm32cubeide_1.11.0/plugins/com.st.stm32cube.ide.mcu.externaltools.gnu-tools-for-stm32.10.3-2021.10.linux64_1.0.100.202210260954/tools/bin/../lib/gcc/arm-none-eabi/10.3.1/../../../../arm-none-eabi/lib/thumb/v7e-m+dp/hard/libc_nano.a(lib_a-lock.o)
