Archive member included to satisfy reference by file (symbol)

/opt/st/stm32cubeide_1.11.0/plugins/com.st.stm32cube.ide.mcu.externaltools.gnu-tools-for-stm32.10.3-2021.10.linux64_1.0.100.202210260954/tools/bin/../lib/gcc/arm-none-eabi/10.3.1/../../../../arm-none-eabi/lib/thumb/v7e-m+dp/hard/libstdc++_nano.a(new_op.o)
                              ./Src/main.o (operator new(unsigned int))
/opt/st/stm32cubeide_1.11.0/plugins/com.st.stm32cube.ide.mcu.externaltools.gnu-tools-for-stm32.10.3-2021.10.linux64_1.0.100.202210260954/tools/bin/../lib/gcc/arm-none-eabi/10.3.1/../../../../arm-none-eabi/lib/thumb/v7e-m+dp/hard/libstdc++_nano.a(pure.o)
                              ./Src/main.o (__cxa_pure_virtual)
/opt/st/stm32cubeide_1.11.0/plugins/com.st.stm32cube.ide.mcu.externaltools.gnu-tools-for-stm32.10.3-2021.10.linux64_1.0.100.202210260954/tools/bin/../lib/gcc/arm-none-eabi/10.3.1/../../../../arm-none-eabi/lib/thumb/v7e-m+dp/hard/libstdc++_nano.a(eh_terminate.o)
                              /opt/st/stm32cubeide_1.11.0/plugins/com.st.stm32cube.ide.mcu.externaltools.gnu-tools-for-stm32.10.3-2021.10.linux64_1.0.100.202210260954/tools/bin/../lib/gcc/arm-none-eabi/10.3.1/../../../../arm-none-eabi/lib/thumb/v7e-m+dp/hard/libstdc++_nano.a(pure.o) (std::terminate())
/opt/st/stm32cubeide_1.11.0/plugins/com.st.stm32cube.ide.mcu.externaltools.gnu-tools-for-stm32.10.3-2021.10.linux64_1.0.100.202210260954/tools/bin/../lib/gcc/arm-none-eabi/10.3.1/../../../../arm-none-eabi/lib/thumb/v7e-m+dp/hard/libstdc++_nano.a(eh_unex_handler.o)
                              /opt/st/stm32cubeide_1.11.0/plugins/com.st.stm32cube.ide.mcu.externaltools.gnu-tools-for-stm32.10.3-2021.10.linux64_1.0.100.202210260954/tools/bin/../lib/gcc/arm-none-eabi/10.3.1/../../../../arm-none-eabi/lib/thumb/v7e-m+dp/hard/libstdc++_nano.a(eh_terminate.o) (__cxxabiv1::__unexpected_handler)
/opt/st/stm32cubeide_1.11.0/plugins/com.st.stm32cube.ide.mcu.externaltools.gnu-tools-for-stm32.10.3-2021.10.linux64_1.0.100.202210260954/tools/bin/../lib/gcc/arm-none-eabi/10.3.1/../../../../arm-none-eabi/lib/thumb/v7e-m+dp/hard/libstdc++_nano.a(new_handler.o)
                              /opt/st/stm32cubeide_1.11.0/plugins/com.st.stm32cube.ide.mcu.externaltools.gnu-tools-for-stm32.10.3-2021.10.linux64_1.0.100.202210260954/tools/bin/../lib/gcc/arm-none-eabi/10.3.1/../../../../arm-none-eabi/lib/thumb/v7e-m+dp/hard/libstdc++_nano.a(new_op.o) (std::get_new_handler())
/opt/st/stm32cubeide_1.11.0/plugins/com.st.stm32cube.ide.mcu.externaltools.gnu-tools-for-stm32.10.3-2021.10.linux64_1.0.100.202210260954/tools/bin/../lib/gcc/arm-none-eabi/10.3.1/../../../../arm-none-eabi/lib/thumb/v7e-m+dp/hard/libstdc++_nano.a(eh_term_handler.o)
                              /opt/st/stm32cubeide_1.11.0/plugins/com.st.stm32cube.ide.mcu.externaltools.gnu-tools-for-stm32.10.3-2021.10.linux64_1.0.100.202210260954/tools/bin/../lib/gcc/arm-none-eabi/10.3.1/../../../../arm-none-eabi/lib/thumb/v7e-m+dp/hard/libstdc++_nano.a(eh_terminate.o) (__cxxabiv1::__terminate_handler)
/opt/st/stm32cubeide_1.11.0/plugins/com.st.stm32cube.ide.mcu.externaltools.gnu-tools-for-stm32.10.3-2021.10.linux64_1.0.100.202210260954/tools/bin/../lib/gcc/arm-none-eabi/10.3.1/../../../../arm-none-eabi/lib/thumb/v7e-m+dp/hard/libc_nano.a(lib_a-abort.o)
                              /opt/st/stm32cubeide_1.11.0/plugins/com.st.stm32cube.ide.mcu.externaltools.gnu-tools-for-stm32.10.3-2021.10.linux64_1.0.100.202210260954/tools/bin/../lib/gcc/arm-none-eabi/10.3.1/../../../../arm-none-eabi/lib/thumb/v7e-m+dp/hard/libstdc++_nano.a(new_op.o) (abort)
/opt/st/stm32cubeide_1.11.0/plugins/com.st.stm32cube.ide.mcu.externaltools.gnu-tools-for-stm32.10.3-2021.10.linux64_1.0.100.202210260954/tools/bin/../lib/gcc/arm-none-eabi/10.3.1/../../../../arm-none-eabi/lib/thumb/v7e-m+dp/hard/libc_nano.a(lib_a-errno.o)
                              ./Src/syscalls.o (__errno)
/opt/st/stm32cubeide_1.11.0/plugins/com.st.stm32cube.ide.mcu.externaltools.gnu-tools-for-stm32.10.3-2021.10.linux64_1.0.100.202210260954/tools/bin/../lib/gcc/arm-none-eabi/10.3.1/../../../../arm-none-eabi/lib/thumb/v7e-m+dp/hard/libc_nano.a(lib_a-exit.o)
                              /opt/st/stm32cubeide_1.11.0/plugins/com.st.stm32cube.ide.mcu.externaltools.gnu-tools-for-stm32.10.3-2021.10.linux64_1.0.100.202210260954/tools/bin/../lib/gcc/arm-none-eabi/10.3.1/../../../../arm-none-eabi/lib/thumb/v7e-m+dp/hard/crt0.o (exit)
/opt/st/stm32cubeide_1.11.0/plugins/com.st.stm32cube.ide.mcu.externaltools.gnu-tools-for-stm32.10.3-2021.10.linux64_1.0.100.202210260954/tools/bin/../lib/gcc/arm-none-eabi/10.3.1/../../../../arm-none-eabi/lib/thumb/v7e-m+dp/hard/libc_nano.a(lib_a-impure.o)
                              /opt/st/stm32cubeide_1.11.0/plugins/com.st.stm32cube.ide.mcu.externaltools.gnu-tools-for-stm32.10.3-2021.10.linux64_1.0.100.202210260954/tools/bin/../lib/gcc/arm-none-eabi/10.3.1/../../../../arm-none-eabi/lib/thumb/v7e-m+dp/hard/libc_nano.a(lib_a-exit.o) (_global_impure_ptr)
[...]
Memory Configuration

Name             Origin             Length             Attributes
FLASH            0x0000000008000000 0x0000000000020000 xr
DTCMRAM          0x0000000020000000 0x0000000000020000 xrw
RAM_D1           0x0000000024000000 0x0000000000080000 xrw
RAM_D2           0x0000000030000000 0x0000000000048000 xrw
RAM_D3           0x0000000038000000 0x0000000000010000 xrw
ITCMRAM          0x0000000000000000 0x0000000000010000 xrw
*default*        0x0000000000000000 0xffffffffffffffff

Linker script and memory map

LOAD /opt/st/stm32cubeide_1.11.0/plugins/com.st.stm32cube.ide.mcu.externaltools.gnu-tools-for-stm32.10.3-2021.10.linux64_1.0.100.202210260954/tools/bin/../lib/gcc/arm-none-eabi/10.3.1/thumb/v7e-m+dp/hard/crti.o
LOAD /opt/st/stm32cubeide_1.11.0/plugins/com.st.stm32cube.ide.mcu.externaltools.gnu-tools-for-stm32.10.3-2021.10.linux64_1.0.100.202210260954/tools/bin/../lib/gcc/arm-none-eabi/10.3.1/thumb/v7e-m+dp/hard/crtbegin.o
LOAD /opt/st/stm32cubeide_1.11.0/plugins/com.st.stm32cube.ide.mcu.externaltools.gnu-tools-for-stm32.10.3-2021.10.linux64_1.0.100.202210260954/tools/bin/../lib/gcc/arm-none-eabi/10.3.1/../../../../arm-none-eabi/lib/thumb/v7e-m+dp/hard/crt0.o
LOAD ./Src/dio.o
LOAD ./Src/main.o
LOAD ./Src/syscalls.o
LOAD ./Src/sysmem.o
LOAD ./Startup/startup_stm32h750vbtx.o
START GROUP
LOAD /opt/st/stm32cubeide_1.11.0/plugins/com.st.stm32cube.ide.mcu.externaltools.gnu-tools-for-stm32.10.3-2021.10.linux64_1.0.100.202210260954/tools/bin/../lib/gcc/arm-none-eabi/10.3.1/../../../../arm-none-eabi/lib/thumb/v7e-m+dp/hard/libstdc++_nano.a
LOAD /opt/st/stm32cubeide_1.11.0/plugins/com.st.stm32cube.ide.mcu.externaltools.gnu-tools-for-stm32.10.3-2021.10.linux64_1.0.100.202210260954/tools/bin/../lib/gcc/arm-none-eabi/10.3.1/../../../../arm-none-eabi/lib/thumb/v7e-m+dp/hard/libsupc++_nano.a
END GROUP
LOAD /opt/st/stm32cubeide_1.11.0/plugins/com.st.stm32cube.ide.mcu.externaltools.gnu-tools-for-stm32.10.3-2021.10.linux64_1.0.100.202210260954/tools/bin/../lib/gcc/arm-none-eabi/10.3.1/../../../../arm-none-eabi/lib/thumb/v7e-m+dp/hard/libstdc++_nano.a
LOAD /opt/st/stm32cubeide_1.11.0/plugins/com.st.stm32cube.ide.mcu.externaltools.gnu-tools-for-stm32.10.3-2021.10.linux64_1.0.100.202210260954/tools/bin/../lib/gcc/arm-none-eabi/10.3.1/../../../../arm-none-eabi/lib/thumb/v7e-m+dp/hard/libm.a
LOAD /opt/st/stm32cubeide_1.11.0/plugins/com.st.stm32cube.ide.mcu.externaltools.gnu-tools-for-stm32.10.3-2021.10.linux64_1.0.100.202210260954/tools/bin/../lib/gcc/arm-none-eabi/10.3.1/../../../../arm-none-eabi/lib/thumb/v7e-m+dp/hard/libc_nano.a
START GROUP
LOAD /opt/st/stm32cubeide_1.11.0/plugins/com.st.stm32cube.ide.mcu.externaltools.gnu-tools-for-stm32.10.3-2021.10.linux64_1.0.100.202210260954/tools/bin/../lib/gcc/arm-none-eabi/10.3.1/thumb/v7e-m+dp/hard/libgcc.a
LOAD /opt/st/stm32cubeide_1.11.0/plugins/com.st.stm32cube.ide.mcu.externaltools.gnu-tools-for-stm32.10.3-2021.10.linux64_1.0.100.202210260954/tools/bin/../lib/gcc/arm-none-eabi/10.3.1/../../../../arm-none-eabi/lib/thumb/v7e-m+dp/hard/libc_nano.a
END GROUP
START GROUP
LOAD /opt/st/stm32cubeide_1.11.0/plugins/com.st.stm32cube.ide.mcu.externaltools.gnu-tools-for-stm32.10.3-2021.10.linux64_1.0.100.202210260954/tools/bin/../lib/gcc/arm-none-eabi/10.3.1/thumb/v7e-m+dp/hard/libgcc.a
LOAD /opt/st/stm32cubeide_1.11.0/plugins/com.st.stm32cube.ide.mcu.externaltools.gnu-tools-for-stm32.10.3-2021.10.linux64_1.0.100.202210260954/tools/bin/../lib/gcc/arm-none-eabi/10.3.1/../../../../arm-none-eabi/lib/thumb/v7e-m+dp/hard/libc_nano.a
LOAD /opt/st/stm32cubeide_1.11.0/plugins/com.st.stm32cube.ide.mcu.externaltools.gnu-tools-for-stm32.10.3-2021.10.linux64_1.0.100.202210260954/tools/bin/../lib/gcc/arm-none-eabi/10.3.1/../../../../arm-none-eabi/lib/thumb/v7e-m+dp/hard/libnosys.a
END GROUP
START GROUP
LOAD /opt/st/stm32cubeide_1.11.0/plugins/com.st.stm32cube.ide.mcu.externaltools.gnu-tools-for-stm32.10.3-2021.10.linux64_1.0.100.202210260954/tools/bin/../lib/gcc/arm-none-eabi/10.3.1/thumb/v7e-m+dp/hard/libgcc.a
LOAD /opt/st/stm32cubeide_1.11.0/plugins/com.st.stm32cube.ide.mcu.externaltools.gnu-tools-for-stm32.10.3-2021.10.linux64_1.0.100.202210260954/tools/bin/../lib/gcc/arm-none-eabi/10.3.1/../../../../arm-none-eabi/lib/thumb/v7e-m+dp/hard/libc_nano.a
LOAD /opt/st/stm32cubeide_1.11.0/plugins/com.st.stm32cube.ide.mcu.externaltools.gnu-tools-for-stm32.10.3-2021.10.linux64_1.0.100.202210260954/tools/bin/../lib/gcc/arm-none-eabi/10.3.1/../../../../arm-none-eabi/lib/thumb/v7e-m+dp/hard/libnosys.a
END GROUP
LOAD /opt/st/stm32cubeide_1.11.0/plugins/com.st.stm32cube.ide.mcu.externaltools.gnu-tools-for-stm32.10.3-2021.10.linux64_1.0.100.202210260954/tools/bin/../lib/gcc/arm-none-eabi/10.3.1/thumb/v7e-m+dp/hard/crtend.o
LOAD /opt/st/stm32cubeide_1.11.0/plugins/com.st.stm32cube.ide.mcu.externaltools.gnu-tools-for-stm32.10.3-2021.10.linux64_1.0.100.202210260954/tools/bin/../lib/gcc/arm-none-eabi/10.3.1/thumb/v7e-m+dp/hard/crtn.o
                0x0000000024080000                _estack = (ORIGIN (RAM_D1) + LENGTH (RAM_D1))
                0x0000000000000200                _Min_Heap_Size = 0x200
                0x0000000000000400                _Min_Stack_Size = 0x400

.isr_vector     0x0000000008000000      0x298
                0x0000000008000000                . = ALIGN (0x4)
 *(.isr_vector)
 .isr_vector    0x0000000008000000      0x298 ./Startup/startup_stm32h750vbtx.o
                0x0000000008000000                g_pfnVectors
                0x0000000008000298                . = ALIGN (0x4)

.text           0x0000000008000298      0x590
                0x0000000008000298                . = ALIGN (0x4)
 *(.text)
 .text          0x0000000008000298       0x40 /opt/st/stm32cubeide_1.11.0/plugins/com.st.stm32cube.ide.mcu.externaltools.gnu-tools-for-stm32.10.3-2021.10.linux64_1.0.100.202210260954/tools/bin/../lib/gcc/arm-none-eabi/10.3.1/thumb/v7e-m+dp/hard/crtbegin.o
 *(.text*)
 .text._ZN6DriverC2Ev
                0x00000000080002d8       0x20 ./Src/main.o
                0x00000000080002d8                Driver::Driver()
                0x00000000080002d8                Driver::Driver()
 .text._ZN3DioC2Ev
                0x00000000080002f8       0x2c ./Src/main.o
                0x00000000080002f8                Dio::Dio()
                0x00000000080002f8                Dio::Dio()
 .text._ZN3Dio6ToggleEv
                0x0000000008000324       0x22 ./Src/main.o
                0x0000000008000324                Dio::Toggle()
 .text._ZN3Dio5SetupEv
                0x0000000008000346       0x14 ./Src/main.o
                0x0000000008000346                Dio::Setup()
 *fill*         0x000000000800035a        0x2 
 .text._ZN5TimerC2Ev
                0x000000000800035c       0x24 ./Src/main.o
                0x000000000800035c                Timer::Timer()
                0x000000000800035c                Timer::Timer()
 .text._ZN5Timer5SetupEv
                0x0000000008000380       0x14 ./Src/main.o
                0x0000000008000380                Timer::Setup()
 .text._ZN3CanC2Ev
                0x0000000008000394       0x24 ./Src/main.o
                0x0000000008000394                Can::Can()
                0x0000000008000394                Can::Can()
 .text._ZN3Can5SetupEv
                0x00000000080003b8       0x14 ./Src/main.o
                0x00000000080003b8                Can::Setup()
 .text.main     0x00000000080003cc       0x82 ./Src/main.o
                0x00000000080003cc                main
 .text._getpid  0x000000000800044e       0x10 ./Src/syscalls.o
                0x000000000800044e                _getpid
 .text._kill    0x000000000800045e       0x20 ./Src/syscalls.o
                0x000000000800045e                _kill
 .text._exit    0x000000000800047e       0x14 ./Src/syscalls.o
                0x000000000800047e                _exit
 *fill*         0x0000000008000492        0x2 
 .text._sbrk    0x0000000008000494       0x6c ./Src/sysmem.o
                0x0000000008000494                _sbrk
 .text.Reset_Handler
                0x0000000008000500       0x50 ./Startup/startup_stm32h750vbtx.o
                0x0000000008000500                Reset_Handler
 .text.Default_Handler
                0x0000000008000550        0x2 ./Startup/startup_stm32h750vbtx.o
                0x0000000008000550                HASH_RNG_IRQHandler
                0x0000000008000550                EXTI2_IRQHandler
                0x0000000008000550                TIM8_CC_IRQHandler
                0x0000000008000550                DMA_STR2_IRQHandler
                0x0000000008000550                DebugMon_Handler
                0x0000000008000550                UART8_IRQHandler
                0x0000000008000550                SPI4_IRQHandler
                0x0000000008000550                HRTIM1_MST_IRQHandler
                0x0000000008000550                HardFault_Handler
                0x0000000008000550                DMA_STR5_IRQHandler
                0x0000000008000550                HRTIM1_FLT_IRQHandler
                0x0000000008000550                JPEG_IRQHandler
                0x0000000008000550                SysTick_Handler
                0x0000000008000550                DMA2_STR1_IRQHandler
                0x0000000008000550                DMA2_STR5_IRQHandler
                0x0000000008000550                HRTIM1_TIMD_IRQHandler
                0x0000000008000550                PendSV_Handler
                0x0000000008000550                NMI_Handler
                0x0000000008000550                EXTI3_IRQHandler
                0x0000000008000550                LPTIM4_IRQHandler
                0x0000000008000550                TIM8_TRG_COM_TIM14_IRQHandler
                0x0000000008000550                LPTIM2_IRQHandler
                0x0000000008000550                DFSDM1_FLT1_IRQHandler
                0x0000000008000550                DMAMUX2_OVR_IRQHandler
                0x0000000008000550                TIM8_UP_TIM13_IRQHandler
                0x0000000008000550                I2C3_ER_IRQHandler
                0x0000000008000550                DFSDM1_FLT2_IRQHandler
                0x0000000008000550                MDMA_IRQHandler
                0x0000000008000550                LPTIM3_IRQHandler
                0x0000000008000550                EXTI0_IRQHandler
                0x0000000008000550                I2C2_EV_IRQHandler
                0x0000000008000550                FPU_IRQHandler
                0x0000000008000550                DMA_STR1_IRQHandler
                0x0000000008000550                OTG_HS_WKUP_IRQHandler
                0x0000000008000550                FDCAN1_IT1_IRQHandler
                0x0000000008000550                UsageFault_Handler
                0x0000000008000550                LTDC_ER_IRQHandler
                0x0000000008000550                ADC1_2_IRQHandler
                0x0000000008000550                SPI1_IRQHandler
                0x0000000008000550                BDMA_CH2_IRQHandler
                0x0000000008000550                TIM6_DAC_IRQHandler
                0x0000000008000550                DCMI_IRQHandler
                0x0000000008000550                HRTIM1_TIMC_IRQHandler
                0x0000000008000550                SDMMC_IRQHandler
                0x0000000008000550                RTC_ALARM_IRQHandler
                0x0000000008000550                DMA_STR0_IRQHandler
                0x0000000008000550                SAI2_IRQHandler
                0x0000000008000550                DMA2_STR3_IRQHandler
                0x0000000008000550                DFSDM1_FLT3_IRQHandler
                0x0000000008000550                USART6_IRQHandler
                0x0000000008000550                BDMA_CH5_IRQHandler
                0x0000000008000550                TIM17_IRQHandler
                0x0000000008000550                BDMA_CH6_IRQHandler
                0x0000000008000550                USART3_IRQHandler
                0x0000000008000550                WKUP_IRQHandler
                0x0000000008000550                CRYP_IRQHandler
                0x0000000008000550                BDMA_CH3_IRQHandler
                0x0000000008000550                LPTIM5_IRQHandler
                0x0000000008000550                LPUART_IRQHandler
                0x0000000008000550                UART5_IRQHandler
                0x0000000008000550                ADC3_IRQHandler
                0x0000000008000550                DMA_STR6_IRQHandler
                0x0000000008000550                TIM4_IRQHandler
                0x0000000008000550                QUADSPI_IRQHandler
                0x0000000008000550                I2C1_EV_IRQHandler
                0x0000000008000550                DMA1_STR7_IRQHandler
                0x0000000008000550                TIM16_IRQHandler
                0x0000000008000550                UART4_IRQHandler
                0x0000000008000550                TIM3_IRQHandler
                0x0000000008000550                RCC_IRQHandler
                0x0000000008000550                TIM8_BRK_TIM12_IRQHandler
                0x0000000008000550                TIM1_TRG_COM_IRQHandler
                0x0000000008000550                Default_Handler
                0x0000000008000550                HRTIM_TIMB_IRQHandler
                0x0000000008000550                CEC_IRQHandler
                0x0000000008000550                EXTI15_10_IRQHandler
                0x0000000008000550                BDMA_CH4_IRQHandler
                0x0000000008000550                DMA_STR3_IRQHandler
                0x0000000008000550                HRTIM_TIME_IRQHandler
                0x0000000008000550                HRTIM1_TIMA_IRQHandler
                0x0000000008000550                SPI5_IRQHandler
                0x0000000008000550                TIM7_IRQHandler
                0x0000000008000550                SDMMC1_IRQHandler
                0x0000000008000550                TIM5_IRQHandler
                0x0000000008000550                SPDIF_IRQHandler
                0x0000000008000550                TIM15_IRQHandler
                0x0000000008000550                I2C3_EV_IRQHandler
                0x0000000008000550                WWDG1_RST_IRQHandler
                0x0000000008000550                EXTI9_5_IRQHandler
                0x0000000008000550                DMA2_STR4_IRQHandler
                0x0000000008000550                RTC_WKUP_IRQHandler
                0x0000000008000550                DMA2_STR6_IRQHandler
                0x0000000008000550                LTDC_IRQHandler
                0x0000000008000550                SAI3_IRQHandler
                0x0000000008000550                ETH_WKUP_IRQHandler
                0x0000000008000550                PVD_PVM_IRQHandler
                0x0000000008000550                SPI2_IRQHandler
                0x0000000008000550                OTG_HS_EP1_IN_IRQHandler
                0x0000000008000550                MemManage_Handler
                0x0000000008000550                DMA2_STR0_IRQHandler
                0x0000000008000550                SVC_Handler
                0x0000000008000550                CRS_IRQHandler
                0x0000000008000550                EXTI4_IRQHandler
                0x0000000008000550                DMAMUX1_OV_IRQHandler
                0x0000000008000550                FDCAN2_IT1_IRQHandler
                0x0000000008000550                DMA_STR4_IRQHandler
                0x0000000008000550                COMP_IRQHandler
                0x0000000008000550                DMA2_STR2_IRQHandler
                0x0000000008000550                ETH_IRQHandler
                0x0000000008000550                TIM1_UP_IRQHandler
                0x0000000008000550                DMA2_STR7_IRQHandler
                0x0000000008000550                OTG_HS_EP1_OUT_IRQHandler
                0x0000000008000550                SPI6_IRQHandler
                0x0000000008000550                MDIOS_IRQHandler
                0x0000000008000550                I2C4_EV_IRQHandler
                0x0000000008000550                FDCAN2_IT0_IRQHandler
                0x0000000008000550                BDMA_CH7_IRQHandler
                0x0000000008000550                FDCAN1_IT0_IRQHandler
                0x0000000008000550                TIM2_IRQHandler
                0x0000000008000550                HSEM0_IRQHandler
                0x0000000008000550                OTG_FS_WKUP_IRQHandler
                0x0000000008000550                OTG_HS_IRQHandler
                0x0000000008000550                DMA2D_IRQHandler
                0x0000000008000550                TIM1_BRK_IRQHandler
                0x0000000008000550                EXTI1_IRQHandler
                0x0000000008000550                OTG_FS_EP1_OUT_IRQHandler
                0x0000000008000550                UART7_IRQHandler
                0x0000000008000550                MDIOS_WKUP_IRQHandler
                0x0000000008000550                USART2_IRQHandler
                0x0000000008000550                DFSDM1_FLT0_IRQHandler
                0x0000000008000550                SAI4_IRQHandler
                0x0000000008000550                I2C2_ER_IRQHandler
                0x0000000008000550                FLASH_IRQHandler
                0x0000000008000550                WWDG1_IRQHandler
                0x0000000008000550                BusFault_Handler
                0x0000000008000550                USART1_IRQHandler
                0x0000000008000550                OTG_FS_IRQHandler
                0x0000000008000550                SPI3_IRQHandler
                0x0000000008000550                OTG_FS_EP1_IN_IRQHandler
                0x0000000008000550                I2C1_ER_IRQHandler
                0x0000000008000550                FMC_IRQHandler
                0x0000000008000550                BDMA_CH1_IRQHandler
                0x0000000008000550                SWPMI1_IRQHandler
                0x0000000008000550                LPTIM1_IRQHandler
                0x0000000008000550                BDMA_CH8_IRQHandler
                0x0000000008000550                TIM_CC_IRQHandler
                0x0000000008000550                I2C4_ER_IRQHandler
                0x0000000008000550                SAI1_IRQHandler
                0x0000000008000550                RTC_TAMP_STAMP_CSS_LSE_IRQHandler
 .text._Znwj    0x0000000008000552       0x22 /opt/st/stm32cubeide_1.11.0/plugins/com.st.stm32cube.ide.mcu.externaltools.gnu-tools-for-stm32.10.3-2021.10.linux64_1.0.100.202210260954/tools/bin/../lib/gcc/arm-none-eabi/10.3.1/../../../../arm-none-eabi/lib/thumb/v7e-m+dp/hard/libstdc++_nano.a(new_op.o)
                0x0000000008000552                operator new(unsigned int)
 .text.__cxa_pure_virtual
                0x0000000008000574        0x6 /opt/st/stm32cubeide_1.11.0/plugins/com.st.stm32cube.ide.mcu.externaltools.gnu-tools-for-stm32.10.3-2021.10.linux64_1.0.100.202210260954/tools/bin/../lib/gcc/arm-none-eabi/10.3.1/../../../../arm-none-eabi/lib/thumb/v7e-m+dp/hard/libstdc++_nano.a(pure.o)
                0x0000000008000574                __cxa_pure_virtual
 .text._ZN10__cxxabiv111__terminateEPFvvE
                0x000000000800057a        0x8 /opt/st/stm32cubeide_1.11.0/plugins/com.st.stm32cube.ide.mcu.externaltools.gnu-tools-for-stm32.10.3-2021.10.linux64_1.0.100.202210260954/tools/bin/../lib/gcc/arm-none-eabi/10.3.1/../../../../arm-none-eabi/lib/thumb/v7e-m+dp/hard/libstdc++_nano.a(eh_terminate.o)
                0x000000000800057a                __cxxabiv1::__terminate(void (*)())
 *fill*         0x0000000008000582        0x2 
 .text._ZSt13get_terminatev
                0x0000000008000584       0x10 /opt/st/stm32cubeide_1.11.0/plugins/com.st.stm32cube.ide.mcu.externaltools.gnu-tools-for-stm32.10.3-2021.10.linux64_1.0.100.202210260954/tools/bin/../lib/gcc/arm-none-eabi/10.3.1/../../../../arm-none-eabi/lib/thumb/v7e-m+dp/hard/libstdc++_nano.a(eh_terminate.o)
                0x0000000008000584                std::get_terminate()
 .text._ZSt9terminatev
                0x0000000008000594        0xa /opt/st/stm32cubeide_1.11.0/plugins/com.st.stm32cube.ide.mcu.externaltools.gnu-tools-for-stm32.10.3-2021.10.linux64_1.0.100.202210260954/tools/bin/../lib/gcc/arm-none-eabi/10.3.1/../../../../arm-none-eabi/lib/thumb/v7e-m+dp/hard/libstdc++_nano.a(eh_terminate.o)
                0x0000000008000594                std::terminate()
 *fill*         0x000000000800059e        0x2 
 .text._ZSt15get_new_handlerv
                0x00000000080005a0       0x10 /opt/st/stm32cubeide_1.11.0/plugins/com.st.stm32cube.ide.mcu.externaltools.gnu-tools-for-stm32.10.3-2021.10.linux64_1.0.100.202210260954/tools/bin/../lib/gcc/arm-none-eabi/10.3.1/../../../../arm-none-eabi/lib/thumb/v7e-m+dp/hard/libstdc++_nano.a(new_handler.o)
                0x00000000080005a0                std::get_new_handler()
 .text.abort    0x00000000080005b0        0xe /opt/st/stm32cubeide_1.11.0/plugins/com.st.stm32cube.ide.mcu.externaltools.gnu-tools-for-stm32.10.3-2021.10.linux64_1.0.100.202210260954/tools/bin/../lib/gcc/arm-none-eabi/10.3.1/../../../../arm-none-eabi/lib/thumb/v7e-m+dp/hard/libc_nano.a(lib_a-abort.o)
                0x00000000080005b0                abort
 *fill*         0x00000000080005be        0x2 
 .text.__errno  0x00000000080005c0        0xc /opt/st/stm32cubeide_1.11.0/plugins/com.st.stm32cube.ide.mcu.externaltools.gnu-tools-for-stm32.10.3-2021.10.linux64_1.0.100.202210260954/tools/bin/../lib/gcc/arm-none-eabi/10.3.1/../../../../arm-none-eabi/lib/thumb/v7e-m+dp/hard/libc_nano.a(lib_a-errno.o)
                0x00000000080005c0                __errno
 .text.__libc_init_array
                0x00000000080005cc       0x48 /opt/st/stm32cubeide_1.11.0/plugins/com.st.stm32cube.ide.mcu.externaltools.gnu-tools-for-stm32.10.3-2021.10.linux64_1.0.100.202210260954/tools/bin/../lib/gcc/arm-none-eabi/10.3.1/../../../../arm-none-eabi/lib/thumb/v7e-m+dp/hard/libc_nano.a(lib_a-init.o)
                0x00000000080005cc                __libc_init_array
 .text.malloc   0x0000000008000614       0x10 /opt/st/stm32cubeide_1.11.0/plugins/com.st.stm32cube.ide.mcu.externaltools.gnu-tools-for-stm32.10.3-2021.10.linux64_1.0.100.202210260954/tools/bin/../lib/gcc/arm-none-eabi/10.3.1/../../../../arm-none-eabi/lib/thumb/v7e-m+dp/hard/libc_nano.a(lib_a-malloc.o)
                0x0000000008000614                malloc
 .text.sbrk_aligned
                0x0000000008000624       0x40 /opt/st/stm32cubeide_1.11.0/plugins/com.st.stm32cube.ide.mcu.externaltools.gnu-tools-for-stm32.10.3-2021.10.linux64_1.0.100.202210260954/tools/bin/../lib/gcc/arm-none-eabi/10.3.1/../../../../arm-none-eabi/lib/thumb/v7e-m+dp/hard/libc_nano.a(lib_a-nano-mallocr.o)
 .text._malloc_r
                0x0000000008000664       0xe8 /opt/st/stm32cubeide_1.11.0/plugins/com.st.stm32cube.ide.mcu.externaltools.gnu-tools-for-stm32.10.3-2021.10.linux64_1.0.100.202210260954/tools/bin/../lib/gcc/arm-none-eabi/10.3.1/../../../../arm-none-eabi/lib/thumb/v7e-m+dp/hard/libc_nano.a(lib_a-nano-mallocr.o)
                0x0000000008000664                _malloc_r
 .text._sbrk_r  0x000000000800074c       0x20 /opt/st/stm32cubeide_1.11.0/plugins/com.st.stm32cube.ide.mcu.externaltools.gnu-tools-for-stm32.10.3-2021.10.linux64_1.0.100.202210260954/tools/bin/../lib/gcc/arm-none-eabi/10.3.1/../../../../arm-none-eabi/lib/thumb/v7e-m+dp/hard/libc_nano.a(lib_a-sbrkr.o)
                0x000000000800074c                _sbrk_r
 .text._raise_r
                0x000000000800076c       0x50 /opt/st/stm32cubeide_1.11.0/plugins/com.st.stm32cube.ide.mcu.externaltools.gnu-tools-for-stm32.10.3-2021.10.linux64_1.0.100.202210260954/tools/bin/../lib/gcc/arm-none-eabi/10.3.1/../../../../arm-none-eabi/lib/thumb/v7e-m+dp/hard/libc_nano.a(lib_a-signal.o)
                0x000000000800076c                _raise_r
 .text.raise    0x00000000080007bc       0x10 /opt/st/stm32cubeide_1.11.0/plugins/com.st.stm32cube.ide.mcu.externaltools.gnu-tools-for-stm32.10.3-2021.10.linux64_1.0.100.202210260954/tools/bin/../lib/gcc/arm-none-eabi/10.3.1/../../../../arm-none-eabi/lib/thumb/v7e-m+dp/hard/libc_nano.a(lib_a-signal.o)
                0x00000000080007bc                raise
 .text._kill_r  0x00000000080007cc       0x24 /opt/st/stm32cubeide_1.11.0/plugins/com.st.stm32cube.ide.mcu.externaltools.gnu-tools-for-stm32.10.3-2021.10.linux64_1.0.100.202210260954/tools/bin/../lib/gcc/arm-none-eabi/10.3.1/../../../../arm-none-eabi/lib/thumb/v7e-m+dp/hard/libc_nano.a(lib_a-signalr.o)
                0x00000000080007cc                _kill_r
 .text._getpid_r
                0x00000000080007f0        0x4 /opt/st/stm32cubeide_1.11.0/plugins/com.st.stm32cube.ide.mcu.externaltools.gnu-tools-for-stm32.10.3-2021.10.linux64_1.0.100.202210260954/tools/bin/../lib/gcc/arm-none-eabi/10.3.1/../../../../arm-none-eabi/lib/thumb/v7e-m+dp/hard/libc_nano.a(lib_a-signalr.o)
                0x00000000080007f0                _getpid_r
 .text.__malloc_lock
                0x00000000080007f4        0xc /opt/st/stm32cubeide_1.11.0/plugins/com.st.stm32cube.ide.mcu.externaltools.gnu-tools-for-stm32.10.3-2021.10.linux64_1.0.100.202210260954/tools/bin/../lib/gcc/arm-none-eabi/10.3.1/../../../../arm-none-eabi/lib/thumb/v7e-m+dp/hard/libc_nano.a(lib_a-mlock.o)
                0x00000000080007f4                __malloc_lock
 .text.__malloc_unlock
                0x0000000008000800        0xc /opt/st/stm32cubeide_1.11.0/plugins/com.st.stm32cube.ide.mcu.externaltools.gnu-tools-for-stm32.10.3-2021.10.linux64_1.0.100.202210260954/tools/bin/../lib/gcc/arm-none-eabi/10.3.1/../../../../arm-none-eabi/lib/thumb/v7e-m+dp/hard/libc_nano.a(lib_a-mlock.o)
                0x0000000008000800                __malloc_unlock
 .text.__retarget_lock_acquire_recursive
                0x000000000800080c        0x2 /opt/st/stm32cubeide_1.11.0/plugins/com.st.stm32cube.ide.mcu.externaltools.gnu-tools-for-stm32.10.3-2021.10.linux64_1.0.100.202210260954/tools/bin/../lib/gcc/arm-none-eabi/10.3.1/../../../../arm-none-eabi/lib/thumb/v7e-m+dp/hard/libc_nano.a(lib_a-lock.o)
                0x000000000800080c                __retarget_lock_acquire_recursive
 .text.__retarget_lock_release_recursive
                0x000000000800080e        0x2 /opt/st/stm32cubeide_1.11.0/plugins/com.st.stm32cube.ide.mcu.externaltools.gnu-tools-for-stm32.10.3-2021.10.linux64_1.0.100.202210260954/tools/bin/../lib/gcc/arm-none-eabi/10.3.1/../../../../arm-none-eabi/lib/thumb/v7e-m+dp/hard/libc_nano.a(lib_a-lock.o)
                0x000000000800080e                __retarget_lock_release_recursive
 *(.glue_7)
 .glue_7        0x0000000008000810        0x0 linker stubs
 *(.glue_7t)
 .glue_7t       0x0000000008000810        0x0 linker stubs
 *(.eh_frame)
 .eh_frame      0x0000000008000810        0x0 /opt/st/stm32cubeide_1.11.0/plugins/com.st.stm32cube.ide.mcu.externaltools.gnu-tools-for-stm32.10.3-2021.10.linux64_1.0.100.202210260954/tools/bin/../lib/gcc/arm-none-eabi/10.3.1/thumb/v7e-m+dp/hard/crtbegin.o
 *(.init)
 .init          0x0000000008000810        0x4 /opt/st/stm32cubeide_1.11.0/plugins/com.st.stm32cube.ide.mcu.externaltools.gnu-tools-for-stm32.10.3-2021.10.linux64_1.0.100.202210260954/tools/bin/../lib/gcc/arm-none-eabi/10.3.1/thumb/v7e-m+dp/hard/crti.o
                0x0000000008000810                _init
 .init          0x0000000008000814        0x8 /opt/st/stm32cubeide_1.11.0/plugins/com.st.stm32cube.ide.mcu.externaltools.gnu-tools-for-stm32.10.3-2021.10.linux64_1.0.100.202210260954/tools/bin/../lib/gcc/arm-none-eabi/10.3.1/thumb/v7e-m+dp/hard/crtn.o
 *(.fini)
 .fini          0x000000000800081c        0x4 /opt/st/stm32cubeide_1.11.0/plugins/com.st.stm32cube.ide.mcu.externaltools.gnu-tools-for-stm32.10.3-2021.10.linux64_1.0.100.202210260954/tools/bin/../lib/gcc/arm-none-eabi/10.3.1/thumb/v7e-m+dp/hard/crti.o
                0x000000000800081c                _fini
 .fini          0x0000000008000820        0x8 /opt/st/stm32cubeide_1.11.0/plugins/com.st.stm32cube.ide.mcu.externaltools.gnu-tools-for-stm32.10.3-2021.10.linux64_1.0.100.202210260954/tools/bin/../lib/gcc/arm-none-eabi/10.3.1/thumb/v7e-m+dp/hard/crtn.o
                0x0000000008000828                . = ALIGN (0x4)
                0x0000000008000828                _etext = .

.vfp11_veneer   0x0000000008000828        0x0
 .vfp11_veneer  0x0000000008000828        0x0 linker stubs

.v4_bx          0x0000000008000828        0x0
 .v4_bx         0x0000000008000828        0x0 linker stubs

.iplt           0x0000000008000828        0x0
 .iplt          0x0000000008000828        0x0 /opt/st/stm32cubeide_1.11.0/plugins/com.st.stm32cube.ide.mcu.externaltools.gnu-tools-for-stm32.10.3-2021.10.linux64_1.0.100.202210260954/tools/bin/../lib/gcc/arm-none-eabi/10.3.1/thumb/v7e-m+dp/hard/crtbegin.o

.rodata         0x0000000008000828       0x30
                0x0000000008000828                . = ALIGN (0x4)
 *(.rodata)
 *(.rodata*)
 .rodata._ZTV3Can
                0x0000000008000828        0xc ./Src/main.o
                0x0000000008000828                vtable for Can
 .rodata._ZTV5Timer
                0x0000000008000834        0xc ./Src/main.o
                0x0000000008000834                vtable for Timer
 .rodata._ZTV3Dio
                0x0000000008000840        0xc ./Src/main.o
                0x0000000008000840                vtable for Dio
 .rodata._ZTV6Driver
                0x000000000800084c        0xc ./Src/main.o
                0x000000000800084c                vtable for Driver
                0x0000000008000858                . = ALIGN (0x4)

.rel.dyn        0x0000000008000858        0x0
 .rel.iplt      0x0000000008000858        0x0 /opt/st/stm32cubeide_1.11.0/plugins/com.st.stm32cube.ide.mcu.externaltools.gnu-tools-for-stm32.10.3-2021.10.linux64_1.0.100.202210260954/tools/bin/../lib/gcc/arm-none-eabi/10.3.1/thumb/v7e-m+dp/hard/crtbegin.o

.ARM.extab
 *(.ARM.extab* .gnu.linkonce.armextab.*)

.ARM            0x0000000008000858        0x0
                0x0000000008000858                __exidx_start = .
 *(.ARM.exidx*)
                0x0000000008000858                __exidx_end = .

.preinit_array  0x0000000008000858        0x0
                0x0000000008000858                PROVIDE (__preinit_array_start = .)
 *(.preinit_array*)
                0x0000000008000858                PROVIDE (__preinit_array_end = .)

.init_array     0x0000000008000858        0x4
                0x0000000008000858                PROVIDE (__init_array_start = .)
 *(SORT_BY_NAME(.init_array.*))
 *(.init_array*)
 .init_array    0x0000000008000858        0x4 /opt/st/stm32cubeide_1.11.0/plugins/com.st.stm32cube.ide.mcu.externaltools.gnu-tools-for-stm32.10.3-2021.10.linux64_1.0.100.202210260954/tools/bin/../lib/gcc/arm-none-eabi/10.3.1/thumb/v7e-m+dp/hard/crtbegin.o
                0x000000000800085c                PROVIDE (__init_array_end = .)

.fini_array     0x000000000800085c        0x4
                [!provide]                        PROVIDE (__fini_array_start = .)
 *(SORT_BY_NAME(.fini_array.*))
 *(.fini_array*)
 .fini_array    0x000000000800085c        0x4 /opt/st/stm32cubeide_1.11.0/plugins/com.st.stm32cube.ide.mcu.externaltools.gnu-tools-for-stm32.10.3-2021.10.linux64_1.0.100.202210260954/tools/bin/../lib/gcc/arm-none-eabi/10.3.1/thumb/v7e-m+dp/hard/crtbegin.o
                [!provide]                        PROVIDE (__fini_array_end = .)
                0x0000000008000860                _sidata = LOADADDR (.data)

.data           0x0000000024000000       0x68 load address 0x0000000008000860
                0x0000000024000000                . = ALIGN (0x4)
                0x0000000024000000                _sdata = .
 *(.data)
 *(.data*)
 .data._ZN10__cxxabiv119__terminate_handlerE
                0x0000000024000000        0x4 /opt/st/stm32cubeide_1.11.0/plugins/com.st.stm32cube.ide.mcu.externaltools.gnu-tools-for-stm32.10.3-2021.10.linux64_1.0.100.202210260954/tools/bin/../lib/gcc/arm-none-eabi/10.3.1/../../../../arm-none-eabi/lib/thumb/v7e-m+dp/hard/libstdc++_nano.a(eh_term_handler.o)
                0x0000000024000000                __cxxabiv1::__terminate_handler
 .data._impure_ptr
                0x0000000024000004        0x4 /opt/st/stm32cubeide_1.11.0/plugins/com.st.stm32cube.ide.mcu.externaltools.gnu-tools-for-stm32.10.3-2021.10.linux64_1.0.100.202210260954/tools/bin/../lib/gcc/arm-none-eabi/10.3.1/../../../../arm-none-eabi/lib/thumb/v7e-m+dp/hard/libc_nano.a(lib_a-impure.o)
                0x0000000024000004                _impure_ptr
 .data.impure_data
                0x0000000024000008       0x60 /opt/st/stm32cubeide_1.11.0/plugins/com.st.stm32cube.ide.mcu.externaltools.gnu-tools-for-stm32.10.3-2021.10.linux64_1.0.100.202210260954/tools/bin/../lib/gcc/arm-none-eabi/10.3.1/../../../../arm-none-eabi/lib/thumb/v7e-m+dp/hard/libc_nano.a(lib_a-impure.o)
 *(.RamFunc)
 *(.RamFunc*)
                0x0000000024000068                . = ALIGN (0x4)
                0x0000000024000068                _edata = .

.igot.plt       0x0000000024000068        0x0 load address 0x00000000080008c8
 .igot.plt      0x0000000024000068        0x0 /opt/st/stm32cubeide_1.11.0/plugins/com.st.stm32cube.ide.mcu.externaltools.gnu-tools-for-stm32.10.3-2021.10.linux64_1.0.100.202210260954/tools/bin/../lib/gcc/arm-none-eabi/10.3.1/thumb/v7e-m+dp/hard/crtbegin.o
                0x0000000024000068                . = ALIGN (0x4)

.bss            0x0000000024000068       0x34 load address 0x00000000080008c8
                0x0000000024000068                _sbss = .
                0x0000000024000068                __bss_start__ = _sbss
 *(.bss)
 .bss           0x0000000024000068       0x1c /opt/st/stm32cubeide_1.11.0/plugins/com.st.stm32cube.ide.mcu.externaltools.gnu-tools-for-stm32.10.3-2021.10.linux64_1.0.100.202210260954/tools/bin/../lib/gcc/arm-none-eabi/10.3.1/thumb/v7e-m+dp/hard/crtbegin.o
 *(.bss*)
 .bss.__sbrk_heap_end
                0x0000000024000084        0x4 ./Src/sysmem.o
 .bss._ZN12_GLOBAL__N_113__new_handlerE
                0x0000000024000088        0x4 /opt/st/stm32cubeide_1.11.0/plugins/com.st.stm32cube.ide.mcu.externaltools.gnu-tools-for-stm32.10.3-2021.10.linux64_1.0.100.202210260954/tools/bin/../lib/gcc/arm-none-eabi/10.3.1/../../../../arm-none-eabi/lib/thumb/v7e-m+dp/hard/libstdc++_nano.a(new_handler.o)
 .bss.__malloc_free_list
                0x000000002400008c        0x4 /opt/st/stm32cubeide_1.11.0/plugins/com.st.stm32cube.ide.mcu.externaltools.gnu-tools-for-stm32.10.3-2021.10.linux64_1.0.100.202210260954/tools/bin/../lib/gcc/arm-none-eabi/10.3.1/../../../../arm-none-eabi/lib/thumb/v7e-m+dp/hard/libc_nano.a(lib_a-nano-mallocr.o)
                0x000000002400008c                __malloc_free_list
 .bss.__malloc_sbrk_start
                0x0000000024000090        0x4 /opt/st/stm32cubeide_1.11.0/plugins/com.st.stm32cube.ide.mcu.externaltools.gnu-tools-for-stm32.10.3-2021.10.linux64_1.0.100.202210260954/tools/bin/../lib/gcc/arm-none-eabi/10.3.1/../../../../arm-none-eabi/lib/thumb/v7e-m+dp/hard/libc_nano.a(lib_a-nano-mallocr.o)
                0x0000000024000090                __malloc_sbrk_start
 .bss.errno     0x0000000024000094        0x4 /opt/st/stm32cubeide_1.11.0/plugins/com.st.stm32cube.ide.mcu.externaltools.gnu-tools-for-stm32.10.3-2021.10.linux64_1.0.100.202210260954/tools/bin/../lib/gcc/arm-none-eabi/10.3.1/../../../../arm-none-eabi/lib/thumb/v7e-m+dp/hard/libc_nano.a(lib_a-reent.o)
                0x0000000024000094                errno
 .bss.__lock___malloc_recursive_mutex
                0x0000000024000098        0x1 /opt/st/stm32cubeide_1.11.0/plugins/com.st.stm32cube.ide.mcu.externaltools.gnu-tools-for-stm32.10.3-2021.10.linux64_1.0.100.202210260954/tools/bin/../lib/gcc/arm-none-eabi/10.3.1/../../../../arm-none-eabi/lib/thumb/v7e-m+dp/hard/libc_nano.a(lib_a-lock.o)
                0x0000000024000098                __lock___malloc_recursive_mutex
 *(COMMON)
                0x000000002400009c                . = ALIGN (0x4)
 *fill*         0x0000000024000099        0x3 
                0x000000002400009c                _ebss = .
                0x000000002400009c                __bss_end__ = _ebss

._user_heap_stack
                0x000000002400009c      0x604 load address 0x00000000080008c8
                0x00000000240000a0                . = ALIGN (0x8)
 *fill*         0x000000002400009c        0x4 
                [!provide]                        PROVIDE (end = .)
                0x00000000240000a0                PROVIDE (_end = .)
                0x00000000240002a0                . = (. + _Min_Heap_Size)
 *fill*         0x00000000240000a0      0x200 
                0x00000000240006a0                . = (. + _Min_Stack_Size)
 *fill*         0x00000000240002a0      0x400 
                0x00000000240006a0                . = ALIGN (0x8)

/DISCARD/
 libc.a(*)
 libm.a(*)
 libgcc.a(*)

.ARM.attributes
                0x0000000000000000       0x2e
 *(.ARM.attributes)
 .ARM.attributes
                0x0000000000000000       0x1e /opt/st/stm32cubeide_1.11.0/plugins/com.st.stm32cube.ide.mcu.externaltools.gnu-tools-for-stm32.10.3-2021.10.linux64_1.0.100.202210260954/tools/bin/../lib/gcc/arm-none-eabi/10.3.1/thumb/v7e-m+dp/hard/crti.o
 .ARM.attributes
                0x000000000000001e       0x32 /opt/st/stm32cubeide_1.11.0/plugins/com.st.stm32cube.ide.mcu.externaltools.gnu-tools-for-stm32.10.3-2021.10.linux64_1.0.100.202210260954/tools/bin/../lib/gcc/arm-none-eabi/10.3.1/thumb/v7e-m+dp/hard/crtbegin.o
 .ARM.attributes
                0x0000000000000050       0x32 ./Src/main.o
 .ARM.attributes
                0x0000000000000082       0x32 ./Src/syscalls.o
 .ARM.attributes
                0x00000000000000b4       0x32 ./Src/sysmem.o
 .ARM.attributes
                0x00000000000000e6       0x21 ./Startup/startup_stm32h750vbtx.o
 .ARM.attributes
                0x0000000000000107       0x32 /opt/st/stm32cubeide_1.11.0/plugins/com.st.stm32cube.ide.mcu.externaltools.gnu-tools-for-stm32.10.3-2021.10.linux64_1.0.100.202210260954/tools/bin/../lib/gcc/arm-none-eabi/10.3.1/../../../../arm-none-eabi/lib/thumb/v7e-m+dp/hard/libstdc++_nano.a(new_op.o)
 .ARM.attributes
                0x0000000000000139       0x32 /opt/st/stm32cubeide_1.11.0/plugins/com.st.stm32cube.ide.mcu.externaltools.gnu-tools-for-stm32.10.3-2021.10.linux64_1.0.100.202210260954/tools/bin/../lib/gcc/arm-none-eabi/10.3.1/../../../../arm-none-eabi/lib/thumb/v7e-m+dp/hard/libstdc++_nano.a(pure.o)
 .ARM.attributes
                0x000000000000016b       0x32 /opt/st/stm32cubeide_1.11.0/plugins/com.st.stm32cube.ide.mcu.externaltools.gnu-tools-for-stm32.10.3-2021.10.linux64_1.0.100.202210260954/tools/bin/../lib/gcc/arm-none-eabi/10.3.1/../../../../arm-none-eabi/lib/thumb/v7e-m+dp/hard/libstdc++_nano.a(eh_terminate.o)
 .ARM.attributes
                0x000000000000019d       0x32 /opt/st/stm32cubeide_1.11.0/plugins/com.st.stm32cube.ide.mcu.externaltools.gnu-tools-for-stm32.10.3-2021.10.linux64_1.0.100.202210260954/tools/bin/../lib/gcc/arm-none-eabi/10.3.1/../../../../arm-none-eabi/lib/thumb/v7e-m+dp/hard/libstdc++_nano.a(new_handler.o)
 .ARM.attributes
                0x00000000000001cf       0x32 /opt/st/stm32cubeide_1.11.0/plugins/com.st.stm32cube.ide.mcu.externaltools.gnu-tools-for-stm32.10.3-2021.10.linux64_1.0.100.202210260954/tools/bin/../lib/gcc/arm-none-eabi/10.3.1/../../../../arm-none-eabi/lib/thumb/v7e-m+dp/hard/libstdc++_nano.a(eh_term_handler.o)
 .ARM.attributes
                0x0000000000000201       0x32 /opt/st/stm32cubeide_1.11.0/plugins/com.st.stm32cube.ide.mcu.externaltools.gnu-tools-for-stm32.10.3-2021.10.linux64_1.0.100.202210260954/tools/bin/../lib/gcc/arm-none-eabi/10.3.1/../../../../arm-none-eabi/lib/thumb/v7e-m+dp/hard/libc_nano.a(lib_a-abort.o)
 .ARM.attributes
                0x0000000000000233       0x32 /opt/st/stm32cubeide_1.11.0/plugins/com.st.stm32cube.ide.mcu.externaltools.gnu-tools-for-stm32.10.3-2021.10.linux64_1.0.100.202210260954/tools/bin/../lib/gcc/arm-none-eabi/10.3.1/../../../../arm-none-eabi/lib/thumb/v7e-m+dp/hard/libc_nano.a(lib_a-errno.o)
 .ARM.attributes
                0x0000000000000265       0x32 /opt/st/stm32cubeide_1.11.0/plugins/com.st.stm32cube.ide.mcu.externaltools.gnu-tools-for-stm32.10.3-2021.10.linux64_1.0.100.202210260954/tools/bin/../lib/gcc/arm-none-eabi/10.3.1/../../../../arm-none-eabi/lib/thumb/v7e-m+dp/hard/libc_nano.a(lib_a-impure.o)
 .ARM.attributes
                0x0000000000000297       0x32 /opt/st/stm32cubeide_1.11.0/plugins/com.st.stm32cube.ide.mcu.externaltools.gnu-tools-for-stm32.10.3-2021.10.linux64_1.0.100.202210260954/tools/bin/../lib/gcc/arm-none-eabi/10.3.1/../../../../arm-none-eabi/lib/thumb/v7e-m+dp/hard/libc_nano.a(lib_a-init.o)
 .ARM.attributes
                0x00000000000002c9       0x32 /opt/st/stm32cubeide_1.11.0/plugins/com.st.stm32cube.ide.mcu.externaltools.gnu-tools-for-stm32.10.3-2021.10.linux64_1.0.100.202210260954/tools/bin/../lib/gcc/arm-none-eabi/10.3.1/../../../../arm-none-eabi/lib/thumb/v7e-m+dp/hard/libc_nano.a(lib_a-malloc.o)
 .ARM.attributes
                0x00000000000002fb       0x32 /opt/st/stm32cubeide_1.11.0/plugins/com.st.stm32cube.ide.mcu.externaltools.gnu-tools-for-stm32.10.3-2021.10.linux64_1.0.100.202210260954/tools/bin/../lib/gcc/arm-none-eabi/10.3.1/../../../../arm-none-eabi/lib/thumb/v7e-m+dp/hard/libc_nano.a(lib_a-nano-mallocr.o)
 .ARM.attributes
                0x000000000000032d       0x32 /opt/st/stm32cubeide_1.11.0/plugins/com.st.stm32cube.ide.mcu.externaltools.gnu-tools-for-stm32.10.3-2021.10.linux64_1.0.100.202210260954/tools/bin/../lib/gcc/arm-none-eabi/10.3.1/../../../../arm-none-eabi/lib/thumb/v7e-m+dp/hard/libc_nano.a(lib_a-sbrkr.o)
 .ARM.attributes
                0x000000000000035f       0x32 /opt/st/stm32cubeide_1.11.0/plugins/com.st.stm32cube.ide.mcu.externaltools.gnu-tools-for-stm32.10.3-2021.10.linux64_1.0.100.202210260954/tools/bin/../lib/gcc/arm-none-eabi/10.3.1/../../../../arm-none-eabi/lib/thumb/v7e-m+dp/hard/libc_nano.a(lib_a-signal.o)
 .ARM.attributes
                0x0000000000000391       0x32 /opt/st/stm32cubeide_1.11.0/plugins/com.st.stm32cube.ide.mcu.externaltools.gnu-tools-for-stm32.10.3-2021.10.linux64_1.0.100.202210260954/tools/bin/../lib/gcc/arm-none-eabi/10.3.1/../../../../arm-none-eabi/lib/thumb/v7e-m+dp/hard/libc_nano.a(lib_a-signalr.o)
 .ARM.attributes
                0x00000000000003c3       0x32 /opt/st/stm32cubeide_1.11.0/plugins/com.st.stm32cube.ide.mcu.externaltools.gnu-tools-for-stm32.10.3-2021.10.linux64_1.0.100.202210260954/tools/bin/../lib/gcc/arm-none-eabi/10.3.1/../../../../arm-none-eabi/lib/thumb/v7e-m+dp/hard/libc_nano.a(lib_a-mlock.o)
 .ARM.attributes
                0x00000000000003f5       0x32 /opt/st/stm32cubeide_1.11.0/plugins/com.st.stm32cube.ide.mcu.externaltools.gnu-tools-for-stm32.10.3-2021.10.linux64_1.0.100.202210260954/tools/bin/../lib/gcc/arm-none-eabi/10.3.1/../../../../arm-none-eabi/lib/thumb/v7e-m+dp/hard/libc_nano.a(lib_a-reent.o)
 .ARM.attributes
                0x0000000000000427       0x32 /opt/st/stm32cubeide_1.11.0/plugins/com.st.stm32cube.ide.mcu.externaltools.gnu-tools-for-stm32.10.3-2021.10.linux64_1.0.100.202210260954/tools/bin/../lib/gcc/arm-none-eabi/10.3.1/../../../../arm-none-eabi/lib/thumb/v7e-m+dp/hard/libc_nano.a(lib_a-lock.o)
 .ARM.attributes
                0x0000000000000459       0x1e /opt/st/stm32cubeide_1.11.0/plugins/com.st.stm32cube.ide.mcu.externaltools.gnu-tools-for-stm32.10.3-2021.10.linux64_1.0.100.202210260954/tools/bin/../lib/gcc/arm-none-eabi/10.3.1/thumb/v7e-m+dp/hard/crtn.o
OUTPUT(totalcpp.elf elf32-littlearm)
LOAD linker stubs
LOAD /opt/st/stm32cubeide_1.11.0/plugins/com.st.stm32cube.ide.mcu.externaltools.gnu-tools-for-stm32.10.3-2021.10.linux64_1.0.100.202210260954/tools/bin/../lib/gcc/arm-none-eabi/10.3.1/../../../../arm-none-eabi/lib/thumb/v7e-m+dp/hard/libc.a
LOAD /opt/st/stm32cubeide_1.11.0/plugins/com.st.stm32cube.ide.mcu.externaltools.gnu-tools-for-stm32.10.3-2021.10.linux64_1.0.100.202210260954/tools/bin/../lib/gcc/arm-none-eabi/10.3.1/../../../../arm-none-eabi/lib/thumb/v7e-m+dp/hard/libm.a
LOAD /opt/st/stm32cubeide_1.11.0/plugins/com.st.stm32cube.ide.mcu.externaltools.gnu-tools-for-stm32.10.3-2021.10.linux64_1.0.100.202210260954/tools/bin/../lib/gcc/arm-none-eabi/10.3.1/thumb/v7e-m+dp/hard/libgcc.a

.debug_info     0x0000000000000000      0xe5a
 .debug_info    0x0000000000000000      0x5e7 ./Src/main.o
 .debug_info    0x00000000000005e7      0x6e0 ./Src/syscalls.o
 .debug_info    0x0000000000000cc7      0x171 ./Src/sysmem.o
 .debug_info    0x0000000000000e38       0x22 ./Startup/startup_stm32h750vbtx.o

.debug_abbrev   0x0000000000000000      0x4cf
 .debug_abbrev  0x0000000000000000      0x24f ./Src/main.o
 .debug_abbrev  0x000000000000024f      0x1b3 ./Src/syscalls.o
 .debug_abbrev  0x0000000000000402       0xbb ./Src/sysmem.o
 .debug_abbrev  0x00000000000004bd       0x12 ./Startup/startup_stm32h750vbtx.o

.debug_aranges  0x0000000000000000      0x150
 .debug_aranges
                0x0000000000000000       0x60 ./Src/main.o
 .debug_aranges
                0x0000000000000060       0xa8 ./Src/syscalls.o
 .debug_aranges
                0x0000000000000108       0x20 ./Src/sysmem.o
 .debug_aranges
                0x0000000000000128       0x28 ./Startup/startup_stm32h750vbtx.o

.debug_ranges   0x0000000000000000      0x118
 .debug_ranges  0x0000000000000000       0x50 ./Src/main.o
 .debug_ranges  0x0000000000000050       0x98 ./Src/syscalls.o
 .debug_ranges  0x00000000000000e8       0x10 ./Src/sysmem.o
 .debug_ranges  0x00000000000000f8       0x20 ./Startup/startup_stm32h750vbtx.o

.debug_macro    0x0000000000000000     0x24e3
 .debug_macro   0x0000000000000000       0xd4 ./Src/main.o
 .debug_macro   0x00000000000000d4       0x28 ./Src/main.o
 .debug_macro   0x00000000000000fc      0x24c ./Src/syscalls.o
 .debug_macro   0x0000000000000348      0xa9c ./Src/syscalls.o
 .debug_macro   0x0000000000000de4       0x4c ./Src/syscalls.o
 .debug_macro   0x0000000000000e30       0x1d ./Src/syscalls.o
 .debug_macro   0x0000000000000e4d       0x94 ./Src/syscalls.o
 .debug_macro   0x0000000000000ee1       0x3c ./Src/syscalls.o
 .debug_macro   0x0000000000000f1d       0x34 ./Src/syscalls.o
 .debug_macro   0x0000000000000f51       0x57 ./Src/syscalls.o
 .debug_macro   0x0000000000000fa8      0x174 ./Src/syscalls.o
 .debug_macro   0x000000000000111c      0x341 ./Src/syscalls.o
 .debug_macro   0x000000000000145d       0x16 ./Src/syscalls.o
 .debug_macro   0x0000000000001473       0x43 ./Src/syscalls.o
 .debug_macro   0x00000000000014b6       0x34 ./Src/syscalls.o
 .debug_macro   0x00000000000014ea       0x10 ./Src/syscalls.o
 .debug_macro   0x00000000000014fa       0x58 ./Src/syscalls.o
 .debug_macro   0x0000000000001552       0x71 ./Src/syscalls.o
 .debug_macro   0x00000000000015c3       0x1c ./Src/syscalls.o
 .debug_macro   0x00000000000015df      0x12a ./Src/syscalls.o
 .debug_macro   0x0000000000001709       0x10 ./Src/syscalls.o
 .debug_macro   0x0000000000001719       0x35 ./Src/syscalls.o
 .debug_macro   0x000000000000174e       0x10 ./Src/syscalls.o
 .debug_macro   0x000000000000175e       0x10 ./Src/syscalls.o
 .debug_macro   0x000000000000176e       0x10 ./Src/syscalls.o
 .debug_macro   0x000000000000177e       0x1c ./Src/syscalls.o
 .debug_macro   0x000000000000179a       0x52 ./Src/syscalls.o
 .debug_macro   0x00000000000017ec       0x22 ./Src/syscalls.o
 .debug_macro   0x000000000000180e       0x10 ./Src/syscalls.o
 .debug_macro   0x000000000000181e       0x52 ./Src/syscalls.o
 .debug_macro   0x0000000000001870       0xd5 ./Src/syscalls.o
 .debug_macro   0x0000000000001945       0x1c ./Src/syscalls.o
 .debug_macro   0x0000000000001961       0x3d ./Src/syscalls.o
 .debug_macro   0x000000000000199e       0x35 ./Src/syscalls.o
 .debug_macro   0x00000000000019d3      0x12c ./Src/syscalls.o
 .debug_macro   0x0000000000001aff       0x16 ./Src/syscalls.o
 .debug_macro   0x0000000000001b15       0x16 ./Src/syscalls.o
 .debug_macro   0x0000000000001b2b       0x29 ./Src/syscalls.o
 .debug_macro   0x0000000000001b54       0x10 ./Src/syscalls.o
 .debug_macro   0x0000000000001b64      0x241 ./Src/syscalls.o
 .debug_macro   0x0000000000001da5       0x1c ./Src/syscalls.o
 .debug_macro   0x0000000000001dc1       0x10 ./Src/syscalls.o
 .debug_macro   0x0000000000001dd1       0x10 ./Src/syscalls.o
 .debug_macro   0x0000000000001de1       0x16 ./Src/syscalls.o
 .debug_macro   0x0000000000001df7      0x145 ./Src/syscalls.o
 .debug_macro   0x0000000000001f3c      0x189 ./Src/syscalls.o
 .debug_macro   0x00000000000020c5       0x16 ./Src/syscalls.o
 .debug_macro   0x00000000000020db       0xce ./Src/syscalls.o
 .debug_macro   0x00000000000021a9       0xff ./Src/sysmem.o
 .debug_macro   0x00000000000022a8      0x23b ./Src/sysmem.o

.debug_line     0x0000000000000000     0x1218
 .debug_line    0x0000000000000000      0x506 ./Src/main.o
 .debug_line    0x0000000000000506      0x7cc ./Src/syscalls.o
 .debug_line    0x0000000000000cd2      0x4c2 ./Src/sysmem.o
 .debug_line    0x0000000000001194       0x84 ./Startup/startup_stm32h750vbtx.o

.debug_str      0x0000000000000000    0xebd50
 .debug_str     0x0000000000000000    0xe636d ./Src/main.o
                                      0xe6574 (size before relaxing)
 .debug_str     0x00000000000e636d     0x5942 ./Src/syscalls.o
                                       0x8ab2 (size before relaxing)
 .debug_str     0x00000000000ebcaf       0x70 ./Src/sysmem.o
                                       0x5dee (size before relaxing)
 .debug_str     0x00000000000ebd1f       0x31 ./Startup/startup_stm32h750vbtx.o
                                         0x54 (size before relaxing)

.comment        0x0000000000000000       0x50
 .comment       0x0000000000000000       0x50 ./Src/main.o
                                         0x51 (size before relaxing)
 .comment       0x0000000000000050       0x51 ./Src/syscalls.o
 .comment       0x0000000000000050       0x51 ./Src/sysmem.o

.debug_frame    0x0000000000000000      0x8ec
 .debug_frame   0x0000000000000000      0x164 ./Src/main.o
 .debug_frame   0x0000000000000164      0x2ac ./Src/syscalls.o
 .debug_frame   0x0000000000000410       0x34 ./Src/sysmem.o
 .debug_frame   0x0000000000000444       0x28 /opt/st/stm32cubeide_1.11.0/plugins/com.st.stm32cube.ide.mcu.externaltools.gnu-tools-for-stm32.10.3-2021.10.linux64_1.0.100.202210260954/tools/bin/../lib/gcc/arm-none-eabi/10.3.1/../../../../arm-none-eabi/lib/thumb/v7e-m+dp/hard/libstdc++_nano.a(new_op.o)
 .debug_frame   0x000000000000046c       0x40 /opt/st/stm32cubeide_1.11.0/plugins/com.st.stm32cube.ide.mcu.externaltools.gnu-tools-for-stm32.10.3-2021.10.linux64_1.0.100.202210260954/tools/bin/../lib/gcc/arm-none-eabi/10.3.1/../../../../arm-none-eabi/lib/thumb/v7e-m+dp/hard/libstdc++_nano.a(pure.o)
 .debug_frame   0x00000000000004ac       0xb0 /opt/st/stm32cubeide_1.11.0/plugins/com.st.stm32cube.ide.mcu.externaltools.gnu-tools-for-stm32.10.3-2021.10.linux64_1.0.100.202210260954/tools/bin/../lib/gcc/arm-none-eabi/10.3.1/../../../../arm-none-eabi/lib/thumb/v7e-m+dp/hard/libstdc++_nano.a(eh_terminate.o)
 .debug_frame   0x000000000000055c       0x30 /opt/st/stm32cubeide_1.11.0/plugins/com.st.stm32cube.ide.mcu.externaltools.gnu-tools-for-stm32.10.3-2021.10.linux64_1.0.100.202210260954/tools/bin/../lib/gcc/arm-none-eabi/10.3.1/../../../../arm-none-eabi/lib/thumb/v7e-m+dp/hard/libstdc++_nano.a(new_handler.o)
 .debug_frame   0x000000000000058c       0x28 /opt/st/stm32cubeide_1.11.0/plugins/com.st.stm32cube.ide.mcu.externaltools.gnu-tools-for-stm32.10.3-2021.10.linux64_1.0.100.202210260954/tools/bin/../lib/gcc/arm-none-eabi/10.3.1/../../../../arm-none-eabi/lib/thumb/v7e-m+dp/hard/libc_nano.a(lib_a-abort.o)
 .debug_frame   0x00000000000005b4       0x20 /opt/st/stm32cubeide_1.11.0/plugins/com.st.stm32cube.ide.mcu.externaltools.gnu-tools-for-stm32.10.3-2021.10.linux64_1.0.100.202210260954/tools/bin/../lib/gcc/arm-none-eabi/10.3.1/../../../../arm-none-eabi/lib/thumb/v7e-m+dp/hard/libc_nano.a(lib_a-errno.o)
 .debug_frame   0x00000000000005d4       0x2c /opt/st/stm32cubeide_1.11.0/plugins/com.st.stm32cube.ide.mcu.externaltools.gnu-tools-for-stm32.10.3-2021.10.linux64_1.0.100.202210260954/tools/bin/../lib/gcc/arm-none-eabi/10.3.1/../../../../arm-none-eabi/lib/thumb/v7e-m+dp/hard/libc_nano.a(lib_a-init.o)
 .debug_frame   0x0000000000000600       0x30 /opt/st/stm32cubeide_1.11.0/plugins/com.st.stm32cube.ide.mcu.externaltools.gnu-tools-for-stm32.10.3-2021.10.linux64_1.0.100.202210260954/tools/bin/../lib/gcc/arm-none-eabi/10.3.1/../../../../arm-none-eabi/lib/thumb/v7e-m+dp/hard/libc_nano.a(lib_a-malloc.o)
 .debug_frame   0x0000000000000630       0x4c /opt/st/stm32cubeide_1.11.0/plugins/com.st.stm32cube.ide.mcu.externaltools.gnu-tools-for-stm32.10.3-2021.10.linux64_1.0.100.202210260954/tools/bin/../lib/gcc/arm-none-eabi/10.3.1/../../../../arm-none-eabi/lib/thumb/v7e-m+dp/hard/libc_nano.a(lib_a-nano-mallocr.o)
 .debug_frame   0x000000000000067c       0x2c /opt/st/stm32cubeide_1.11.0/plugins/com.st.stm32cube.ide.mcu.externaltools.gnu-tools-for-stm32.10.3-2021.10.linux64_1.0.100.202210260954/tools/bin/../lib/gcc/arm-none-eabi/10.3.1/../../../../arm-none-eabi/lib/thumb/v7e-m+dp/hard/libc_nano.a(lib_a-sbrkr.o)
 .debug_frame   0x00000000000006a8       0xcc /opt/st/stm32cubeide_1.11.0/plugins/com.st.stm32cube.ide.mcu.externaltools.gnu-tools-for-stm32.10.3-2021.10.linux64_1.0.100.202210260954/tools/bin/../lib/gcc/arm-none-eabi/10.3.1/../../../../arm-none-eabi/lib/thumb/v7e-m+dp/hard/libc_nano.a(lib_a-signal.o)
 .debug_frame   0x0000000000000774       0x3c /opt/st/stm32cubeide_1.11.0/plugins/com.st.stm32cube.ide.mcu.externaltools.gnu-tools-for-stm32.10.3-2021.10.linux64_1.0.100.202210260954/tools/bin/../lib/gcc/arm-none-eabi/10.3.1/../../../../arm-none-eabi/lib/thumb/v7e-m+dp/hard/libc_nano.a(lib_a-signalr.o)
 .debug_frame   0x00000000000007b0       0x30 /opt/st/stm32cubeide_1.11.0/plugins/com.st.stm32cube.ide.mcu.externaltools.gnu-tools-for-stm32.10.3-2021.10.linux64_1.0.100.202210260954/tools/bin/../lib/gcc/arm-none-eabi/10.3.1/../../../../arm-none-eabi/lib/thumb/v7e-m+dp/hard/libc_nano.a(lib_a-mlock.o)
 .debug_frame   0x00000000000007e0       0x5c /opt/st/stm32cubeide_1.11.0/plugins/com.st.stm32cube.ide.mcu.externaltools.gnu-tools-for-stm32.10.3-2021.10.linux64_1.0.100.202210260954/tools/bin/../lib/gcc/arm-none-eabi/10.3.1/../../../../arm-none-eabi/lib/thumb/v7e-m+dp/hard/libc_nano.a(lib_a-reent.o)
 .debug_frame   0x000000000000083c       0xb0 /opt/st/stm32cubeide_1.11.0/plugins/com.st.stm32cube.ide.mcu.externaltools.gnu-tools-for-stm32.10.3-2021.10.linux64_1.0.100.202210260954/tools/bin/../lib/gcc/arm-none-eabi/10.3.1/../../../../arm-none-eabi/lib/thumb/v7e-m+dp/hard/libc_nano.a(lib_a-lock.o)
