Archive member included to satisfy reference by file (symbol)

/home/ghita/st/stm32cubeide_1.11.0/plugins/com.st.stm32cube.ide.mcu.externaltools.gnu-tools-for-stm32.10.3-2021.10.linux64_1.0.100.202210260954/tools/bin/../lib/gcc/arm-none-eabi/10.3.1/../../../../arm-none-eabi/lib/thumb/v7e-m+dp/hard/libstdc++_nano.a(new_op.o)
                              ./Src/main.o (operator new(unsigned int))
/home/ghita/st/stm32cubeide_1.11.0/plugins/com.st.stm32cube.ide.mcu.externaltools.gnu-tools-for-stm32.10.3-2021.10.linux64_1.0.100.202210260954/tools/bin/../lib/gcc/arm-none-eabi/10.3.1/../../../../arm-none-eabi/lib/thumb/v7e-m+dp/hard/libstdc++_nano.a(pure.o)
                              ./Src/main.o (__cxa_pure_virtual)
/home/ghita/st/stm32cubeide_1.11.0/plugins/com.st.stm32cube.ide.mcu.externaltools.gnu-tools-for-stm32.10.3-2021.10.linux64_1.0.100.202210260954/tools/bin/../lib/gcc/arm-none-eabi/10.3.1/../../../../arm-none-eabi/lib/thumb/v7e-m+dp/hard/libstdc++_nano.a(eh_terminate.o)
                              /home/ghita/st/stm32cubeide_1.11.0/plugins/com.st.stm32cube.ide.mcu.externaltools.gnu-tools-for-stm32.10.3-2021.10.linux64_1.0.100.202210260954/tools/bin/../lib/gcc/arm-none-eabi/10.3.1/../../../../arm-none-eabi/lib/thumb/v7e-m+dp/hard/libstdc++_nano.a(pure.o) (std::terminate())
/home/ghita/st/stm32cubeide_1.11.0/plugins/com.st.stm32cube.ide.mcu.externaltools.gnu-tools-for-stm32.10.3-2021.10.linux64_1.0.100.202210260954/tools/bin/../lib/gcc/arm-none-eabi/10.3.1/../../../../arm-none-eabi/lib/thumb/v7e-m+dp/hard/libstdc++_nano.a(eh_unex_handler.o)
                              /home/ghita/st/stm32cubeide_1.11.0/plugins/com.st.stm32cube.ide.mcu.externaltools.gnu-tools-for-stm32.10.3-2021.10.linux64_1.0.100.202210260954/tools/bin/../lib/gcc/arm-none-eabi/10.3.1/../../../../arm-none-eabi/lib/thumb/v7e-m+dp/hard/libstdc++_nano.a(eh_terminate.o) (__cxxabiv1::__unexpected_handler)
/home/ghita/st/stm32cubeide_1.11.0/plugins/com.st.stm32cube.ide.mcu.externaltools.gnu-tools-for-stm32.10.3-2021.10.linux64_1.0.100.202210260954/tools/bin/../lib/gcc/arm-none-eabi/10.3.1/../../../../arm-none-eabi/lib/thumb/v7e-m+dp/hard/libstdc++_nano.a(new_handler.o)
                              /home/ghita/st/stm32cubeide_1.11.0/plugins/com.st.stm32cube.ide.mcu.externaltools.gnu-tools-for-stm32.10.3-2021.10.linux64_1.0.100.202210260954/tools/bin/../lib/gcc/arm-none-eabi/10.3.1/../../../../arm-none-eabi/lib/thumb/v7e-m+dp/hard/libstdc++_nano.a(new_op.o) (std::get_new_handler())
/home/ghita/st/stm32cubeide_1.11.0/plugins/com.st.stm32cube.ide.mcu.externaltools.gnu-tools-for-stm32.10.3-2021.10.linux64_1.0.100.202210260954/tools/bin/../lib/gcc/arm-none-eabi/10.3.1/../../../../arm-none-eabi/lib/thumb/v7e-m+dp/hard/libstdc++_nano.a(eh_term_handler.o)
                              /home/ghita/st/stm32cubeide_1.11.0/plugins/com.st.stm32cube.ide.mcu.externaltools.gnu-tools-for-stm32.10.3-2021.10.linux64_1.0.100.202210260954/tools/bin/../lib/gcc/arm-none-eabi/10.3.1/../../../../arm-none-eabi/lib/thumb/v7e-m+dp/hard/libstdc++_nano.a(eh_terminate.o) (__cxxabiv1::__terminate_handler)
/home/ghita/st/stm32cubeide_1.11.0/plugins/com.st.stm32cube.ide.mcu.externaltools.gnu-tools-for-stm32.10.3-2021.10.linux64_1.0.100.202210260954/tools/bin/../lib/gcc/arm-none-eabi/10.3.1/../../../../arm-none-eabi/lib/thumb/v7e-m+dp/hard/libc_nano.a(lib_a-abort.o)
                              /home/ghita/st/stm32cubeide_1.11.0/plugins/com.st.stm32cube.ide.mcu.externaltools.gnu-tools-for-stm32.10.3-2021.10.linux64_1.0.100.202210260954/tools/bin/../lib/gcc/arm-none-eabi/10.3.1/../../../../arm-none-eabi/lib/thumb/v7e-m+dp/hard/libstdc++_nano.a(new_op.o) (abort)
/home/ghita/st/stm32cubeide_1.11.0/plugins/com.st.stm32cube.ide.mcu.externaltools.gnu-tools-for-stm32.10.3-2021.10.linux64_1.0.100.202210260954/tools/bin/../lib/gcc/arm-none-eabi/10.3.1/../../../../arm-none-eabi/lib/thumb/v7e-m+dp/hard/libc_nano.a(lib_a-errno.o)
                              ./Src/syscalls.o (__errno)
/home/ghita/st/stm32cubeide_1.11.0/plugins/com.st.stm32cube.ide.mcu.externaltools.gnu-tools-for-stm32.10.3-2021.10.linux64_1.0.100.202210260954/tools/bin/../lib/gcc/arm-none-eabi/10.3.1/../../../../arm-none-eabi/lib/thumb/v7e-m+dp/hard/libc_nano.a(lib_a-exit.o)
                              /home/ghita/st/stm32cubeide_1.11.0/plugins/com.st.stm32cube.ide.mcu.externaltools.gnu-tools-for-stm32.10.3-2021.10.linux64_1.0.100.202210260954/tools/bin/../lib/gcc/arm-none-eabi/10.3.1/../../../../arm-none-eabi/lib/thumb/v7e-m+dp/hard/crt0.o (exit)
/home/ghita/st/stm32cubeide_1.11.0/plugins/com.st.stm32cube.ide.mcu.externaltools.gnu-tools-for-stm32.10.3-2021.10.linux64_1.0.100.202210260954/tools/bin/../lib/gcc/arm-none-eabi/10.3.1/../../../../arm-none-eabi/lib/thumb/v7e-m+dp/hard/libc_nano.a(lib_a-impure.o)
[...]
Memory Configuration

Name             Origin             Length             Attributes
FLASH            0x0000000008000000 0x0000000000020000 xr
DTCMRAM          0x0000000020000000 0x0000000000020000 xrw
RAM_D1           0x0000000024000000 0x0000000000080000 xrw
RAM_D2           0x0000000030000000 0x0000000000048000 xrw
RAM_D3           0x0000000038000000 0x0000000000010000 xrw
ITCMRAM          0x0000000000000000 0x0000000000010000 xrw
*default*        0x0000000000000000 0xffffffffffffffff

Linker script and memory map

LOAD /home/ghita/st/stm32cubeide_1.11.0/plugins/com.st.stm32cube.ide.mcu.externaltools.gnu-tools-for-stm32.10.3-2021.10.linux64_1.0.100.202210260954/tools/bin/../lib/gcc/arm-none-eabi/10.3.1/thumb/v7e-m+dp/hard/crti.o
LOAD /home/ghita/st/stm32cubeide_1.11.0/plugins/com.st.stm32cube.ide.mcu.externaltools.gnu-tools-for-stm32.10.3-2021.10.linux64_1.0.100.202210260954/tools/bin/../lib/gcc/arm-none-eabi/10.3.1/thumb/v7e-m+dp/hard/crtbegin.o
LOAD /home/ghita/st/stm32cubeide_1.11.0/plugins/com.st.stm32cube.ide.mcu.externaltools.gnu-tools-for-stm32.10.3-2021.10.linux64_1.0.100.202210260954/tools/bin/../lib/gcc/arm-none-eabi/10.3.1/../../../../arm-none-eabi/lib/thumb/v7e-m+dp/hard/crt0.o
LOAD ./Src/dio.o
LOAD ./Src/main.o
LOAD ./Src/syscalls.o
LOAD ./Src/sysmem.o
LOAD ./Startup/startup_stm32h750vbtx.o
START GROUP
LOAD /home/ghita/st/stm32cubeide_1.11.0/plugins/com.st.stm32cube.ide.mcu.externaltools.gnu-tools-for-stm32.10.3-2021.10.linux64_1.0.100.202210260954/tools/bin/../lib/gcc/arm-none-eabi/10.3.1/../../../../arm-none-eabi/lib/thumb/v7e-m+dp/hard/libstdc++_nano.a
LOAD /home/ghita/st/stm32cubeide_1.11.0/plugins/com.st.stm32cube.ide.mcu.externaltools.gnu-tools-for-stm32.10.3-2021.10.linux64_1.0.100.202210260954/tools/bin/../lib/gcc/arm-none-eabi/10.3.1/../../../../arm-none-eabi/lib/thumb/v7e-m+dp/hard/libsupc++_nano.a
END GROUP
LOAD /home/ghita/st/stm32cubeide_1.11.0/plugins/com.st.stm32cube.ide.mcu.externaltools.gnu-tools-for-stm32.10.3-2021.10.linux64_1.0.100.202210260954/tools/bin/../lib/gcc/arm-none-eabi/10.3.1/../../../../arm-none-eabi/lib/thumb/v7e-m+dp/hard/libstdc++_nano.a
LOAD /home/ghita/st/stm32cubeide_1.11.0/plugins/com.st.stm32cube.ide.mcu.externaltools.gnu-tools-for-stm32.10.3-2021.10.linux64_1.0.100.202210260954/tools/bin/../lib/gcc/arm-none-eabi/10.3.1/../../../../arm-none-eabi/lib/thumb/v7e-m+dp/hard/libm.a
LOAD /home/ghita/st/stm32cubeide_1.11.0/plugins/com.st.stm32cube.ide.mcu.externaltools.gnu-tools-for-stm32.10.3-2021.10.linux64_1.0.100.202210260954/tools/bin/../lib/gcc/arm-none-eabi/10.3.1/../../../../arm-none-eabi/lib/thumb/v7e-m+dp/hard/libc_nano.a
START GROUP
LOAD /home/ghita/st/stm32cubeide_1.11.0/plugins/com.st.stm32cube.ide.mcu.externaltools.gnu-tools-for-stm32.10.3-2021.10.linux64_1.0.100.202210260954/tools/bin/../lib/gcc/arm-none-eabi/10.3.1/thumb/v7e-m+dp/hard/libgcc.a
LOAD /home/ghita/st/stm32cubeide_1.11.0/plugins/com.st.stm32cube.ide.mcu.externaltools.gnu-tools-for-stm32.10.3-2021.10.linux64_1.0.100.202210260954/tools/bin/../lib/gcc/arm-none-eabi/10.3.1/../../../../arm-none-eabi/lib/thumb/v7e-m+dp/hard/libc_nano.a
END GROUP
START GROUP
LOAD /home/ghita/st/stm32cubeide_1.11.0/plugins/com.st.stm32cube.ide.mcu.externaltools.gnu-tools-for-stm32.10.3-2021.10.linux64_1.0.100.202210260954/tools/bin/../lib/gcc/arm-none-eabi/10.3.1/thumb/v7e-m+dp/hard/libgcc.a
LOAD /home/ghita/st/stm32cubeide_1.11.0/plugins/com.st.stm32cube.ide.mcu.externaltools.gnu-tools-for-stm32.10.3-2021.10.linux64_1.0.100.202210260954/tools/bin/../lib/gcc/arm-none-eabi/10.3.1/../../../../arm-none-eabi/lib/thumb/v7e-m+dp/hard/libc_nano.a
LOAD /home/ghita/st/stm32cubeide_1.11.0/plugins/com.st.stm32cube.ide.mcu.externaltools.gnu-tools-for-stm32.10.3-2021.10.linux64_1.0.100.202210260954/tools/bin/../lib/gcc/arm-none-eabi/10.3.1/../../../../arm-none-eabi/lib/thumb/v7e-m+dp/hard/libnosys.a
END GROUP
START GROUP
LOAD /home/ghita/st/stm32cubeide_1.11.0/plugins/com.st.stm32cube.ide.mcu.externaltools.gnu-tools-for-stm32.10.3-2021.10.linux64_1.0.100.202210260954/tools/bin/../lib/gcc/arm-none-eabi/10.3.1/thumb/v7e-m+dp/hard/libgcc.a
LOAD /home/ghita/st/stm32cubeide_1.11.0/plugins/com.st.stm32cube.ide.mcu.externaltools.gnu-tools-for-stm32.10.3-2021.10.linux64_1.0.100.202210260954/tools/bin/../lib/gcc/arm-none-eabi/10.3.1/../../../../arm-none-eabi/lib/thumb/v7e-m+dp/hard/libc_nano.a
LOAD /home/ghita/st/stm32cubeide_1.11.0/plugins/com.st.stm32cube.ide.mcu.externaltools.gnu-tools-for-stm32.10.3-2021.10.linux64_1.0.100.202210260954/tools/bin/../lib/gcc/arm-none-eabi/10.3.1/../../../../arm-none-eabi/lib/thumb/v7e-m+dp/hard/libnosys.a
END GROUP
LOAD /home/ghita/st/stm32cubeide_1.11.0/plugins/com.st.stm32cube.ide.mcu.externaltools.gnu-tools-for-stm32.10.3-2021.10.linux64_1.0.100.202210260954/tools/bin/../lib/gcc/arm-none-eabi/10.3.1/thumb/v7e-m+dp/hard/crtend.o
LOAD /home/ghita/st/stm32cubeide_1.11.0/plugins/com.st.stm32cube.ide.mcu.externaltools.gnu-tools-for-stm32.10.3-2021.10.linux64_1.0.100.202210260954/tools/bin/../lib/gcc/arm-none-eabi/10.3.1/thumb/v7e-m+dp/hard/crtn.o
                0x0000000024080000                _estack = (ORIGIN (RAM_D1) + LENGTH (RAM_D1))
                0x0000000000000200                _Min_Heap_Size = 0x200
                0x0000000000000400                _Min_Stack_Size = 0x400

.isr_vector     0x0000000008000000      0x298
                0x0000000008000000                . = ALIGN (0x4)
 *(.isr_vector)
 .isr_vector    0x0000000008000000      0x298 ./Startup/startup_stm32h750vbtx.o
                0x0000000008000000                g_pfnVectors
                0x0000000008000298                . = ALIGN (0x4)

.text           0x0000000008000298      0x6d0
                0x0000000008000298                . = ALIGN (0x4)
 *(.text)
 .text          0x0000000008000298       0x40 /home/ghita/st/stm32cubeide_1.11.0/plugins/com.st.stm32cube.ide.mcu.externaltools.gnu-tools-for-stm32.10.3-2021.10.linux64_1.0.100.202210260954/tools/bin/../lib/gcc/arm-none-eabi/10.3.1/thumb/v7e-m+dp/hard/crtbegin.o
 *(.text*)
 .text._ZN6DeviceC2Ev
                0x00000000080002d8       0x20 ./Src/main.o
                0x00000000080002d8                Device::Device()
                0x00000000080002d8                Device::Device()
 .text._ZN3PinC2Ev
                0x00000000080002f8       0x24 ./Src/main.o
                0x00000000080002f8                Pin::Pin()
                0x00000000080002f8                Pin::Pin()
 .text._ZN3Pin5SetupEv
                0x000000000800031c       0x14 ./Src/main.o
                0x000000000800031c                Pin::Setup()
 .text._ZN4PortC2EP12GPIO_TypeDef
                0x0000000008000330       0x48 ./Src/main.o
                0x0000000008000330                Port::Port(GPIO_TypeDef*)
                0x0000000008000330                Port::Port(GPIO_TypeDef*)
 .text._ZN6DeviceC2ERKS_
                0x0000000008000378       0x24 ./Src/main.o
                0x0000000008000378                Device::Device(Device const&)
                0x0000000008000378                Device::Device(Device const&)
 .text._ZN3PinC2ERKS_
                0x000000000800039c       0x2c ./Src/main.o
                0x000000000800039c                Pin::Pin(Pin const&)
                0x000000000800039c                Pin::Pin(Pin const&)
 .text._ZN4Port5SetupEv
                0x00000000080003c8       0x46 ./Src/main.o
                0x00000000080003c8                Port::Setup()
 *fill*         0x000000000800040e        0x2 
 .text._ZN3DioC2Ev
                0x0000000008000410       0x4c ./Src/main.o
                0x0000000008000410                Dio::Dio()
                0x0000000008000410                Dio::Dio()
 .text._ZN3Dio6ToggleE8PortNameh
                0x000000000800045c       0x28 ./Src/main.o
                0x000000000800045c                Dio::Toggle(PortName, unsigned char)
 .text._ZN3Dio5SetupEv
                0x0000000008000484       0x14 ./Src/main.o
                0x0000000008000484                Dio::Setup()
 .text._ZN5TimerC2Ev
                0x0000000008000498       0x24 ./Src/main.o
                0x0000000008000498                Timer::Timer()
                0x0000000008000498                Timer::Timer()
 .text._ZN5Timer5SetupEv
                0x00000000080004bc       0x14 ./Src/main.o
                0x00000000080004bc                Timer::Setup()
 .text._ZN3CanC2Ev
                0x00000000080004d0       0x24 ./Src/main.o
                0x00000000080004d0                Can::Can()
                0x00000000080004d0                Can::Can()
 .text._ZN3Can5SetupEv
                0x00000000080004f4       0x14 ./Src/main.o
                0x00000000080004f4                Can::Setup()
 .text.main     0x0000000008000508       0x88 ./Src/main.o
                0x0000000008000508                main
 .text._getpid  0x0000000008000590       0x10 ./Src/syscalls.o
                0x0000000008000590                _getpid
 .text._kill    0x00000000080005a0       0x20 ./Src/syscalls.o
                0x00000000080005a0                _kill
 .text._exit    0x00000000080005c0       0x14 ./Src/syscalls.o
                0x00000000080005c0                _exit
 .text._sbrk    0x00000000080005d4       0x6c ./Src/sysmem.o
                0x00000000080005d4                _sbrk
 .text.Reset_Handler
                0x0000000008000640       0x50 ./Startup/startup_stm32h750vbtx.o
                0x0000000008000640                Reset_Handler
 .text.Default_Handler
                0x0000000008000690        0x2 ./Startup/startup_stm32h750vbtx.o
                0x0000000008000690                HASH_RNG_IRQHandler
                0x0000000008000690                EXTI2_IRQHandler
                0x0000000008000690                TIM8_CC_IRQHandler
                0x0000000008000690                DMA_STR2_IRQHandler
                0x0000000008000690                DebugMon_Handler
                0x0000000008000690                UART8_IRQHandler
                0x0000000008000690                SPI4_IRQHandler
                0x0000000008000690                HRTIM1_MST_IRQHandler
                0x0000000008000690                HardFault_Handler
                0x0000000008000690                DMA_STR5_IRQHandler
                0x0000000008000690                HRTIM1_FLT_IRQHandler
                0x0000000008000690                JPEG_IRQHandler
                0x0000000008000690                SysTick_Handler
                0x0000000008000690                DMA2_STR1_IRQHandler
                0x0000000008000690                DMA2_STR5_IRQHandler
                0x0000000008000690                HRTIM1_TIMD_IRQHandler
                0x0000000008000690                PendSV_Handler
                0x0000000008000690                NMI_Handler
                0x0000000008000690                EXTI3_IRQHandler
                0x0000000008000690                LPTIM4_IRQHandler
                0x0000000008000690                TIM8_TRG_COM_TIM14_IRQHandler
                0x0000000008000690                LPTIM2_IRQHandler
                0x0000000008000690                DFSDM1_FLT1_IRQHandler
                0x0000000008000690                DMAMUX2_OVR_IRQHandler
                0x0000000008000690                TIM8_UP_TIM13_IRQHandler
                0x0000000008000690                I2C3_ER_IRQHandler
                0x0000000008000690                DFSDM1_FLT2_IRQHandler
                0x0000000008000690                MDMA_IRQHandler
                0x0000000008000690                LPTIM3_IRQHandler
                0x0000000008000690                EXTI0_IRQHandler
                0x0000000008000690                I2C2_EV_IRQHandler
                0x0000000008000690                FPU_IRQHandler
                0x0000000008000690                DMA_STR1_IRQHandler
                0x0000000008000690                OTG_HS_WKUP_IRQHandler
                0x0000000008000690                FDCAN1_IT1_IRQHandler
                0x0000000008000690                UsageFault_Handler
                0x0000000008000690                LTDC_ER_IRQHandler
                0x0000000008000690                ADC1_2_IRQHandler
                0x0000000008000690                SPI1_IRQHandler
                0x0000000008000690                BDMA_CH2_IRQHandler
                0x0000000008000690                TIM6_DAC_IRQHandler
                0x0000000008000690                DCMI_IRQHandler
                0x0000000008000690                HRTIM1_TIMC_IRQHandler
                0x0000000008000690                SDMMC_IRQHandler
                0x0000000008000690                RTC_ALARM_IRQHandler
                0x0000000008000690                DMA_STR0_IRQHandler
                0x0000000008000690                SAI2_IRQHandler
                0x0000000008000690                DMA2_STR3_IRQHandler
                0x0000000008000690                DFSDM1_FLT3_IRQHandler
                0x0000000008000690                USART6_IRQHandler
                0x0000000008000690                BDMA_CH5_IRQHandler
                0x0000000008000690                TIM17_IRQHandler
                0x0000000008000690                BDMA_CH6_IRQHandler
                0x0000000008000690                USART3_IRQHandler
                0x0000000008000690                WKUP_IRQHandler
                0x0000000008000690                CRYP_IRQHandler
                0x0000000008000690                BDMA_CH3_IRQHandler
                0x0000000008000690                LPTIM5_IRQHandler
                0x0000000008000690                LPUART_IRQHandler
                0x0000000008000690                UART5_IRQHandler
                0x0000000008000690                ADC3_IRQHandler
                0x0000000008000690                DMA_STR6_IRQHandler
                0x0000000008000690                TIM4_IRQHandler
                0x0000000008000690                QUADSPI_IRQHandler
                0x0000000008000690                I2C1_EV_IRQHandler
                0x0000000008000690                DMA1_STR7_IRQHandler
                0x0000000008000690                TIM16_IRQHandler
                0x0000000008000690                UART4_IRQHandler
                0x0000000008000690                TIM3_IRQHandler
                0x0000000008000690                RCC_IRQHandler
                0x0000000008000690                TIM8_BRK_TIM12_IRQHandler
                0x0000000008000690                TIM1_TRG_COM_IRQHandler
                0x0000000008000690                Default_Handler
                0x0000000008000690                HRTIM_TIMB_IRQHandler
                0x0000000008000690                CEC_IRQHandler
                0x0000000008000690                EXTI15_10_IRQHandler
                0x0000000008000690                BDMA_CH4_IRQHandler
                0x0000000008000690                DMA_STR3_IRQHandler
                0x0000000008000690                HRTIM_TIME_IRQHandler
                0x0000000008000690                HRTIM1_TIMA_IRQHandler
                0x0000000008000690                SPI5_IRQHandler
                0x0000000008000690                TIM7_IRQHandler
                0x0000000008000690                SDMMC1_IRQHandler
                0x0000000008000690                TIM5_IRQHandler
                0x0000000008000690                SPDIF_IRQHandler
                0x0000000008000690                TIM15_IRQHandler
                0x0000000008000690                I2C3_EV_IRQHandler
                0x0000000008000690                WWDG1_RST_IRQHandler
                0x0000000008000690                EXTI9_5_IRQHandler
                0x0000000008000690                DMA2_STR4_IRQHandler
                0x0000000008000690                RTC_WKUP_IRQHandler
                0x0000000008000690                DMA2_STR6_IRQHandler
                0x0000000008000690                LTDC_IRQHandler
                0x0000000008000690                SAI3_IRQHandler
                0x0000000008000690                ETH_WKUP_IRQHandler
                0x0000000008000690                PVD_PVM_IRQHandler
                0x0000000008000690                SPI2_IRQHandler
                0x0000000008000690                OTG_HS_EP1_IN_IRQHandler
                0x0000000008000690                MemManage_Handler
                0x0000000008000690                DMA2_STR0_IRQHandler
                0x0000000008000690                SVC_Handler
                0x0000000008000690                CRS_IRQHandler
                0x0000000008000690                EXTI4_IRQHandler
                0x0000000008000690                DMAMUX1_OV_IRQHandler
                0x0000000008000690                FDCAN2_IT1_IRQHandler
                0x0000000008000690                DMA_STR4_IRQHandler
                0x0000000008000690                COMP_IRQHandler
                0x0000000008000690                DMA2_STR2_IRQHandler
                0x0000000008000690                ETH_IRQHandler
                0x0000000008000690                TIM1_UP_IRQHandler
                0x0000000008000690                DMA2_STR7_IRQHandler
                0x0000000008000690                OTG_HS_EP1_OUT_IRQHandler
                0x0000000008000690                SPI6_IRQHandler
                0x0000000008000690                MDIOS_IRQHandler
                0x0000000008000690                I2C4_EV_IRQHandler
                0x0000000008000690                FDCAN2_IT0_IRQHandler
                0x0000000008000690                BDMA_CH7_IRQHandler
                0x0000000008000690                FDCAN1_IT0_IRQHandler
                0x0000000008000690                TIM2_IRQHandler
                0x0000000008000690                HSEM0_IRQHandler
                0x0000000008000690                OTG_FS_WKUP_IRQHandler
                0x0000000008000690                OTG_HS_IRQHandler
                0x0000000008000690                DMA2D_IRQHandler
                0x0000000008000690                TIM1_BRK_IRQHandler
                0x0000000008000690                EXTI1_IRQHandler
                0x0000000008000690                OTG_FS_EP1_OUT_IRQHandler
                0x0000000008000690                UART7_IRQHandler
                0x0000000008000690                MDIOS_WKUP_IRQHandler
                0x0000000008000690                USART2_IRQHandler
                0x0000000008000690                DFSDM1_FLT0_IRQHandler
                0x0000000008000690                SAI4_IRQHandler
                0x0000000008000690                I2C2_ER_IRQHandler
                0x0000000008000690                FLASH_IRQHandler
                0x0000000008000690                WWDG1_IRQHandler
                0x0000000008000690                BusFault_Handler
                0x0000000008000690                USART1_IRQHandler
                0x0000000008000690                OTG_FS_IRQHandler
                0x0000000008000690                SPI3_IRQHandler
                0x0000000008000690                OTG_FS_EP1_IN_IRQHandler
                0x0000000008000690                I2C1_ER_IRQHandler
                0x0000000008000690                FMC_IRQHandler
                0x0000000008000690                BDMA_CH1_IRQHandler
                0x0000000008000690                SWPMI1_IRQHandler
                0x0000000008000690                LPTIM1_IRQHandler
                0x0000000008000690                BDMA_CH8_IRQHandler
                0x0000000008000690                TIM_CC_IRQHandler
                0x0000000008000690                I2C4_ER_IRQHandler
                0x0000000008000690                SAI1_IRQHandler
                0x0000000008000690                RTC_TAMP_STAMP_CSS_LSE_IRQHandler
 .text._Znwj    0x0000000008000692       0x22 /home/ghita/st/stm32cubeide_1.11.0/plugins/com.st.stm32cube.ide.mcu.externaltools.gnu-tools-for-stm32.10.3-2021.10.linux64_1.0.100.202210260954/tools/bin/../lib/gcc/arm-none-eabi/10.3.1/../../../../arm-none-eabi/lib/thumb/v7e-m+dp/hard/libstdc++_nano.a(new_op.o)
                0x0000000008000692                operator new(unsigned int)
 .text.__cxa_pure_virtual
                0x00000000080006b4        0x6 /home/ghita/st/stm32cubeide_1.11.0/plugins/com.st.stm32cube.ide.mcu.externaltools.gnu-tools-for-stm32.10.3-2021.10.linux64_1.0.100.202210260954/tools/bin/../lib/gcc/arm-none-eabi/10.3.1/../../../../arm-none-eabi/lib/thumb/v7e-m+dp/hard/libstdc++_nano.a(pure.o)
                0x00000000080006b4                __cxa_pure_virtual
 .text._ZN10__cxxabiv111__terminateEPFvvE
                0x00000000080006ba        0x8 /home/ghita/st/stm32cubeide_1.11.0/plugins/com.st.stm32cube.ide.mcu.externaltools.gnu-tools-for-stm32.10.3-2021.10.linux64_1.0.100.202210260954/tools/bin/../lib/gcc/arm-none-eabi/10.3.1/../../../../arm-none-eabi/lib/thumb/v7e-m+dp/hard/libstdc++_nano.a(eh_terminate.o)
                0x00000000080006ba                __cxxabiv1::__terminate(void (*)())
 *fill*         0x00000000080006c2        0x2 
 .text._ZSt13get_terminatev
                0x00000000080006c4       0x10 /home/ghita/st/stm32cubeide_1.11.0/plugins/com.st.stm32cube.ide.mcu.externaltools.gnu-tools-for-stm32.10.3-2021.10.linux64_1.0.100.202210260954/tools/bin/../lib/gcc/arm-none-eabi/10.3.1/../../../../arm-none-eabi/lib/thumb/v7e-m+dp/hard/libstdc++_nano.a(eh_terminate.o)
                0x00000000080006c4                std::get_terminate()
 .text._ZSt9terminatev
                0x00000000080006d4        0xa /home/ghita/st/stm32cubeide_1.11.0/plugins/com.st.stm32cube.ide.mcu.externaltools.gnu-tools-for-stm32.10.3-2021.10.linux64_1.0.100.202210260954/tools/bin/../lib/gcc/arm-none-eabi/10.3.1/../../../../arm-none-eabi/lib/thumb/v7e-m+dp/hard/libstdc++_nano.a(eh_terminate.o)
                0x00000000080006d4                std::terminate()
 *fill*         0x00000000080006de        0x2 
 .text._ZSt15get_new_handlerv
                0x00000000080006e0       0x10 /home/ghita/st/stm32cubeide_1.11.0/plugins/com.st.stm32cube.ide.mcu.externaltools.gnu-tools-for-stm32.10.3-2021.10.linux64_1.0.100.202210260954/tools/bin/../lib/gcc/arm-none-eabi/10.3.1/../../../../arm-none-eabi/lib/thumb/v7e-m+dp/hard/libstdc++_nano.a(new_handler.o)
                0x00000000080006e0                std::get_new_handler()
 .text.abort    0x00000000080006f0        0xe /home/ghita/st/stm32cubeide_1.11.0/plugins/com.st.stm32cube.ide.mcu.externaltools.gnu-tools-for-stm32.10.3-2021.10.linux64_1.0.100.202210260954/tools/bin/../lib/gcc/arm-none-eabi/10.3.1/../../../../arm-none-eabi/lib/thumb/v7e-m+dp/hard/libc_nano.a(lib_a-abort.o)
                0x00000000080006f0                abort
 *fill*         0x00000000080006fe        0x2 
 .text.__errno  0x0000000008000700        0xc /home/ghita/st/stm32cubeide_1.11.0/plugins/com.st.stm32cube.ide.mcu.externaltools.gnu-tools-for-stm32.10.3-2021.10.linux64_1.0.100.202210260954/tools/bin/../lib/gcc/arm-none-eabi/10.3.1/../../../../arm-none-eabi/lib/thumb/v7e-m+dp/hard/libc_nano.a(lib_a-errno.o)
                0x0000000008000700                __errno
 .text.__libc_init_array
                0x000000000800070c       0x48 /home/ghita/st/stm32cubeide_1.11.0/plugins/com.st.stm32cube.ide.mcu.externaltools.gnu-tools-for-stm32.10.3-2021.10.linux64_1.0.100.202210260954/tools/bin/../lib/gcc/arm-none-eabi/10.3.1/../../../../arm-none-eabi/lib/thumb/v7e-m+dp/hard/libc_nano.a(lib_a-init.o)
                0x000000000800070c                __libc_init_array
 .text.malloc   0x0000000008000754       0x10 /home/ghita/st/stm32cubeide_1.11.0/plugins/com.st.stm32cube.ide.mcu.externaltools.gnu-tools-for-stm32.10.3-2021.10.linux64_1.0.100.202210260954/tools/bin/../lib/gcc/arm-none-eabi/10.3.1/../../../../arm-none-eabi/lib/thumb/v7e-m+dp/hard/libc_nano.a(lib_a-malloc.o)
                0x0000000008000754                malloc
 .text.sbrk_aligned
                0x0000000008000764       0x40 /home/ghita/st/stm32cubeide_1.11.0/plugins/com.st.stm32cube.ide.mcu.externaltools.gnu-tools-for-stm32.10.3-2021.10.linux64_1.0.100.202210260954/tools/bin/../lib/gcc/arm-none-eabi/10.3.1/../../../../arm-none-eabi/lib/thumb/v7e-m+dp/hard/libc_nano.a(lib_a-nano-mallocr.o)
 .text._malloc_r
                0x00000000080007a4       0xe8 /home/ghita/st/stm32cubeide_1.11.0/plugins/com.st.stm32cube.ide.mcu.externaltools.gnu-tools-for-stm32.10.3-2021.10.linux64_1.0.100.202210260954/tools/bin/../lib/gcc/arm-none-eabi/10.3.1/../../../../arm-none-eabi/lib/thumb/v7e-m+dp/hard/libc_nano.a(lib_a-nano-mallocr.o)
                0x00000000080007a4                _malloc_r
 .text._sbrk_r  0x000000000800088c       0x20 /home/ghita/st/stm32cubeide_1.11.0/plugins/com.st.stm32cube.ide.mcu.externaltools.gnu-tools-for-stm32.10.3-2021.10.linux64_1.0.100.202210260954/tools/bin/../lib/gcc/arm-none-eabi/10.3.1/../../../../arm-none-eabi/lib/thumb/v7e-m+dp/hard/libc_nano.a(lib_a-sbrkr.o)
                0x000000000800088c                _sbrk_r
 .text._raise_r
                0x00000000080008ac       0x50 /home/ghita/st/stm32cubeide_1.11.0/plugins/com.st.stm32cube.ide.mcu.externaltools.gnu-tools-for-stm32.10.3-2021.10.linux64_1.0.100.202210260954/tools/bin/../lib/gcc/arm-none-eabi/10.3.1/../../../../arm-none-eabi/lib/thumb/v7e-m+dp/hard/libc_nano.a(lib_a-signal.o)
                0x00000000080008ac                _raise_r
 .text.raise    0x00000000080008fc       0x10 /home/ghita/st/stm32cubeide_1.11.0/plugins/com.st.stm32cube.ide.mcu.externaltools.gnu-tools-for-stm32.10.3-2021.10.linux64_1.0.100.202210260954/tools/bin/../lib/gcc/arm-none-eabi/10.3.1/../../../../arm-none-eabi/lib/thumb/v7e-m+dp/hard/libc_nano.a(lib_a-signal.o)
                0x00000000080008fc                raise
 .text._kill_r  0x000000000800090c       0x24 /home/ghita/st/stm32cubeide_1.11.0/plugins/com.st.stm32cube.ide.mcu.externaltools.gnu-tools-for-stm32.10.3-2021.10.linux64_1.0.100.202210260954/tools/bin/../lib/gcc/arm-none-eabi/10.3.1/../../../../arm-none-eabi/lib/thumb/v7e-m+dp/hard/libc_nano.a(lib_a-signalr.o)
                0x000000000800090c                _kill_r
 .text._getpid_r
                0x0000000008000930        0x4 /home/ghita/st/stm32cubeide_1.11.0/plugins/com.st.stm32cube.ide.mcu.externaltools.gnu-tools-for-stm32.10.3-2021.10.linux64_1.0.100.202210260954/tools/bin/../lib/gcc/arm-none-eabi/10.3.1/../../../../arm-none-eabi/lib/thumb/v7e-m+dp/hard/libc_nano.a(lib_a-signalr.o)
                0x0000000008000930                _getpid_r
 .text.__malloc_lock
                0x0000000008000934        0xc /home/ghita/st/stm32cubeide_1.11.0/plugins/com.st.stm32cube.ide.mcu.externaltools.gnu-tools-for-stm32.10.3-2021.10.linux64_1.0.100.202210260954/tools/bin/../lib/gcc/arm-none-eabi/10.3.1/../../../../arm-none-eabi/lib/thumb/v7e-m+dp/hard/libc_nano.a(lib_a-mlock.o)
                0x0000000008000934                __malloc_lock
 .text.__malloc_unlock
                0x0000000008000940        0xc /home/ghita/st/stm32cubeide_1.11.0/plugins/com.st.stm32cube.ide.mcu.externaltools.gnu-tools-for-stm32.10.3-2021.10.linux64_1.0.100.202210260954/tools/bin/../lib/gcc/arm-none-eabi/10.3.1/../../../../arm-none-eabi/lib/thumb/v7e-m+dp/hard/libc_nano.a(lib_a-mlock.o)
                0x0000000008000940                __malloc_unlock
 .text.__retarget_lock_acquire_recursive
                0x000000000800094c        0x2 /home/ghita/st/stm32cubeide_1.11.0/plugins/com.st.stm32cube.ide.mcu.externaltools.gnu-tools-for-stm32.10.3-2021.10.linux64_1.0.100.202210260954/tools/bin/../lib/gcc/arm-none-eabi/10.3.1/../../../../arm-none-eabi/lib/thumb/v7e-m+dp/hard/libc_nano.a(lib_a-lock.o)
                0x000000000800094c                __retarget_lock_acquire_recursive
 .text.__retarget_lock_release_recursive
                0x000000000800094e        0x2 /home/ghita/st/stm32cubeide_1.11.0/plugins/com.st.stm32cube.ide.mcu.externaltools.gnu-tools-for-stm32.10.3-2021.10.linux64_1.0.100.202210260954/tools/bin/../lib/gcc/arm-none-eabi/10.3.1/../../../../arm-none-eabi/lib/thumb/v7e-m+dp/hard/libc_nano.a(lib_a-lock.o)
                0x000000000800094e                __retarget_lock_release_recursive
 *(.glue_7)
 .glue_7        0x0000000008000950        0x0 linker stubs
 *(.glue_7t)
 .glue_7t       0x0000000008000950        0x0 linker stubs
 *(.eh_frame)
 .eh_frame      0x0000000008000950        0x0 /home/ghita/st/stm32cubeide_1.11.0/plugins/com.st.stm32cube.ide.mcu.externaltools.gnu-tools-for-stm32.10.3-2021.10.linux64_1.0.100.202210260954/tools/bin/../lib/gcc/arm-none-eabi/10.3.1/thumb/v7e-m+dp/hard/crtbegin.o
 *(.init)
 .init          0x0000000008000950        0x4 /home/ghita/st/stm32cubeide_1.11.0/plugins/com.st.stm32cube.ide.mcu.externaltools.gnu-tools-for-stm32.10.3-2021.10.linux64_1.0.100.202210260954/tools/bin/../lib/gcc/arm-none-eabi/10.3.1/thumb/v7e-m+dp/hard/crti.o
                0x0000000008000950                _init
 .init          0x0000000008000954        0x8 /home/ghita/st/stm32cubeide_1.11.0/plugins/com.st.stm32cube.ide.mcu.externaltools.gnu-tools-for-stm32.10.3-2021.10.linux64_1.0.100.202210260954/tools/bin/../lib/gcc/arm-none-eabi/10.3.1/thumb/v7e-m+dp/hard/crtn.o
 *(.fini)
 .fini          0x000000000800095c        0x4 /home/ghita/st/stm32cubeide_1.11.0/plugins/com.st.stm32cube.ide.mcu.externaltools.gnu-tools-for-stm32.10.3-2021.10.linux64_1.0.100.202210260954/tools/bin/../lib/gcc/arm-none-eabi/10.3.1/thumb/v7e-m+dp/hard/crti.o
                0x000000000800095c                _fini
 .fini          0x0000000008000960        0x8 /home/ghita/st/stm32cubeide_1.11.0/plugins/com.st.stm32cube.ide.mcu.externaltools.gnu-tools-for-stm32.10.3-2021.10.linux64_1.0.100.202210260954/tools/bin/../lib/gcc/arm-none-eabi/10.3.1/thumb/v7e-m+dp/hard/crtn.o
                0x0000000008000968                . = ALIGN (0x4)
                0x0000000008000968                _etext = .

.vfp11_veneer   0x0000000008000968        0x0
 .vfp11_veneer  0x0000000008000968        0x0 linker stubs

.v4_bx          0x0000000008000968        0x0
 .v4_bx         0x0000000008000968        0x0 linker stubs

.iplt           0x0000000008000968        0x0
 .iplt          0x0000000008000968        0x0 /home/ghita/st/stm32cubeide_1.11.0/plugins/com.st.stm32cube.ide.mcu.externaltools.gnu-tools-for-stm32.10.3-2021.10.linux64_1.0.100.202210260954/tools/bin/../lib/gcc/arm-none-eabi/10.3.1/thumb/v7e-m+dp/hard/crtbegin.o

.rodata         0x0000000008000968       0x48
                0x0000000008000968                . = ALIGN (0x4)
 *(.rodata)
 *(.rodata*)
 .rodata._ZTV3Can
                0x0000000008000968        0xc ./Src/main.o
                0x0000000008000968                vtable for Can
 .rodata._ZTV5Timer
                0x0000000008000974        0xc ./Src/main.o
                0x0000000008000974                vtable for Timer
 .rodata._ZTV3Dio
                0x0000000008000980        0xc ./Src/main.o
                0x0000000008000980                vtable for Dio
 .rodata._ZTV4Port
                0x000000000800098c        0xc ./Src/main.o
                0x000000000800098c                vtable for Port
 .rodata._ZTV3Pin
                0x0000000008000998        0xc ./Src/main.o
                0x0000000008000998                vtable for Pin
 .rodata._ZTV6Device
                0x00000000080009a4        0xc ./Src/main.o
                0x00000000080009a4                vtable for Device
                0x00000000080009b0                . = ALIGN (0x4)

.rel.dyn        0x00000000080009b0        0x0
 .rel.iplt      0x00000000080009b0        0x0 /home/ghita/st/stm32cubeide_1.11.0/plugins/com.st.stm32cube.ide.mcu.externaltools.gnu-tools-for-stm32.10.3-2021.10.linux64_1.0.100.202210260954/tools/bin/../lib/gcc/arm-none-eabi/10.3.1/thumb/v7e-m+dp/hard/crtbegin.o

.ARM.extab
 *(.ARM.extab* .gnu.linkonce.armextab.*)

.ARM            0x00000000080009b0        0x0
                0x00000000080009b0                __exidx_start = .
 *(.ARM.exidx*)
                0x00000000080009b0                __exidx_end = .

.preinit_array  0x00000000080009b0        0x0
                0x00000000080009b0                PROVIDE (__preinit_array_start = .)
 *(.preinit_array*)
                0x00000000080009b0                PROVIDE (__preinit_array_end = .)

.init_array     0x00000000080009b0        0x4
                0x00000000080009b0                PROVIDE (__init_array_start = .)
 *(SORT_BY_NAME(.init_array.*))
 *(.init_array*)
 .init_array    0x00000000080009b0        0x4 /home/ghita/st/stm32cubeide_1.11.0/plugins/com.st.stm32cube.ide.mcu.externaltools.gnu-tools-for-stm32.10.3-2021.10.linux64_1.0.100.202210260954/tools/bin/../lib/gcc/arm-none-eabi/10.3.1/thumb/v7e-m+dp/hard/crtbegin.o
                0x00000000080009b4                PROVIDE (__init_array_end = .)

.fini_array     0x00000000080009b4        0x4
                [!provide]                        PROVIDE (__fini_array_start = .)
 *(SORT_BY_NAME(.fini_array.*))
 *(.fini_array*)
 .fini_array    0x00000000080009b4        0x4 /home/ghita/st/stm32cubeide_1.11.0/plugins/com.st.stm32cube.ide.mcu.externaltools.gnu-tools-for-stm32.10.3-2021.10.linux64_1.0.100.202210260954/tools/bin/../lib/gcc/arm-none-eabi/10.3.1/thumb/v7e-m+dp/hard/crtbegin.o
                [!provide]                        PROVIDE (__fini_array_end = .)
                0x00000000080009b8                _sidata = LOADADDR (.data)

.data           0x0000000024000000       0x68 load address 0x00000000080009b8
                0x0000000024000000                . = ALIGN (0x4)
                0x0000000024000000                _sdata = .
 *(.data)
 *(.data*)
 .data._ZN10__cxxabiv119__terminate_handlerE
                0x0000000024000000        0x4 /home/ghita/st/stm32cubeide_1.11.0/plugins/com.st.stm32cube.ide.mcu.externaltools.gnu-tools-for-stm32.10.3-2021.10.linux64_1.0.100.202210260954/tools/bin/../lib/gcc/arm-none-eabi/10.3.1/../../../../arm-none-eabi/lib/thumb/v7e-m+dp/hard/libstdc++_nano.a(eh_term_handler.o)
                0x0000000024000000                __cxxabiv1::__terminate_handler
 .data._impure_ptr
                0x0000000024000004        0x4 /home/ghita/st/stm32cubeide_1.11.0/plugins/com.st.stm32cube.ide.mcu.externaltools.gnu-tools-for-stm32.10.3-2021.10.linux64_1.0.100.202210260954/tools/bin/../lib/gcc/arm-none-eabi/10.3.1/../../../../arm-none-eabi/lib/thumb/v7e-m+dp/hard/libc_nano.a(lib_a-impure.o)
                0x0000000024000004                _impure_ptr
 .data.impure_data
                0x0000000024000008       0x60 /home/ghita/st/stm32cubeide_1.11.0/plugins/com.st.stm32cube.ide.mcu.externaltools.gnu-tools-for-stm32.10.3-2021.10.linux64_1.0.100.202210260954/tools/bin/../lib/gcc/arm-none-eabi/10.3.1/../../../../arm-none-eabi/lib/thumb/v7e-m+dp/hard/libc_nano.a(lib_a-impure.o)
 *(.RamFunc)
 *(.RamFunc*)
                0x0000000024000068                . = ALIGN (0x4)
                0x0000000024000068                _edata = .

.igot.plt       0x0000000024000068        0x0 load address 0x0000000008000a20
 .igot.plt      0x0000000024000068        0x0 /home/ghita/st/stm32cubeide_1.11.0/plugins/com.st.stm32cube.ide.mcu.externaltools.gnu-tools-for-stm32.10.3-2021.10.linux64_1.0.100.202210260954/tools/bin/../lib/gcc/arm-none-eabi/10.3.1/thumb/v7e-m+dp/hard/crtbegin.o
                0x0000000024000068                . = ALIGN (0x4)

.bss            0x0000000024000068       0x34 load address 0x0000000008000a20
                0x0000000024000068                _sbss = .
                0x0000000024000068                __bss_start__ = _sbss
 *(.bss)
 .bss           0x0000000024000068       0x1c /home/ghita/st/stm32cubeide_1.11.0/plugins/com.st.stm32cube.ide.mcu.externaltools.gnu-tools-for-stm32.10.3-2021.10.linux64_1.0.100.202210260954/tools/bin/../lib/gcc/arm-none-eabi/10.3.1/thumb/v7e-m+dp/hard/crtbegin.o
 *(.bss*)
 .bss.__sbrk_heap_end
                0x0000000024000084        0x4 ./Src/sysmem.o
 .bss._ZN12_GLOBAL__N_113__new_handlerE
                0x0000000024000088        0x4 /home/ghita/st/stm32cubeide_1.11.0/plugins/com.st.stm32cube.ide.mcu.externaltools.gnu-tools-for-stm32.10.3-2021.10.linux64_1.0.100.202210260954/tools/bin/../lib/gcc/arm-none-eabi/10.3.1/../../../../arm-none-eabi/lib/thumb/v7e-m+dp/hard/libstdc++_nano.a(new_handler.o)
 .bss.__malloc_free_list
                0x000000002400008c        0x4 /home/ghita/st/stm32cubeide_1.11.0/plugins/com.st.stm32cube.ide.mcu.externaltools.gnu-tools-for-stm32.10.3-2021.10.linux64_1.0.100.202210260954/tools/bin/../lib/gcc/arm-none-eabi/10.3.1/../../../../arm-none-eabi/lib/thumb/v7e-m+dp/hard/libc_nano.a(lib_a-nano-mallocr.o)
                0x000000002400008c                __malloc_free_list
 .bss.__malloc_sbrk_start
                0x0000000024000090        0x4 /home/ghita/st/stm32cubeide_1.11.0/plugins/com.st.stm32cube.ide.mcu.externaltools.gnu-tools-for-stm32.10.3-2021.10.linux64_1.0.100.202210260954/tools/bin/../lib/gcc/arm-none-eabi/10.3.1/../../../../arm-none-eabi/lib/thumb/v7e-m+dp/hard/libc_nano.a(lib_a-nano-mallocr.o)
                0x0000000024000090                __malloc_sbrk_start
 .bss.errno     0x0000000024000094        0x4 /home/ghita/st/stm32cubeide_1.11.0/plugins/com.st.stm32cube.ide.mcu.externaltools.gnu-tools-for-stm32.10.3-2021.10.linux64_1.0.100.202210260954/tools/bin/../lib/gcc/arm-none-eabi/10.3.1/../../../../arm-none-eabi/lib/thumb/v7e-m+dp/hard/libc_nano.a(lib_a-reent.o)
                0x0000000024000094                errno
 .bss.__lock___malloc_recursive_mutex
                0x0000000024000098        0x1 /home/ghita/st/stm32cubeide_1.11.0/plugins/com.st.stm32cube.ide.mcu.externaltools.gnu-tools-for-stm32.10.3-2021.10.linux64_1.0.100.202210260954/tools/bin/../lib/gcc/arm-none-eabi/10.3.1/../../../../arm-none-eabi/lib/thumb/v7e-m+dp/hard/libc_nano.a(lib_a-lock.o)
                0x0000000024000098                __lock___malloc_recursive_mutex
 *(COMMON)
                0x000000002400009c                . = ALIGN (0x4)
 *fill*         0x0000000024000099        0x3 
                0x000000002400009c                _ebss = .
                0x000000002400009c                __bss_end__ = _ebss

._user_heap_stack
                0x000000002400009c      0x604 load address 0x0000000008000a20
                0x00000000240000a0                . = ALIGN (0x8)
 *fill*         0x000000002400009c        0x4 
                [!provide]                        PROVIDE (end = .)
                0x00000000240000a0                PROVIDE (_end = .)
                0x00000000240002a0                . = (. + _Min_Heap_Size)
 *fill*         0x00000000240000a0      0x200 
                0x00000000240006a0                . = (. + _Min_Stack_Size)
 *fill*         0x00000000240002a0      0x400 
                0x00000000240006a0                . = ALIGN (0x8)

/DISCARD/
 libc.a(*)
 libm.a(*)
 libgcc.a(*)

.ARM.attributes
                0x0000000000000000       0x2e
 *(.ARM.attributes)
 .ARM.attributes
                0x0000000000000000       0x1e /home/ghita/st/stm32cubeide_1.11.0/plugins/com.st.stm32cube.ide.mcu.externaltools.gnu-tools-for-stm32.10.3-2021.10.linux64_1.0.100.202210260954/tools/bin/../lib/gcc/arm-none-eabi/10.3.1/thumb/v7e-m+dp/hard/crti.o
 .ARM.attributes
                0x000000000000001e       0x32 /home/ghita/st/stm32cubeide_1.11.0/plugins/com.st.stm32cube.ide.mcu.externaltools.gnu-tools-for-stm32.10.3-2021.10.linux64_1.0.100.202210260954/tools/bin/../lib/gcc/arm-none-eabi/10.3.1/thumb/v7e-m+dp/hard/crtbegin.o
 .ARM.attributes
                0x0000000000000050       0x32 ./Src/main.o
 .ARM.attributes
                0x0000000000000082       0x32 ./Src/syscalls.o
 .ARM.attributes
                0x00000000000000b4       0x32 ./Src/sysmem.o
 .ARM.attributes
                0x00000000000000e6       0x21 ./Startup/startup_stm32h750vbtx.o
 .ARM.attributes
                0x0000000000000107       0x32 /home/ghita/st/stm32cubeide_1.11.0/plugins/com.st.stm32cube.ide.mcu.externaltools.gnu-tools-for-stm32.10.3-2021.10.linux64_1.0.100.202210260954/tools/bin/../lib/gcc/arm-none-eabi/10.3.1/../../../../arm-none-eabi/lib/thumb/v7e-m+dp/hard/libstdc++_nano.a(new_op.o)
 .ARM.attributes
                0x0000000000000139       0x32 /home/ghita/st/stm32cubeide_1.11.0/plugins/com.st.stm32cube.ide.mcu.externaltools.gnu-tools-for-stm32.10.3-2021.10.linux64_1.0.100.202210260954/tools/bin/../lib/gcc/arm-none-eabi/10.3.1/../../../../arm-none-eabi/lib/thumb/v7e-m+dp/hard/libstdc++_nano.a(pure.o)
 .ARM.attributes
                0x000000000000016b       0x32 /home/ghita/st/stm32cubeide_1.11.0/plugins/com.st.stm32cube.ide.mcu.externaltools.gnu-tools-for-stm32.10.3-2021.10.linux64_1.0.100.202210260954/tools/bin/../lib/gcc/arm-none-eabi/10.3.1/../../../../arm-none-eabi/lib/thumb/v7e-m+dp/hard/libstdc++_nano.a(eh_terminate.o)
 .ARM.attributes
                0x000000000000019d       0x32 /home/ghita/st/stm32cubeide_1.11.0/plugins/com.st.stm32cube.ide.mcu.externaltools.gnu-tools-for-stm32.10.3-2021.10.linux64_1.0.100.202210260954/tools/bin/../lib/gcc/arm-none-eabi/10.3.1/../../../../arm-none-eabi/lib/thumb/v7e-m+dp/hard/libstdc++_nano.a(new_handler.o)
 .ARM.attributes
                0x00000000000001cf       0x32 /home/ghita/st/stm32cubeide_1.11.0/plugins/com.st.stm32cube.ide.mcu.externaltools.gnu-tools-for-stm32.10.3-2021.10.linux64_1.0.100.202210260954/tools/bin/../lib/gcc/arm-none-eabi/10.3.1/../../../../arm-none-eabi/lib/thumb/v7e-m+dp/hard/libstdc++_nano.a(eh_term_handler.o)
 .ARM.attributes
                0x0000000000000201       0x32 /home/ghita/st/stm32cubeide_1.11.0/plugins/com.st.stm32cube.ide.mcu.externaltools.gnu-tools-for-stm32.10.3-2021.10.linux64_1.0.100.202210260954/tools/bin/../lib/gcc/arm-none-eabi/10.3.1/../../../../arm-none-eabi/lib/thumb/v7e-m+dp/hard/libc_nano.a(lib_a-abort.o)
 .ARM.attributes
                0x0000000000000233       0x32 /home/ghita/st/stm32cubeide_1.11.0/plugins/com.st.stm32cube.ide.mcu.externaltools.gnu-tools-for-stm32.10.3-2021.10.linux64_1.0.100.202210260954/tools/bin/../lib/gcc/arm-none-eabi/10.3.1/../../../../arm-none-eabi/lib/thumb/v7e-m+dp/hard/libc_nano.a(lib_a-errno.o)
 .ARM.attributes
                0x0000000000000265       0x32 /home/ghita/st/stm32cubeide_1.11.0/plugins/com.st.stm32cube.ide.mcu.externaltools.gnu-tools-for-stm32.10.3-2021.10.linux64_1.0.100.202210260954/tools/bin/../lib/gcc/arm-none-eabi/10.3.1/../../../../arm-none-eabi/lib/thumb/v7e-m+dp/hard/libc_nano.a(lib_a-impure.o)
 .ARM.attributes
                0x0000000000000297       0x32 /home/ghita/st/stm32cubeide_1.11.0/plugins/com.st.stm32cube.ide.mcu.externaltools.gnu-tools-for-stm32.10.3-2021.10.linux64_1.0.100.202210260954/tools/bin/../lib/gcc/arm-none-eabi/10.3.1/../../../../arm-none-eabi/lib/thumb/v7e-m+dp/hard/libc_nano.a(lib_a-init.o)
 .ARM.attributes
                0x00000000000002c9       0x32 /home/ghita/st/stm32cubeide_1.11.0/plugins/com.st.stm32cube.ide.mcu.externaltools.gnu-tools-for-stm32.10.3-2021.10.linux64_1.0.100.202210260954/tools/bin/../lib/gcc/arm-none-eabi/10.3.1/../../../../arm-none-eabi/lib/thumb/v7e-m+dp/hard/libc_nano.a(lib_a-malloc.o)
 .ARM.attributes
                0x00000000000002fb       0x32 /home/ghita/st/stm32cubeide_1.11.0/plugins/com.st.stm32cube.ide.mcu.externaltools.gnu-tools-for-stm32.10.3-2021.10.linux64_1.0.100.202210260954/tools/bin/../lib/gcc/arm-none-eabi/10.3.1/../../../../arm-none-eabi/lib/thumb/v7e-m+dp/hard/libc_nano.a(lib_a-nano-mallocr.o)
 .ARM.attributes
                0x000000000000032d       0x32 /home/ghita/st/stm32cubeide_1.11.0/plugins/com.st.stm32cube.ide.mcu.externaltools.gnu-tools-for-stm32.10.3-2021.10.linux64_1.0.100.202210260954/tools/bin/../lib/gcc/arm-none-eabi/10.3.1/../../../../arm-none-eabi/lib/thumb/v7e-m+dp/hard/libc_nano.a(lib_a-sbrkr.o)
 .ARM.attributes
                0x000000000000035f       0x32 /home/ghita/st/stm32cubeide_1.11.0/plugins/com.st.stm32cube.ide.mcu.externaltools.gnu-tools-for-stm32.10.3-2021.10.linux64_1.0.100.202210260954/tools/bin/../lib/gcc/arm-none-eabi/10.3.1/../../../../arm-none-eabi/lib/thumb/v7e-m+dp/hard/libc_nano.a(lib_a-signal.o)
 .ARM.attributes
                0x0000000000000391       0x32 /home/ghita/st/stm32cubeide_1.11.0/plugins/com.st.stm32cube.ide.mcu.externaltools.gnu-tools-for-stm32.10.3-2021.10.linux64_1.0.100.202210260954/tools/bin/../lib/gcc/arm-none-eabi/10.3.1/../../../../arm-none-eabi/lib/thumb/v7e-m+dp/hard/libc_nano.a(lib_a-signalr.o)
 .ARM.attributes
                0x00000000000003c3       0x32 /home/ghita/st/stm32cubeide_1.11.0/plugins/com.st.stm32cube.ide.mcu.externaltools.gnu-tools-for-stm32.10.3-2021.10.linux64_1.0.100.202210260954/tools/bin/../lib/gcc/arm-none-eabi/10.3.1/../../../../arm-none-eabi/lib/thumb/v7e-m+dp/hard/libc_nano.a(lib_a-mlock.o)
 .ARM.attributes
                0x00000000000003f5       0x32 /home/ghita/st/stm32cubeide_1.11.0/plugins/com.st.stm32cube.ide.mcu.externaltools.gnu-tools-for-stm32.10.3-2021.10.linux64_1.0.100.202210260954/tools/bin/../lib/gcc/arm-none-eabi/10.3.1/../../../../arm-none-eabi/lib/thumb/v7e-m+dp/hard/libc_nano.a(lib_a-reent.o)
 .ARM.attributes
                0x0000000000000427       0x32 /home/ghita/st/stm32cubeide_1.11.0/plugins/com.st.stm32cube.ide.mcu.externaltools.gnu-tools-for-stm32.10.3-2021.10.linux64_1.0.100.202210260954/tools/bin/../lib/gcc/arm-none-eabi/10.3.1/../../../../arm-none-eabi/lib/thumb/v7e-m+dp/hard/libc_nano.a(lib_a-lock.o)
 .ARM.attributes
                0x0000000000000459       0x1e /home/ghita/st/stm32cubeide_1.11.0/plugins/com.st.stm32cube.ide.mcu.externaltools.gnu-tools-for-stm32.10.3-2021.10.linux64_1.0.100.202210260954/tools/bin/../lib/gcc/arm-none-eabi/10.3.1/thumb/v7e-m+dp/hard/crtn.o
OUTPUT(totalcpp.elf elf32-littlearm)
LOAD linker stubs
LOAD /home/ghita/st/stm32cubeide_1.11.0/plugins/com.st.stm32cube.ide.mcu.externaltools.gnu-tools-for-stm32.10.3-2021.10.linux64_1.0.100.202210260954/tools/bin/../lib/gcc/arm-none-eabi/10.3.1/../../../../arm-none-eabi/lib/thumb/v7e-m+dp/hard/libc.a
LOAD /home/ghita/st/stm32cubeide_1.11.0/plugins/com.st.stm32cube.ide.mcu.externaltools.gnu-tools-for-stm32.10.3-2021.10.linux64_1.0.100.202210260954/tools/bin/../lib/gcc/arm-none-eabi/10.3.1/../../../../arm-none-eabi/lib/thumb/v7e-m+dp/hard/libm.a
LOAD /home/ghita/st/stm32cubeide_1.11.0/plugins/com.st.stm32cube.ide.mcu.externaltools.gnu-tools-for-stm32.10.3-2021.10.linux64_1.0.100.202210260954/tools/bin/../lib/gcc/arm-none-eabi/10.3.1/thumb/v7e-m+dp/hard/libgcc.a

.debug_info     0x0000000000000000     0x1328
 .debug_info    0x0000000000000000      0xab5 ./Src/main.o
 .debug_info    0x0000000000000ab5      0x6e0 ./Src/syscalls.o
 .debug_info    0x0000000000001195      0x171 ./Src/sysmem.o
 .debug_info    0x0000000000001306       0x22 ./Startup/startup_stm32h750vbtx.o

.debug_abbrev   0x0000000000000000      0x5dd
 .debug_abbrev  0x0000000000000000      0x35d ./Src/main.o
 .debug_abbrev  0x000000000000035d      0x1b3 ./Src/syscalls.o
 .debug_abbrev  0x0000000000000510       0xbb ./Src/sysmem.o
 .debug_abbrev  0x00000000000005cb       0x12 ./Startup/startup_stm32h750vbtx.o

.debug_aranges  0x0000000000000000      0x180
 .debug_aranges
                0x0000000000000000       0x90 ./Src/main.o
 .debug_aranges
                0x0000000000000090       0xa8 ./Src/syscalls.o
 .debug_aranges
                0x0000000000000138       0x20 ./Src/sysmem.o
 .debug_aranges
                0x0000000000000158       0x28 ./Startup/startup_stm32h750vbtx.o

.debug_ranges   0x0000000000000000      0x148
 .debug_ranges  0x0000000000000000       0x80 ./Src/main.o
 .debug_ranges  0x0000000000000080       0x98 ./Src/syscalls.o
 .debug_ranges  0x0000000000000118       0x10 ./Src/sysmem.o
 .debug_ranges  0x0000000000000128       0x20 ./Startup/startup_stm32h750vbtx.o

.debug_macro    0x0000000000000000     0x24bd
 .debug_macro   0x0000000000000000       0xd6 ./Src/main.o
 .debug_macro   0x00000000000000d6      0x24c ./Src/syscalls.o
 .debug_macro   0x0000000000000322      0xa9c ./Src/syscalls.o
 .debug_macro   0x0000000000000dbe       0x4c ./Src/syscalls.o
 .debug_macro   0x0000000000000e0a       0x1d ./Src/syscalls.o
 .debug_macro   0x0000000000000e27       0x94 ./Src/syscalls.o
 .debug_macro   0x0000000000000ebb       0x3c ./Src/syscalls.o
 .debug_macro   0x0000000000000ef7       0x34 ./Src/syscalls.o
 .debug_macro   0x0000000000000f2b       0x57 ./Src/syscalls.o
 .debug_macro   0x0000000000000f82      0x174 ./Src/syscalls.o
 .debug_macro   0x00000000000010f6      0x341 ./Src/syscalls.o
 .debug_macro   0x0000000000001437       0x16 ./Src/syscalls.o
 .debug_macro   0x000000000000144d       0x43 ./Src/syscalls.o
 .debug_macro   0x0000000000001490       0x34 ./Src/syscalls.o
 .debug_macro   0x00000000000014c4       0x10 ./Src/syscalls.o
 .debug_macro   0x00000000000014d4       0x58 ./Src/syscalls.o
 .debug_macro   0x000000000000152c       0x71 ./Src/syscalls.o
 .debug_macro   0x000000000000159d       0x1c ./Src/syscalls.o
 .debug_macro   0x00000000000015b9      0x12a ./Src/syscalls.o
 .debug_macro   0x00000000000016e3       0x10 ./Src/syscalls.o
 .debug_macro   0x00000000000016f3       0x35 ./Src/syscalls.o
 .debug_macro   0x0000000000001728       0x10 ./Src/syscalls.o
 .debug_macro   0x0000000000001738       0x10 ./Src/syscalls.o
 .debug_macro   0x0000000000001748       0x10 ./Src/syscalls.o
 .debug_macro   0x0000000000001758       0x1c ./Src/syscalls.o
 .debug_macro   0x0000000000001774       0x52 ./Src/syscalls.o
 .debug_macro   0x00000000000017c6       0x22 ./Src/syscalls.o
 .debug_macro   0x00000000000017e8       0x10 ./Src/syscalls.o
 .debug_macro   0x00000000000017f8       0x52 ./Src/syscalls.o
 .debug_macro   0x000000000000184a       0xd5 ./Src/syscalls.o
 .debug_macro   0x000000000000191f       0x1c ./Src/syscalls.o
 .debug_macro   0x000000000000193b       0x3d ./Src/syscalls.o
 .debug_macro   0x0000000000001978       0x35 ./Src/syscalls.o
 .debug_macro   0x00000000000019ad      0x12c ./Src/syscalls.o
 .debug_macro   0x0000000000001ad9       0x16 ./Src/syscalls.o
 .debug_macro   0x0000000000001aef       0x16 ./Src/syscalls.o
 .debug_macro   0x0000000000001b05       0x29 ./Src/syscalls.o
 .debug_macro   0x0000000000001b2e       0x10 ./Src/syscalls.o
 .debug_macro   0x0000000000001b3e      0x241 ./Src/syscalls.o
 .debug_macro   0x0000000000001d7f       0x1c ./Src/syscalls.o
 .debug_macro   0x0000000000001d9b       0x10 ./Src/syscalls.o
 .debug_macro   0x0000000000001dab       0x10 ./Src/syscalls.o
 .debug_macro   0x0000000000001dbb       0x16 ./Src/syscalls.o
 .debug_macro   0x0000000000001dd1      0x145 ./Src/syscalls.o
 .debug_macro   0x0000000000001f16      0x189 ./Src/syscalls.o
 .debug_macro   0x000000000000209f       0x16 ./Src/syscalls.o
 .debug_macro   0x00000000000020b5       0xce ./Src/syscalls.o
 .debug_macro   0x0000000000002183       0xff ./Src/sysmem.o
 .debug_macro   0x0000000000002282      0x23b ./Src/sysmem.o

.debug_line     0x0000000000000000     0x1348
 .debug_line    0x0000000000000000      0x5f0 ./Src/main.o
 .debug_line    0x00000000000005f0      0x7ef ./Src/syscalls.o
 .debug_line    0x0000000000000ddf      0x4e5 ./Src/sysmem.o
 .debug_line    0x00000000000012c4       0x84 ./Startup/startup_stm32h750vbtx.o

.debug_str      0x0000000000000000    0xebea6
 .debug_str     0x0000000000000000    0xe64ce ./Src/main.o
                                      0xe6704 (size before relaxing)
 .debug_str     0x00000000000e64ce     0x5937 ./Src/syscalls.o
                                       0x8ac8 (size before relaxing)
 .debug_str     0x00000000000ebe05       0x70 ./Src/sysmem.o
                                       0x5e04 (size before relaxing)
 .debug_str     0x00000000000ebe75       0x31 ./Startup/startup_stm32h750vbtx.o
                                         0x6a (size before relaxing)

.comment        0x0000000000000000       0x50
 .comment       0x0000000000000000       0x50 ./Src/main.o
                                         0x51 (size before relaxing)
 .comment       0x0000000000000050       0x51 ./Src/syscalls.o
 .comment       0x0000000000000050       0x51 ./Src/sysmem.o

.debug_frame    0x0000000000000000      0x9d0
 .debug_frame   0x0000000000000000      0x248 ./Src/main.o
 .debug_frame   0x0000000000000248      0x2ac ./Src/syscalls.o
 .debug_frame   0x00000000000004f4       0x34 ./Src/sysmem.o
 .debug_frame   0x0000000000000528       0x28 /home/ghita/st/stm32cubeide_1.11.0/plugins/com.st.stm32cube.ide.mcu.externaltools.gnu-tools-for-stm32.10.3-2021.10.linux64_1.0.100.202210260954/tools/bin/../lib/gcc/arm-none-eabi/10.3.1/../../../../arm-none-eabi/lib/thumb/v7e-m+dp/hard/libstdc++_nano.a(new_op.o)
 .debug_frame   0x0000000000000550       0x40 /home/ghita/st/stm32cubeide_1.11.0/plugins/com.st.stm32cube.ide.mcu.externaltools.gnu-tools-for-stm32.10.3-2021.10.linux64_1.0.100.202210260954/tools/bin/../lib/gcc/arm-none-eabi/10.3.1/../../../../arm-none-eabi/lib/thumb/v7e-m+dp/hard/libstdc++_nano.a(pure.o)
 .debug_frame   0x0000000000000590       0xb0 /home/ghita/st/stm32cubeide_1.11.0/plugins/com.st.stm32cube.ide.mcu.externaltools.gnu-tools-for-stm32.10.3-2021.10.linux64_1.0.100.202210260954/tools/bin/../lib/gcc/arm-none-eabi/10.3.1/../../../../arm-none-eabi/lib/thumb/v7e-m+dp/hard/libstdc++_nano.a(eh_terminate.o)
 .debug_frame   0x0000000000000640       0x30 /home/ghita/st/stm32cubeide_1.11.0/plugins/com.st.stm32cube.ide.mcu.externaltools.gnu-tools-for-stm32.10.3-2021.10.linux64_1.0.100.202210260954/tools/bin/../lib/gcc/arm-none-eabi/10.3.1/../../../../arm-none-eabi/lib/thumb/v7e-m+dp/hard/libstdc++_nano.a(new_handler.o)
 .debug_frame   0x0000000000000670       0x28 /home/ghita/st/stm32cubeide_1.11.0/plugins/com.st.stm32cube.ide.mcu.externaltools.gnu-tools-for-stm32.10.3-2021.10.linux64_1.0.100.202210260954/tools/bin/../lib/gcc/arm-none-eabi/10.3.1/../../../../arm-none-eabi/lib/thumb/v7e-m+dp/hard/libc_nano.a(lib_a-abort.o)
 .debug_frame   0x0000000000000698       0x20 /home/ghita/st/stm32cubeide_1.11.0/plugins/com.st.stm32cube.ide.mcu.externaltools.gnu-tools-for-stm32.10.3-2021.10.linux64_1.0.100.202210260954/tools/bin/../lib/gcc/arm-none-eabi/10.3.1/../../../../arm-none-eabi/lib/thumb/v7e-m+dp/hard/libc_nano.a(lib_a-errno.o)
 .debug_frame   0x00000000000006b8       0x2c /home/ghita/st/stm32cubeide_1.11.0/plugins/com.st.stm32cube.ide.mcu.externaltools.gnu-tools-for-stm32.10.3-2021.10.linux64_1.0.100.202210260954/tools/bin/../lib/gcc/arm-none-eabi/10.3.1/../../../../arm-none-eabi/lib/thumb/v7e-m+dp/hard/libc_nano.a(lib_a-init.o)
 .debug_frame   0x00000000000006e4       0x30 /home/ghita/st/stm32cubeide_1.11.0/plugins/com.st.stm32cube.ide.mcu.externaltools.gnu-tools-for-stm32.10.3-2021.10.linux64_1.0.100.202210260954/tools/bin/../lib/gcc/arm-none-eabi/10.3.1/../../../../arm-none-eabi/lib/thumb/v7e-m+dp/hard/libc_nano.a(lib_a-malloc.o)
 .debug_frame   0x0000000000000714       0x4c /home/ghita/st/stm32cubeide_1.11.0/plugins/com.st.stm32cube.ide.mcu.externaltools.gnu-tools-for-stm32.10.3-2021.10.linux64_1.0.100.202210260954/tools/bin/../lib/gcc/arm-none-eabi/10.3.1/../../../../arm-none-eabi/lib/thumb/v7e-m+dp/hard/libc_nano.a(lib_a-nano-mallocr.o)
 .debug_frame   0x0000000000000760       0x2c /home/ghita/st/stm32cubeide_1.11.0/plugins/com.st.stm32cube.ide.mcu.externaltools.gnu-tools-for-stm32.10.3-2021.10.linux64_1.0.100.202210260954/tools/bin/../lib/gcc/arm-none-eabi/10.3.1/../../../../arm-none-eabi/lib/thumb/v7e-m+dp/hard/libc_nano.a(lib_a-sbrkr.o)
 .debug_frame   0x000000000000078c       0xcc /home/ghita/st/stm32cubeide_1.11.0/plugins/com.st.stm32cube.ide.mcu.externaltools.gnu-tools-for-stm32.10.3-2021.10.linux64_1.0.100.202210260954/tools/bin/../lib/gcc/arm-none-eabi/10.3.1/../../../../arm-none-eabi/lib/thumb/v7e-m+dp/hard/libc_nano.a(lib_a-signal.o)
 .debug_frame   0x0000000000000858       0x3c /home/ghita/st/stm32cubeide_1.11.0/plugins/com.st.stm32cube.ide.mcu.externaltools.gnu-tools-for-stm32.10.3-2021.10.linux64_1.0.100.202210260954/tools/bin/../lib/gcc/arm-none-eabi/10.3.1/../../../../arm-none-eabi/lib/thumb/v7e-m+dp/hard/libc_nano.a(lib_a-signalr.o)
 .debug_frame   0x0000000000000894       0x30 /home/ghita/st/stm32cubeide_1.11.0/plugins/com.st.stm32cube.ide.mcu.externaltools.gnu-tools-for-stm32.10.3-2021.10.linux64_1.0.100.202210260954/tools/bin/../lib/gcc/arm-none-eabi/10.3.1/../../../../arm-none-eabi/lib/thumb/v7e-m+dp/hard/libc_nano.a(lib_a-mlock.o)
 .debug_frame   0x00000000000008c4       0x5c /home/ghita/st/stm32cubeide_1.11.0/plugins/com.st.stm32cube.ide.mcu.externaltools.gnu-tools-for-stm32.10.3-2021.10.linux64_1.0.100.202210260954/tools/bin/../lib/gcc/arm-none-eabi/10.3.1/../../../../arm-none-eabi/lib/thumb/v7e-m+dp/hard/libc_nano.a(lib_a-reent.o)
 .debug_frame   0x0000000000000920       0xb0 /home/ghita/st/stm32cubeide_1.11.0/plugins/com.st.stm32cube.ide.mcu.externaltools.gnu-tools-for-stm32.10.3-2021.10.linux64_1.0.100.202210260954/tools/bin/../lib/gcc/arm-none-eabi/10.3.1/../../../../arm-none-eabi/lib/thumb/v7e-m+dp/hard/libc_nano.a(lib_a-lock.o)
