Archive member included to satisfy reference by file (symbol)

/home/ghita/st/stm32cubeide_1.11.0/plugins/com.st.stm32cube.ide.mcu.externaltools.gnu-tools-for-stm32.10.3-2021.10.linux64_1.0.100.202210260954/tools/bin/../lib/gcc/arm-none-eabi/10.3.1/../../../../arm-none-eabi/lib/thumb/v7e-m+dp/hard/libstdc++_nano.a(del_ops.o)
                              ./Src/main.o (operator delete(void*, unsigned int))
/home/ghita/st/stm32cubeide_1.11.0/plugins/com.st.stm32cube.ide.mcu.externaltools.gnu-tools-for-stm32.10.3-2021.10.linux64_1.0.100.202210260954/tools/bin/../lib/gcc/arm-none-eabi/10.3.1/../../../../arm-none-eabi/lib/thumb/v7e-m+dp/hard/libstdc++_nano.a(new_op.o)
                              ./Src/main.o (operator new(unsigned int))
/home/ghita/st/stm32cubeide_1.11.0/plugins/com.st.stm32cube.ide.mcu.externaltools.gnu-tools-for-stm32.10.3-2021.10.linux64_1.0.100.202210260954/tools/bin/../lib/gcc/arm-none-eabi/10.3.1/../../../../arm-none-eabi/lib/thumb/v7e-m+dp/hard/libstdc++_nano.a(pure.o)
                              ./Src/main.o (__cxa_pure_virtual)
/home/ghita/st/stm32cubeide_1.11.0/plugins/com.st.stm32cube.ide.mcu.externaltools.gnu-tools-for-stm32.10.3-2021.10.linux64_1.0.100.202210260954/tools/bin/../lib/gcc/arm-none-eabi/10.3.1/../../../../arm-none-eabi/lib/thumb/v7e-m+dp/hard/libstdc++_nano.a(del_op.o)
                              /home/ghita/st/stm32cubeide_1.11.0/plugins/com.st.stm32cube.ide.mcu.externaltools.gnu-tools-for-stm32.10.3-2021.10.linux64_1.0.100.202210260954/tools/bin/../lib/gcc/arm-none-eabi/10.3.1/../../../../arm-none-eabi/lib/thumb/v7e-m+dp/hard/libstdc++_nano.a(del_ops.o) (operator delete(void*))
/home/ghita/st/stm32cubeide_1.11.0/plugins/com.st.stm32cube.ide.mcu.externaltools.gnu-tools-for-stm32.10.3-2021.10.linux64_1.0.100.202210260954/tools/bin/../lib/gcc/arm-none-eabi/10.3.1/../../../../arm-none-eabi/lib/thumb/v7e-m+dp/hard/libstdc++_nano.a(eh_terminate.o)
                              /home/ghita/st/stm32cubeide_1.11.0/plugins/com.st.stm32cube.ide.mcu.externaltools.gnu-tools-for-stm32.10.3-2021.10.linux64_1.0.100.202210260954/tools/bin/../lib/gcc/arm-none-eabi/10.3.1/../../../../arm-none-eabi/lib/thumb/v7e-m+dp/hard/libstdc++_nano.a(pure.o) (std::terminate())
/home/ghita/st/stm32cubeide_1.11.0/plugins/com.st.stm32cube.ide.mcu.externaltools.gnu-tools-for-stm32.10.3-2021.10.linux64_1.0.100.202210260954/tools/bin/../lib/gcc/arm-none-eabi/10.3.1/../../../../arm-none-eabi/lib/thumb/v7e-m+dp/hard/libstdc++_nano.a(eh_unex_handler.o)
                              /home/ghita/st/stm32cubeide_1.11.0/plugins/com.st.stm32cube.ide.mcu.externaltools.gnu-tools-for-stm32.10.3-2021.10.linux64_1.0.100.202210260954/tools/bin/../lib/gcc/arm-none-eabi/10.3.1/../../../../arm-none-eabi/lib/thumb/v7e-m+dp/hard/libstdc++_nano.a(eh_terminate.o) (__cxxabiv1::__unexpected_handler)
/home/ghita/st/stm32cubeide_1.11.0/plugins/com.st.stm32cube.ide.mcu.externaltools.gnu-tools-for-stm32.10.3-2021.10.linux64_1.0.100.202210260954/tools/bin/../lib/gcc/arm-none-eabi/10.3.1/../../../../arm-none-eabi/lib/thumb/v7e-m+dp/hard/libstdc++_nano.a(new_handler.o)
                              /home/ghita/st/stm32cubeide_1.11.0/plugins/com.st.stm32cube.ide.mcu.externaltools.gnu-tools-for-stm32.10.3-2021.10.linux64_1.0.100.202210260954/tools/bin/../lib/gcc/arm-none-eabi/10.3.1/../../../../arm-none-eabi/lib/thumb/v7e-m+dp/hard/libstdc++_nano.a(new_op.o) (std::get_new_handler())
/home/ghita/st/stm32cubeide_1.11.0/plugins/com.st.stm32cube.ide.mcu.externaltools.gnu-tools-for-stm32.10.3-2021.10.linux64_1.0.100.202210260954/tools/bin/../lib/gcc/arm-none-eabi/10.3.1/../../../../arm-none-eabi/lib/thumb/v7e-m+dp/hard/libstdc++_nano.a(eh_term_handler.o)
                              /home/ghita/st/stm32cubeide_1.11.0/plugins/com.st.stm32cube.ide.mcu.externaltools.gnu-tools-for-stm32.10.3-2021.10.linux64_1.0.100.202210260954/tools/bin/../lib/gcc/arm-none-eabi/10.3.1/../../../../arm-none-eabi/lib/thumb/v7e-m+dp/hard/libstdc++_nano.a(eh_terminate.o) (__cxxabiv1::__terminate_handler)
/home/ghita/st/stm32cubeide_1.11.0/plugins/com.st.stm32cube.ide.mcu.externaltools.gnu-tools-for-stm32.10.3-2021.10.linux64_1.0.100.202210260954/tools/bin/../lib/gcc/arm-none-eabi/10.3.1/../../../../arm-none-eabi/lib/thumb/v7e-m+dp/hard/libc_nano.a(lib_a-abort.o)
                              /home/ghita/st/stm32cubeide_1.11.0/plugins/com.st.stm32cube.ide.mcu.externaltools.gnu-tools-for-stm32.10.3-2021.10.linux64_1.0.100.202210260954/tools/bin/../lib/gcc/arm-none-eabi/10.3.1/../../../../arm-none-eabi/lib/thumb/v7e-m+dp/hard/libstdc++_nano.a(new_op.o) (abort)
/home/ghita/st/stm32cubeide_1.11.0/plugins/com.st.stm32cube.ide.mcu.externaltools.gnu-tools-for-stm32.10.3-2021.10.linux64_1.0.100.202210260954/tools/bin/../lib/gcc/arm-none-eabi/10.3.1/../../../../arm-none-eabi/lib/thumb/v7e-m+dp/hard/libc_nano.a(lib_a-errno.o)
                              ./Src/syscalls.o (__errno)
[...]
Memory Configuration

Name             Origin             Length             Attributes
FLASH            0x0000000008000000 0x0000000000020000 xr
DTCMRAM          0x0000000020000000 0x0000000000020000 xrw
RAM_D1           0x0000000024000000 0x0000000000080000 xrw
RAM_D2           0x0000000030000000 0x0000000000048000 xrw
RAM_D3           0x0000000038000000 0x0000000000010000 xrw
ITCMRAM          0x0000000000000000 0x0000000000010000 xrw
*default*        0x0000000000000000 0xffffffffffffffff

Linker script and memory map

LOAD /home/ghita/st/stm32cubeide_1.11.0/plugins/com.st.stm32cube.ide.mcu.externaltools.gnu-tools-for-stm32.10.3-2021.10.linux64_1.0.100.202210260954/tools/bin/../lib/gcc/arm-none-eabi/10.3.1/thumb/v7e-m+dp/hard/crti.o
LOAD /home/ghita/st/stm32cubeide_1.11.0/plugins/com.st.stm32cube.ide.mcu.externaltools.gnu-tools-for-stm32.10.3-2021.10.linux64_1.0.100.202210260954/tools/bin/../lib/gcc/arm-none-eabi/10.3.1/thumb/v7e-m+dp/hard/crtbegin.o
LOAD /home/ghita/st/stm32cubeide_1.11.0/plugins/com.st.stm32cube.ide.mcu.externaltools.gnu-tools-for-stm32.10.3-2021.10.linux64_1.0.100.202210260954/tools/bin/../lib/gcc/arm-none-eabi/10.3.1/../../../../arm-none-eabi/lib/thumb/v7e-m+dp/hard/crt0.o
LOAD ./Src/App.o
LOAD ./Src/dio.o
LOAD ./Src/main.o
LOAD ./Src/rcc.o
LOAD ./Src/syscalls.o
LOAD ./Src/sysmem.o
LOAD ./Startup/startup_stm32h750vbtx.o
START GROUP
LOAD /home/ghita/st/stm32cubeide_1.11.0/plugins/com.st.stm32cube.ide.mcu.externaltools.gnu-tools-for-stm32.10.3-2021.10.linux64_1.0.100.202210260954/tools/bin/../lib/gcc/arm-none-eabi/10.3.1/../../../../arm-none-eabi/lib/thumb/v7e-m+dp/hard/libstdc++_nano.a
LOAD /home/ghita/st/stm32cubeide_1.11.0/plugins/com.st.stm32cube.ide.mcu.externaltools.gnu-tools-for-stm32.10.3-2021.10.linux64_1.0.100.202210260954/tools/bin/../lib/gcc/arm-none-eabi/10.3.1/../../../../arm-none-eabi/lib/thumb/v7e-m+dp/hard/libsupc++_nano.a
END GROUP
LOAD /home/ghita/st/stm32cubeide_1.11.0/plugins/com.st.stm32cube.ide.mcu.externaltools.gnu-tools-for-stm32.10.3-2021.10.linux64_1.0.100.202210260954/tools/bin/../lib/gcc/arm-none-eabi/10.3.1/../../../../arm-none-eabi/lib/thumb/v7e-m+dp/hard/libstdc++_nano.a
LOAD /home/ghita/st/stm32cubeide_1.11.0/plugins/com.st.stm32cube.ide.mcu.externaltools.gnu-tools-for-stm32.10.3-2021.10.linux64_1.0.100.202210260954/tools/bin/../lib/gcc/arm-none-eabi/10.3.1/../../../../arm-none-eabi/lib/thumb/v7e-m+dp/hard/libm.a
LOAD /home/ghita/st/stm32cubeide_1.11.0/plugins/com.st.stm32cube.ide.mcu.externaltools.gnu-tools-for-stm32.10.3-2021.10.linux64_1.0.100.202210260954/tools/bin/../lib/gcc/arm-none-eabi/10.3.1/../../../../arm-none-eabi/lib/thumb/v7e-m+dp/hard/libc_nano.a
START GROUP
LOAD /home/ghita/st/stm32cubeide_1.11.0/plugins/com.st.stm32cube.ide.mcu.externaltools.gnu-tools-for-stm32.10.3-2021.10.linux64_1.0.100.202210260954/tools/bin/../lib/gcc/arm-none-eabi/10.3.1/thumb/v7e-m+dp/hard/libgcc.a
LOAD /home/ghita/st/stm32cubeide_1.11.0/plugins/com.st.stm32cube.ide.mcu.externaltools.gnu-tools-for-stm32.10.3-2021.10.linux64_1.0.100.202210260954/tools/bin/../lib/gcc/arm-none-eabi/10.3.1/../../../../arm-none-eabi/lib/thumb/v7e-m+dp/hard/libc_nano.a
END GROUP
START GROUP
LOAD /home/ghita/st/stm32cubeide_1.11.0/plugins/com.st.stm32cube.ide.mcu.externaltools.gnu-tools-for-stm32.10.3-2021.10.linux64_1.0.100.202210260954/tools/bin/../lib/gcc/arm-none-eabi/10.3.1/thumb/v7e-m+dp/hard/libgcc.a
LOAD /home/ghita/st/stm32cubeide_1.11.0/plugins/com.st.stm32cube.ide.mcu.externaltools.gnu-tools-for-stm32.10.3-2021.10.linux64_1.0.100.202210260954/tools/bin/../lib/gcc/arm-none-eabi/10.3.1/../../../../arm-none-eabi/lib/thumb/v7e-m+dp/hard/libc_nano.a
LOAD /home/ghita/st/stm32cubeide_1.11.0/plugins/com.st.stm32cube.ide.mcu.externaltools.gnu-tools-for-stm32.10.3-2021.10.linux64_1.0.100.202210260954/tools/bin/../lib/gcc/arm-none-eabi/10.3.1/../../../../arm-none-eabi/lib/thumb/v7e-m+dp/hard/libnosys.a
END GROUP
START GROUP
LOAD /home/ghita/st/stm32cubeide_1.11.0/plugins/com.st.stm32cube.ide.mcu.externaltools.gnu-tools-for-stm32.10.3-2021.10.linux64_1.0.100.202210260954/tools/bin/../lib/gcc/arm-none-eabi/10.3.1/thumb/v7e-m+dp/hard/libgcc.a
LOAD /home/ghita/st/stm32cubeide_1.11.0/plugins/com.st.stm32cube.ide.mcu.externaltools.gnu-tools-for-stm32.10.3-2021.10.linux64_1.0.100.202210260954/tools/bin/../lib/gcc/arm-none-eabi/10.3.1/../../../../arm-none-eabi/lib/thumb/v7e-m+dp/hard/libc_nano.a
LOAD /home/ghita/st/stm32cubeide_1.11.0/plugins/com.st.stm32cube.ide.mcu.externaltools.gnu-tools-for-stm32.10.3-2021.10.linux64_1.0.100.202210260954/tools/bin/../lib/gcc/arm-none-eabi/10.3.1/../../../../arm-none-eabi/lib/thumb/v7e-m+dp/hard/libnosys.a
END GROUP
LOAD /home/ghita/st/stm32cubeide_1.11.0/plugins/com.st.stm32cube.ide.mcu.externaltools.gnu-tools-for-stm32.10.3-2021.10.linux64_1.0.100.202210260954/tools/bin/../lib/gcc/arm-none-eabi/10.3.1/thumb/v7e-m+dp/hard/crtend.o
LOAD /home/ghita/st/stm32cubeide_1.11.0/plugins/com.st.stm32cube.ide.mcu.externaltools.gnu-tools-for-stm32.10.3-2021.10.linux64_1.0.100.202210260954/tools/bin/../lib/gcc/arm-none-eabi/10.3.1/thumb/v7e-m+dp/hard/crtn.o
                0x0000000024080000                _estack = (ORIGIN (RAM_D1) + LENGTH (RAM_D1))
                0x0000000000000200                _Min_Heap_Size = 0x200
                0x0000000000000400                _Min_Stack_Size = 0x400

.isr_vector     0x0000000008000000      0x298
                0x0000000008000000                . = ALIGN (0x4)
 *(.isr_vector)
 .isr_vector    0x0000000008000000      0x298 ./Startup/startup_stm32h750vbtx.o
                0x0000000008000000                g_pfnVectors
                0x0000000008000298                . = ALIGN (0x4)

.text           0x0000000008000298      0xb8c
                0x0000000008000298                . = ALIGN (0x4)
 *(.text)
 .text          0x0000000008000298       0x40 /home/ghita/st/stm32cubeide_1.11.0/plugins/com.st.stm32cube.ide.mcu.externaltools.gnu-tools-for-stm32.10.3-2021.10.linux64_1.0.100.202210260954/tools/bin/../lib/gcc/arm-none-eabi/10.3.1/thumb/v7e-m+dp/hard/crtbegin.o
 *(.text*)
 .text._ZN6DeviceC2Ev
                0x00000000080002d8       0x20 ./Src/main.o
                0x00000000080002d8                Device::Device()
                0x00000000080002d8                Device::Device()
 .text._ZN3PinC2Ev
                0x00000000080002f8       0x24 ./Src/main.o
                0x00000000080002f8                Pin::Pin()
                0x00000000080002f8                Pin::Pin()
 .text._ZN3Pin5SetupEv
                0x000000000800031c       0x14 ./Src/main.o
                0x000000000800031c                Pin::Setup()
 .text._ZN4PortC2EP12GPIO_TypeDef
                0x0000000008000330       0x48 ./Src/main.o
                0x0000000008000330                Port::Port(GPIO_TypeDef*)
                0x0000000008000330                Port::Port(GPIO_TypeDef*)
 .text._ZN6DeviceC2ERKS_
                0x0000000008000378       0x24 ./Src/main.o
                0x0000000008000378                Device::Device(Device const&)
                0x0000000008000378                Device::Device(Device const&)
 .text._ZN3PinC2ERKS_
                0x000000000800039c       0x2c ./Src/main.o
                0x000000000800039c                Pin::Pin(Pin const&)
                0x000000000800039c                Pin::Pin(Pin const&)
 .text._ZN4Port5SetupEv
                0x00000000080003c8       0x46 ./Src/main.o
                0x00000000080003c8                Port::Setup()
 *fill*         0x000000000800040e        0x2 
 .text._ZN3DioC2Ev
                0x0000000008000410       0x4c ./Src/main.o
                0x0000000008000410                Dio::Dio()
                0x0000000008000410                Dio::Dio()
 .text._ZN3Dio6ToggleE8PortNameh
                0x000000000800045c       0x28 ./Src/main.o
                0x000000000800045c                Dio::Toggle(PortName, unsigned char)
 .text._ZN3Dio5SetupEv
                0x0000000008000484       0x14 ./Src/main.o
                0x0000000008000484                Dio::Setup()
 .text._ZN3DioD2Ev
                0x0000000008000498       0x20 ./Src/main.o
                0x0000000008000498                Dio::~Dio()
                0x0000000008000498                Dio::~Dio()
 .text._ZN3DioD0Ev
                0x00000000080004b8       0x22 ./Src/main.o
                0x00000000080004b8                Dio::~Dio()
 *fill*         0x00000000080004da        0x2 
 .text._ZN5TimerC2Ev
                0x00000000080004dc       0x24 ./Src/main.o
                0x00000000080004dc                Timer::Timer()
                0x00000000080004dc                Timer::Timer()
 .text._ZN5Timer5SetupEv
                0x0000000008000500       0x14 ./Src/main.o
                0x0000000008000500                Timer::Setup()
 .text._ZN5TimerD2Ev
                0x0000000008000514       0x20 ./Src/main.o
                0x0000000008000514                Timer::~Timer()
                0x0000000008000514                Timer::~Timer()
 .text._ZN5TimerD0Ev
                0x0000000008000534       0x20 ./Src/main.o
                0x0000000008000534                Timer::~Timer()
 .text._ZN3CanC2Ev
                0x0000000008000554       0x24 ./Src/main.o
                0x0000000008000554                Can::Can()
                0x0000000008000554                Can::Can()
 .text._ZN3Can5SetupEv
                0x0000000008000578       0x14 ./Src/main.o
                0x0000000008000578                Can::Setup()
 .text._ZN3CanD2Ev
                0x000000000800058c       0x20 ./Src/main.o
                0x000000000800058c                Can::~Can()
                0x000000000800058c                Can::~Can()
 .text._ZN3CanD0Ev
                0x00000000080005ac       0x20 ./Src/main.o
                0x00000000080005ac                Can::~Can()
 .text._ZN3RccC2E13TypeRccSourcem
                0x00000000080005cc       0x38 ./Src/main.o
                0x00000000080005cc                Rcc::Rcc(TypeRccSource, unsigned long)
                0x00000000080005cc                Rcc::Rcc(TypeRccSource, unsigned long)
 .text._ZN3AppC2Ev
                0x0000000008000604       0xc8 ./Src/main.o
                0x0000000008000604                App::App()
                0x0000000008000604                App::App()
 .text._ZN3App4LoopEv
                0x00000000080006cc       0x1e ./Src/main.o
                0x00000000080006cc                App::Loop()
 *fill*         0x00000000080006ea        0x2 
 .text._ZN3AppD2Ev
                0x00000000080006ec       0x54 ./Src/main.o
                0x00000000080006ec                App::~App()
                0x00000000080006ec                App::~App()
 .text._ZN3AppD0Ev
                0x0000000008000740       0x20 ./Src/main.o
                0x0000000008000740                App::~App()
 .text.main     0x0000000008000760       0x20 ./Src/main.o
                0x0000000008000760                main
 .text._ZN3RccD2Ev
                0x0000000008000780       0x20 ./Src/rcc.o
                0x0000000008000780                Rcc::~Rcc()
                0x0000000008000780                Rcc::~Rcc()
 .text._ZN3RccD0Ev
                0x00000000080007a0       0x20 ./Src/rcc.o
                0x00000000080007a0                Rcc::~Rcc()
 .text._ZN3Rcc5SetupEv
                0x00000000080007c0      0x1dc ./Src/rcc.o
                0x00000000080007c0                Rcc::Setup()
 .text._getpid  0x000000000800099c       0x10 ./Src/syscalls.o
                0x000000000800099c                _getpid
 .text._kill    0x00000000080009ac       0x20 ./Src/syscalls.o
                0x00000000080009ac                _kill
 .text._exit    0x00000000080009cc       0x14 ./Src/syscalls.o
                0x00000000080009cc                _exit
 .text._sbrk    0x00000000080009e0       0x6c ./Src/sysmem.o
                0x00000000080009e0                _sbrk
 .text.Reset_Handler
                0x0000000008000a4c       0x50 ./Startup/startup_stm32h750vbtx.o
                0x0000000008000a4c                Reset_Handler
 .text.Default_Handler
                0x0000000008000a9c        0x2 ./Startup/startup_stm32h750vbtx.o
                0x0000000008000a9c                HASH_RNG_IRQHandler
                0x0000000008000a9c                EXTI2_IRQHandler
                0x0000000008000a9c                TIM8_CC_IRQHandler
                0x0000000008000a9c                DMA_STR2_IRQHandler
                0x0000000008000a9c                DebugMon_Handler
                0x0000000008000a9c                UART8_IRQHandler
                0x0000000008000a9c                SPI4_IRQHandler
                0x0000000008000a9c                HRTIM1_MST_IRQHandler
                0x0000000008000a9c                HardFault_Handler
                0x0000000008000a9c                DMA_STR5_IRQHandler
                0x0000000008000a9c                HRTIM1_FLT_IRQHandler
                0x0000000008000a9c                JPEG_IRQHandler
                0x0000000008000a9c                SysTick_Handler
                0x0000000008000a9c                DMA2_STR1_IRQHandler
                0x0000000008000a9c                DMA2_STR5_IRQHandler
                0x0000000008000a9c                HRTIM1_TIMD_IRQHandler
                0x0000000008000a9c                PendSV_Handler
                0x0000000008000a9c                NMI_Handler
                0x0000000008000a9c                EXTI3_IRQHandler
                0x0000000008000a9c                LPTIM4_IRQHandler
                0x0000000008000a9c                TIM8_TRG_COM_TIM14_IRQHandler
                0x0000000008000a9c                LPTIM2_IRQHandler
                0x0000000008000a9c                DFSDM1_FLT1_IRQHandler
                0x0000000008000a9c                DMAMUX2_OVR_IRQHandler
                0x0000000008000a9c                TIM8_UP_TIM13_IRQHandler
                0x0000000008000a9c                I2C3_ER_IRQHandler
                0x0000000008000a9c                DFSDM1_FLT2_IRQHandler
                0x0000000008000a9c                MDMA_IRQHandler
                0x0000000008000a9c                LPTIM3_IRQHandler
                0x0000000008000a9c                EXTI0_IRQHandler
                0x0000000008000a9c                I2C2_EV_IRQHandler
                0x0000000008000a9c                FPU_IRQHandler
                0x0000000008000a9c                DMA_STR1_IRQHandler
                0x0000000008000a9c                OTG_HS_WKUP_IRQHandler
                0x0000000008000a9c                FDCAN1_IT1_IRQHandler
                0x0000000008000a9c                UsageFault_Handler
                0x0000000008000a9c                LTDC_ER_IRQHandler
                0x0000000008000a9c                ADC1_2_IRQHandler
                0x0000000008000a9c                SPI1_IRQHandler
                0x0000000008000a9c                BDMA_CH2_IRQHandler
                0x0000000008000a9c                TIM6_DAC_IRQHandler
                0x0000000008000a9c                DCMI_IRQHandler
                0x0000000008000a9c                HRTIM1_TIMC_IRQHandler
                0x0000000008000a9c                SDMMC_IRQHandler
                0x0000000008000a9c                RTC_ALARM_IRQHandler
                0x0000000008000a9c                DMA_STR0_IRQHandler
                0x0000000008000a9c                SAI2_IRQHandler
                0x0000000008000a9c                DMA2_STR3_IRQHandler
                0x0000000008000a9c                DFSDM1_FLT3_IRQHandler
                0x0000000008000a9c                USART6_IRQHandler
                0x0000000008000a9c                BDMA_CH5_IRQHandler
                0x0000000008000a9c                TIM17_IRQHandler
                0x0000000008000a9c                BDMA_CH6_IRQHandler
                0x0000000008000a9c                USART3_IRQHandler
                0x0000000008000a9c                WKUP_IRQHandler
                0x0000000008000a9c                CRYP_IRQHandler
                0x0000000008000a9c                BDMA_CH3_IRQHandler
                0x0000000008000a9c                LPTIM5_IRQHandler
                0x0000000008000a9c                LPUART_IRQHandler
                0x0000000008000a9c                UART5_IRQHandler
                0x0000000008000a9c                ADC3_IRQHandler
                0x0000000008000a9c                DMA_STR6_IRQHandler
                0x0000000008000a9c                TIM4_IRQHandler
                0x0000000008000a9c                QUADSPI_IRQHandler
                0x0000000008000a9c                I2C1_EV_IRQHandler
                0x0000000008000a9c                DMA1_STR7_IRQHandler
                0x0000000008000a9c                TIM16_IRQHandler
                0x0000000008000a9c                UART4_IRQHandler
                0x0000000008000a9c                TIM3_IRQHandler
                0x0000000008000a9c                RCC_IRQHandler
                0x0000000008000a9c                TIM8_BRK_TIM12_IRQHandler
                0x0000000008000a9c                TIM1_TRG_COM_IRQHandler
                0x0000000008000a9c                Default_Handler
                0x0000000008000a9c                HRTIM_TIMB_IRQHandler
                0x0000000008000a9c                CEC_IRQHandler
                0x0000000008000a9c                EXTI15_10_IRQHandler
                0x0000000008000a9c                BDMA_CH4_IRQHandler
                0x0000000008000a9c                DMA_STR3_IRQHandler
                0x0000000008000a9c                HRTIM_TIME_IRQHandler
                0x0000000008000a9c                HRTIM1_TIMA_IRQHandler
                0x0000000008000a9c                SPI5_IRQHandler
                0x0000000008000a9c                TIM7_IRQHandler
                0x0000000008000a9c                SDMMC1_IRQHandler
                0x0000000008000a9c                TIM5_IRQHandler
                0x0000000008000a9c                SPDIF_IRQHandler
                0x0000000008000a9c                TIM15_IRQHandler
                0x0000000008000a9c                I2C3_EV_IRQHandler
                0x0000000008000a9c                WWDG1_RST_IRQHandler
                0x0000000008000a9c                EXTI9_5_IRQHandler
                0x0000000008000a9c                DMA2_STR4_IRQHandler
                0x0000000008000a9c                RTC_WKUP_IRQHandler
                0x0000000008000a9c                DMA2_STR6_IRQHandler
                0x0000000008000a9c                LTDC_IRQHandler
                0x0000000008000a9c                SAI3_IRQHandler
                0x0000000008000a9c                ETH_WKUP_IRQHandler
                0x0000000008000a9c                PVD_PVM_IRQHandler
                0x0000000008000a9c                SPI2_IRQHandler
                0x0000000008000a9c                OTG_HS_EP1_IN_IRQHandler
                0x0000000008000a9c                MemManage_Handler
                0x0000000008000a9c                DMA2_STR0_IRQHandler
                0x0000000008000a9c                SVC_Handler
                0x0000000008000a9c                CRS_IRQHandler
                0x0000000008000a9c                EXTI4_IRQHandler
                0x0000000008000a9c                DMAMUX1_OV_IRQHandler
                0x0000000008000a9c                FDCAN2_IT1_IRQHandler
                0x0000000008000a9c                DMA_STR4_IRQHandler
                0x0000000008000a9c                COMP_IRQHandler
                0x0000000008000a9c                DMA2_STR2_IRQHandler
                0x0000000008000a9c                ETH_IRQHandler
                0x0000000008000a9c                TIM1_UP_IRQHandler
                0x0000000008000a9c                DMA2_STR7_IRQHandler
                0x0000000008000a9c                OTG_HS_EP1_OUT_IRQHandler
                0x0000000008000a9c                SPI6_IRQHandler
                0x0000000008000a9c                MDIOS_IRQHandler
                0x0000000008000a9c                I2C4_EV_IRQHandler
                0x0000000008000a9c                FDCAN2_IT0_IRQHandler
                0x0000000008000a9c                BDMA_CH7_IRQHandler
                0x0000000008000a9c                FDCAN1_IT0_IRQHandler
                0x0000000008000a9c                TIM2_IRQHandler
                0x0000000008000a9c                HSEM0_IRQHandler
                0x0000000008000a9c                OTG_FS_WKUP_IRQHandler
                0x0000000008000a9c                OTG_HS_IRQHandler
                0x0000000008000a9c                DMA2D_IRQHandler
                0x0000000008000a9c                TIM1_BRK_IRQHandler
                0x0000000008000a9c                EXTI1_IRQHandler
                0x0000000008000a9c                OTG_FS_EP1_OUT_IRQHandler
                0x0000000008000a9c                UART7_IRQHandler
                0x0000000008000a9c                MDIOS_WKUP_IRQHandler
                0x0000000008000a9c                USART2_IRQHandler
                0x0000000008000a9c                DFSDM1_FLT0_IRQHandler
                0x0000000008000a9c                SAI4_IRQHandler
                0x0000000008000a9c                I2C2_ER_IRQHandler
                0x0000000008000a9c                FLASH_IRQHandler
                0x0000000008000a9c                WWDG1_IRQHandler
                0x0000000008000a9c                BusFault_Handler
                0x0000000008000a9c                USART1_IRQHandler
                0x0000000008000a9c                OTG_FS_IRQHandler
                0x0000000008000a9c                SPI3_IRQHandler
                0x0000000008000a9c                OTG_FS_EP1_IN_IRQHandler
                0x0000000008000a9c                I2C1_ER_IRQHandler
                0x0000000008000a9c                FMC_IRQHandler
                0x0000000008000a9c                BDMA_CH1_IRQHandler
                0x0000000008000a9c                SWPMI1_IRQHandler
                0x0000000008000a9c                LPTIM1_IRQHandler
                0x0000000008000a9c                BDMA_CH8_IRQHandler
                0x0000000008000a9c                TIM_CC_IRQHandler
                0x0000000008000a9c                I2C4_ER_IRQHandler
                0x0000000008000a9c                SAI1_IRQHandler
                0x0000000008000a9c                RTC_TAMP_STAMP_CSS_LSE_IRQHandler
 .text._ZdlPvj  0x0000000008000a9e        0x4 /home/ghita/st/stm32cubeide_1.11.0/plugins/com.st.stm32cube.ide.mcu.externaltools.gnu-tools-for-stm32.10.3-2021.10.linux64_1.0.100.202210260954/tools/bin/../lib/gcc/arm-none-eabi/10.3.1/../../../../arm-none-eabi/lib/thumb/v7e-m+dp/hard/libstdc++_nano.a(del_ops.o)
                0x0000000008000a9e                operator delete(void*, unsigned int)
 .text._Znwj    0x0000000008000aa2       0x22 /home/ghita/st/stm32cubeide_1.11.0/plugins/com.st.stm32cube.ide.mcu.externaltools.gnu-tools-for-stm32.10.3-2021.10.linux64_1.0.100.202210260954/tools/bin/../lib/gcc/arm-none-eabi/10.3.1/../../../../arm-none-eabi/lib/thumb/v7e-m+dp/hard/libstdc++_nano.a(new_op.o)
                0x0000000008000aa2                operator new(unsigned int)
 .text.__cxa_pure_virtual
                0x0000000008000ac4        0x6 /home/ghita/st/stm32cubeide_1.11.0/plugins/com.st.stm32cube.ide.mcu.externaltools.gnu-tools-for-stm32.10.3-2021.10.linux64_1.0.100.202210260954/tools/bin/../lib/gcc/arm-none-eabi/10.3.1/../../../../arm-none-eabi/lib/thumb/v7e-m+dp/hard/libstdc++_nano.a(pure.o)
                0x0000000008000ac4                __cxa_pure_virtual
 .text._ZdlPv   0x0000000008000aca        0x4 /home/ghita/st/stm32cubeide_1.11.0/plugins/com.st.stm32cube.ide.mcu.externaltools.gnu-tools-for-stm32.10.3-2021.10.linux64_1.0.100.202210260954/tools/bin/../lib/gcc/arm-none-eabi/10.3.1/../../../../arm-none-eabi/lib/thumb/v7e-m+dp/hard/libstdc++_nano.a(del_op.o)
                0x0000000008000aca                operator delete(void*)
 .text._ZN10__cxxabiv111__terminateEPFvvE
                0x0000000008000ace        0x8 /home/ghita/st/stm32cubeide_1.11.0/plugins/com.st.stm32cube.ide.mcu.externaltools.gnu-tools-for-stm32.10.3-2021.10.linux64_1.0.100.202210260954/tools/bin/../lib/gcc/arm-none-eabi/10.3.1/../../../../arm-none-eabi/lib/thumb/v7e-m+dp/hard/libstdc++_nano.a(eh_terminate.o)
                0x0000000008000ace                __cxxabiv1::__terminate(void (*)())
 *fill*         0x0000000008000ad6        0x2 
 .text._ZSt13get_terminatev
                0x0000000008000ad8       0x10 /home/ghita/st/stm32cubeide_1.11.0/plugins/com.st.stm32cube.ide.mcu.externaltools.gnu-tools-for-stm32.10.3-2021.10.linux64_1.0.100.202210260954/tools/bin/../lib/gcc/arm-none-eabi/10.3.1/../../../../arm-none-eabi/lib/thumb/v7e-m+dp/hard/libstdc++_nano.a(eh_terminate.o)
                0x0000000008000ad8                std::get_terminate()
 .text._ZSt9terminatev
                0x0000000008000ae8        0xa /home/ghita/st/stm32cubeide_1.11.0/plugins/com.st.stm32cube.ide.mcu.externaltools.gnu-tools-for-stm32.10.3-2021.10.linux64_1.0.100.202210260954/tools/bin/../lib/gcc/arm-none-eabi/10.3.1/../../../../arm-none-eabi/lib/thumb/v7e-m+dp/hard/libstdc++_nano.a(eh_terminate.o)
                0x0000000008000ae8                std::terminate()
 *fill*         0x0000000008000af2        0x2 
 .text._ZSt15get_new_handlerv
                0x0000000008000af4       0x10 /home/ghita/st/stm32cubeide_1.11.0/plugins/com.st.stm32cube.ide.mcu.externaltools.gnu-tools-for-stm32.10.3-2021.10.linux64_1.0.100.202210260954/tools/bin/../lib/gcc/arm-none-eabi/10.3.1/../../../../arm-none-eabi/lib/thumb/v7e-m+dp/hard/libstdc++_nano.a(new_handler.o)
                0x0000000008000af4                std::get_new_handler()
 .text.abort    0x0000000008000b04        0xe /home/ghita/st/stm32cubeide_1.11.0/plugins/com.st.stm32cube.ide.mcu.externaltools.gnu-tools-for-stm32.10.3-2021.10.linux64_1.0.100.202210260954/tools/bin/../lib/gcc/arm-none-eabi/10.3.1/../../../../arm-none-eabi/lib/thumb/v7e-m+dp/hard/libc_nano.a(lib_a-abort.o)
                0x0000000008000b04                abort
 *fill*         0x0000000008000b12        0x2 
 .text.__errno  0x0000000008000b14        0xc /home/ghita/st/stm32cubeide_1.11.0/plugins/com.st.stm32cube.ide.mcu.externaltools.gnu-tools-for-stm32.10.3-2021.10.linux64_1.0.100.202210260954/tools/bin/../lib/gcc/arm-none-eabi/10.3.1/../../../../arm-none-eabi/lib/thumb/v7e-m+dp/hard/libc_nano.a(lib_a-errno.o)
                0x0000000008000b14                __errno
 .text.__libc_init_array
                0x0000000008000b20       0x48 /home/ghita/st/stm32cubeide_1.11.0/plugins/com.st.stm32cube.ide.mcu.externaltools.gnu-tools-for-stm32.10.3-2021.10.linux64_1.0.100.202210260954/tools/bin/../lib/gcc/arm-none-eabi/10.3.1/../../../../arm-none-eabi/lib/thumb/v7e-m+dp/hard/libc_nano.a(lib_a-init.o)
                0x0000000008000b20                __libc_init_array
 .text.malloc   0x0000000008000b68       0x10 /home/ghita/st/stm32cubeide_1.11.0/plugins/com.st.stm32cube.ide.mcu.externaltools.gnu-tools-for-stm32.10.3-2021.10.linux64_1.0.100.202210260954/tools/bin/../lib/gcc/arm-none-eabi/10.3.1/../../../../arm-none-eabi/lib/thumb/v7e-m+dp/hard/libc_nano.a(lib_a-malloc.o)
                0x0000000008000b68                malloc
 .text.free     0x0000000008000b78       0x10 /home/ghita/st/stm32cubeide_1.11.0/plugins/com.st.stm32cube.ide.mcu.externaltools.gnu-tools-for-stm32.10.3-2021.10.linux64_1.0.100.202210260954/tools/bin/../lib/gcc/arm-none-eabi/10.3.1/../../../../arm-none-eabi/lib/thumb/v7e-m+dp/hard/libc_nano.a(lib_a-malloc.o)
                0x0000000008000b78                free
 .text._free_r  0x0000000008000b88       0x98 /home/ghita/st/stm32cubeide_1.11.0/plugins/com.st.stm32cube.ide.mcu.externaltools.gnu-tools-for-stm32.10.3-2021.10.linux64_1.0.100.202210260954/tools/bin/../lib/gcc/arm-none-eabi/10.3.1/../../../../arm-none-eabi/lib/thumb/v7e-m+dp/hard/libc_nano.a(lib_a-nano-freer.o)
                0x0000000008000b88                _free_r
 .text.sbrk_aligned
                0x0000000008000c20       0x40 /home/ghita/st/stm32cubeide_1.11.0/plugins/com.st.stm32cube.ide.mcu.externaltools.gnu-tools-for-stm32.10.3-2021.10.linux64_1.0.100.202210260954/tools/bin/../lib/gcc/arm-none-eabi/10.3.1/../../../../arm-none-eabi/lib/thumb/v7e-m+dp/hard/libc_nano.a(lib_a-nano-mallocr.o)
 .text._malloc_r
                0x0000000008000c60       0xe8 /home/ghita/st/stm32cubeide_1.11.0/plugins/com.st.stm32cube.ide.mcu.externaltools.gnu-tools-for-stm32.10.3-2021.10.linux64_1.0.100.202210260954/tools/bin/../lib/gcc/arm-none-eabi/10.3.1/../../../../arm-none-eabi/lib/thumb/v7e-m+dp/hard/libc_nano.a(lib_a-nano-mallocr.o)
                0x0000000008000c60                _malloc_r
 .text._sbrk_r  0x0000000008000d48       0x20 /home/ghita/st/stm32cubeide_1.11.0/plugins/com.st.stm32cube.ide.mcu.externaltools.gnu-tools-for-stm32.10.3-2021.10.linux64_1.0.100.202210260954/tools/bin/../lib/gcc/arm-none-eabi/10.3.1/../../../../arm-none-eabi/lib/thumb/v7e-m+dp/hard/libc_nano.a(lib_a-sbrkr.o)
                0x0000000008000d48                _sbrk_r
 .text._raise_r
                0x0000000008000d68       0x50 /home/ghita/st/stm32cubeide_1.11.0/plugins/com.st.stm32cube.ide.mcu.externaltools.gnu-tools-for-stm32.10.3-2021.10.linux64_1.0.100.202210260954/tools/bin/../lib/gcc/arm-none-eabi/10.3.1/../../../../arm-none-eabi/lib/thumb/v7e-m+dp/hard/libc_nano.a(lib_a-signal.o)
                0x0000000008000d68                _raise_r
 .text.raise    0x0000000008000db8       0x10 /home/ghita/st/stm32cubeide_1.11.0/plugins/com.st.stm32cube.ide.mcu.externaltools.gnu-tools-for-stm32.10.3-2021.10.linux64_1.0.100.202210260954/tools/bin/../lib/gcc/arm-none-eabi/10.3.1/../../../../arm-none-eabi/lib/thumb/v7e-m+dp/hard/libc_nano.a(lib_a-signal.o)
                0x0000000008000db8                raise
 .text._kill_r  0x0000000008000dc8       0x24 /home/ghita/st/stm32cubeide_1.11.0/plugins/com.st.stm32cube.ide.mcu.externaltools.gnu-tools-for-stm32.10.3-2021.10.linux64_1.0.100.202210260954/tools/bin/../lib/gcc/arm-none-eabi/10.3.1/../../../../arm-none-eabi/lib/thumb/v7e-m+dp/hard/libc_nano.a(lib_a-signalr.o)
                0x0000000008000dc8                _kill_r
 .text._getpid_r
                0x0000000008000dec        0x4 /home/ghita/st/stm32cubeide_1.11.0/plugins/com.st.stm32cube.ide.mcu.externaltools.gnu-tools-for-stm32.10.3-2021.10.linux64_1.0.100.202210260954/tools/bin/../lib/gcc/arm-none-eabi/10.3.1/../../../../arm-none-eabi/lib/thumb/v7e-m+dp/hard/libc_nano.a(lib_a-signalr.o)
                0x0000000008000dec                _getpid_r
 .text.__malloc_lock
                0x0000000008000df0        0xc /home/ghita/st/stm32cubeide_1.11.0/plugins/com.st.stm32cube.ide.mcu.externaltools.gnu-tools-for-stm32.10.3-2021.10.linux64_1.0.100.202210260954/tools/bin/../lib/gcc/arm-none-eabi/10.3.1/../../../../arm-none-eabi/lib/thumb/v7e-m+dp/hard/libc_nano.a(lib_a-mlock.o)
                0x0000000008000df0                __malloc_lock
 .text.__malloc_unlock
                0x0000000008000dfc        0xc /home/ghita/st/stm32cubeide_1.11.0/plugins/com.st.stm32cube.ide.mcu.externaltools.gnu-tools-for-stm32.10.3-2021.10.linux64_1.0.100.202210260954/tools/bin/../lib/gcc/arm-none-eabi/10.3.1/../../../../arm-none-eabi/lib/thumb/v7e-m+dp/hard/libc_nano.a(lib_a-mlock.o)
                0x0000000008000dfc                __malloc_unlock
 .text.__retarget_lock_acquire_recursive
                0x0000000008000e08        0x2 /home/ghita/st/stm32cubeide_1.11.0/plugins/com.st.stm32cube.ide.mcu.externaltools.gnu-tools-for-stm32.10.3-2021.10.linux64_1.0.100.202210260954/tools/bin/../lib/gcc/arm-none-eabi/10.3.1/../../../../arm-none-eabi/lib/thumb/v7e-m+dp/hard/libc_nano.a(lib_a-lock.o)
                0x0000000008000e08                __retarget_lock_acquire_recursive
 .text.__retarget_lock_release_recursive
                0x0000000008000e0a        0x2 /home/ghita/st/stm32cubeide_1.11.0/plugins/com.st.stm32cube.ide.mcu.externaltools.gnu-tools-for-stm32.10.3-2021.10.linux64_1.0.100.202210260954/tools/bin/../lib/gcc/arm-none-eabi/10.3.1/../../../../arm-none-eabi/lib/thumb/v7e-m+dp/hard/libc_nano.a(lib_a-lock.o)
                0x0000000008000e0a                __retarget_lock_release_recursive
 *(.glue_7)
 .glue_7        0x0000000008000e0c        0x0 linker stubs
 *(.glue_7t)
 .glue_7t       0x0000000008000e0c        0x0 linker stubs
 *(.eh_frame)
 .eh_frame      0x0000000008000e0c        0x0 /home/ghita/st/stm32cubeide_1.11.0/plugins/com.st.stm32cube.ide.mcu.externaltools.gnu-tools-for-stm32.10.3-2021.10.linux64_1.0.100.202210260954/tools/bin/../lib/gcc/arm-none-eabi/10.3.1/thumb/v7e-m+dp/hard/crtbegin.o
 *(.init)
 .init          0x0000000008000e0c        0x4 /home/ghita/st/stm32cubeide_1.11.0/plugins/com.st.stm32cube.ide.mcu.externaltools.gnu-tools-for-stm32.10.3-2021.10.linux64_1.0.100.202210260954/tools/bin/../lib/gcc/arm-none-eabi/10.3.1/thumb/v7e-m+dp/hard/crti.o
                0x0000000008000e0c                _init
 .init          0x0000000008000e10        0x8 /home/ghita/st/stm32cubeide_1.11.0/plugins/com.st.stm32cube.ide.mcu.externaltools.gnu-tools-for-stm32.10.3-2021.10.linux64_1.0.100.202210260954/tools/bin/../lib/gcc/arm-none-eabi/10.3.1/thumb/v7e-m+dp/hard/crtn.o
 *(.fini)
 .fini          0x0000000008000e18        0x4 /home/ghita/st/stm32cubeide_1.11.0/plugins/com.st.stm32cube.ide.mcu.externaltools.gnu-tools-for-stm32.10.3-2021.10.linux64_1.0.100.202210260954/tools/bin/../lib/gcc/arm-none-eabi/10.3.1/thumb/v7e-m+dp/hard/crti.o
                0x0000000008000e18                _fini
 .fini          0x0000000008000e1c        0x8 /home/ghita/st/stm32cubeide_1.11.0/plugins/com.st.stm32cube.ide.mcu.externaltools.gnu-tools-for-stm32.10.3-2021.10.linux64_1.0.100.202210260954/tools/bin/../lib/gcc/arm-none-eabi/10.3.1/thumb/v7e-m+dp/hard/crtn.o
                0x0000000008000e24                . = ALIGN (0x4)
                0x0000000008000e24                _etext = .

.vfp11_veneer   0x0000000008000e24        0x0
 .vfp11_veneer  0x0000000008000e24        0x0 linker stubs

.v4_bx          0x0000000008000e24        0x0
 .v4_bx         0x0000000008000e24        0x0 linker stubs

.iplt           0x0000000008000e24        0x0
 .iplt          0x0000000008000e24        0x0 /home/ghita/st/stm32cubeide_1.11.0/plugins/com.st.stm32cube.ide.mcu.externaltools.gnu-tools-for-stm32.10.3-2021.10.linux64_1.0.100.202210260954/tools/bin/../lib/gcc/arm-none-eabi/10.3.1/thumb/v7e-m+dp/hard/crtbegin.o

.rodata         0x0000000008000e24       0x84
                0x0000000008000e24                . = ALIGN (0x4)
 *(.rodata)
 *(.rodata*)
 .rodata._ZTV3App
                0x0000000008000e24       0x10 ./Src/main.o
                0x0000000008000e24                vtable for App
 .rodata._ZTV3Can
                0x0000000008000e34       0x14 ./Src/main.o
                0x0000000008000e34                vtable for Can
 .rodata._ZTV5Timer
                0x0000000008000e48       0x14 ./Src/main.o
                0x0000000008000e48                vtable for Timer
 .rodata._ZTV3Dio
                0x0000000008000e5c       0x14 ./Src/main.o
                0x0000000008000e5c                vtable for Dio
 .rodata._ZTV4Port
                0x0000000008000e70        0xc ./Src/main.o
                0x0000000008000e70                vtable for Port
 .rodata._ZTV3Pin
                0x0000000008000e7c        0xc ./Src/main.o
                0x0000000008000e7c                vtable for Pin
 .rodata._ZTV6Device
                0x0000000008000e88        0xc ./Src/main.o
                0x0000000008000e88                vtable for Device
 .rodata._ZTV3Rcc
                0x0000000008000e94       0x14 ./Src/rcc.o
                0x0000000008000e94                vtable for Rcc
                0x0000000008000ea8                . = ALIGN (0x4)

.rel.dyn        0x0000000008000ea8        0x0
 .rel.iplt      0x0000000008000ea8        0x0 /home/ghita/st/stm32cubeide_1.11.0/plugins/com.st.stm32cube.ide.mcu.externaltools.gnu-tools-for-stm32.10.3-2021.10.linux64_1.0.100.202210260954/tools/bin/../lib/gcc/arm-none-eabi/10.3.1/thumb/v7e-m+dp/hard/crtbegin.o

.ARM.extab
 *(.ARM.extab* .gnu.linkonce.armextab.*)

.ARM            0x0000000008000ea8        0x0
                0x0000000008000ea8                __exidx_start = .
 *(.ARM.exidx*)
                0x0000000008000ea8                __exidx_end = .

.preinit_array  0x0000000008000ea8        0x0
                0x0000000008000ea8                PROVIDE (__preinit_array_start = .)
 *(.preinit_array*)
                0x0000000008000ea8                PROVIDE (__preinit_array_end = .)

.init_array     0x0000000008000ea8        0x4
                0x0000000008000ea8                PROVIDE (__init_array_start = .)
 *(SORT_BY_NAME(.init_array.*))
 *(.init_array*)
 .init_array    0x0000000008000ea8        0x4 /home/ghita/st/stm32cubeide_1.11.0/plugins/com.st.stm32cube.ide.mcu.externaltools.gnu-tools-for-stm32.10.3-2021.10.linux64_1.0.100.202210260954/tools/bin/../lib/gcc/arm-none-eabi/10.3.1/thumb/v7e-m+dp/hard/crtbegin.o
                0x0000000008000eac                PROVIDE (__init_array_end = .)

.fini_array     0x0000000008000eac        0x4
                [!provide]                        PROVIDE (__fini_array_start = .)
 *(SORT_BY_NAME(.fini_array.*))
 *(.fini_array*)
 .fini_array    0x0000000008000eac        0x4 /home/ghita/st/stm32cubeide_1.11.0/plugins/com.st.stm32cube.ide.mcu.externaltools.gnu-tools-for-stm32.10.3-2021.10.linux64_1.0.100.202210260954/tools/bin/../lib/gcc/arm-none-eabi/10.3.1/thumb/v7e-m+dp/hard/crtbegin.o
                [!provide]                        PROVIDE (__fini_array_end = .)
                0x0000000008000eb0                _sidata = LOADADDR (.data)

.data           0x0000000024000000       0x68 load address 0x0000000008000eb0
                0x0000000024000000                . = ALIGN (0x4)
                0x0000000024000000                _sdata = .
 *(.data)
 *(.data*)
 .data._ZN10__cxxabiv119__terminate_handlerE
                0x0000000024000000        0x4 /home/ghita/st/stm32cubeide_1.11.0/plugins/com.st.stm32cube.ide.mcu.externaltools.gnu-tools-for-stm32.10.3-2021.10.linux64_1.0.100.202210260954/tools/bin/../lib/gcc/arm-none-eabi/10.3.1/../../../../arm-none-eabi/lib/thumb/v7e-m+dp/hard/libstdc++_nano.a(eh_term_handler.o)
                0x0000000024000000                __cxxabiv1::__terminate_handler
 .data._impure_ptr
                0x0000000024000004        0x4 /home/ghita/st/stm32cubeide_1.11.0/plugins/com.st.stm32cube.ide.mcu.externaltools.gnu-tools-for-stm32.10.3-2021.10.linux64_1.0.100.202210260954/tools/bin/../lib/gcc/arm-none-eabi/10.3.1/../../../../arm-none-eabi/lib/thumb/v7e-m+dp/hard/libc_nano.a(lib_a-impure.o)
                0x0000000024000004                _impure_ptr
 .data.impure_data
                0x0000000024000008       0x60 /home/ghita/st/stm32cubeide_1.11.0/plugins/com.st.stm32cube.ide.mcu.externaltools.gnu-tools-for-stm32.10.3-2021.10.linux64_1.0.100.202210260954/tools/bin/../lib/gcc/arm-none-eabi/10.3.1/../../../../arm-none-eabi/lib/thumb/v7e-m+dp/hard/libc_nano.a(lib_a-impure.o)
 *(.RamFunc)
 *(.RamFunc*)
                0x0000000024000068                . = ALIGN (0x4)
                0x0000000024000068                _edata = .

.igot.plt       0x0000000024000068        0x0 load address 0x0000000008000f18
 .igot.plt      0x0000000024000068        0x0 /home/ghita/st/stm32cubeide_1.11.0/plugins/com.st.stm32cube.ide.mcu.externaltools.gnu-tools-for-stm32.10.3-2021.10.linux64_1.0.100.202210260954/tools/bin/../lib/gcc/arm-none-eabi/10.3.1/thumb/v7e-m+dp/hard/crtbegin.o
                0x0000000024000068                . = ALIGN (0x4)

.bss            0x0000000024000068       0x34 load address 0x0000000008000f18
                0x0000000024000068                _sbss = .
                0x0000000024000068                __bss_start__ = _sbss
 *(.bss)
 .bss           0x0000000024000068       0x1c /home/ghita/st/stm32cubeide_1.11.0/plugins/com.st.stm32cube.ide.mcu.externaltools.gnu-tools-for-stm32.10.3-2021.10.linux64_1.0.100.202210260954/tools/bin/../lib/gcc/arm-none-eabi/10.3.1/thumb/v7e-m+dp/hard/crtbegin.o
 *(.bss*)
 .bss.__sbrk_heap_end
                0x0000000024000084        0x4 ./Src/sysmem.o
 .bss._ZN12_GLOBAL__N_113__new_handlerE
                0x0000000024000088        0x4 /home/ghita/st/stm32cubeide_1.11.0/plugins/com.st.stm32cube.ide.mcu.externaltools.gnu-tools-for-stm32.10.3-2021.10.linux64_1.0.100.202210260954/tools/bin/../lib/gcc/arm-none-eabi/10.3.1/../../../../arm-none-eabi/lib/thumb/v7e-m+dp/hard/libstdc++_nano.a(new_handler.o)
 .bss.__malloc_free_list
                0x000000002400008c        0x4 /home/ghita/st/stm32cubeide_1.11.0/plugins/com.st.stm32cube.ide.mcu.externaltools.gnu-tools-for-stm32.10.3-2021.10.linux64_1.0.100.202210260954/tools/bin/../lib/gcc/arm-none-eabi/10.3.1/../../../../arm-none-eabi/lib/thumb/v7e-m+dp/hard/libc_nano.a(lib_a-nano-mallocr.o)
                0x000000002400008c                __malloc_free_list
 .bss.__malloc_sbrk_start
                0x0000000024000090        0x4 /home/ghita/st/stm32cubeide_1.11.0/plugins/com.st.stm32cube.ide.mcu.externaltools.gnu-tools-for-stm32.10.3-2021.10.linux64_1.0.100.202210260954/tools/bin/../lib/gcc/arm-none-eabi/10.3.1/../../../../arm-none-eabi/lib/thumb/v7e-m+dp/hard/libc_nano.a(lib_a-nano-mallocr.o)
                0x0000000024000090                __malloc_sbrk_start
 .bss.errno     0x0000000024000094        0x4 /home/ghita/st/stm32cubeide_1.11.0/plugins/com.st.stm32cube.ide.mcu.externaltools.gnu-tools-for-stm32.10.3-2021.10.linux64_1.0.100.202210260954/tools/bin/../lib/gcc/arm-none-eabi/10.3.1/../../../../arm-none-eabi/lib/thumb/v7e-m+dp/hard/libc_nano.a(lib_a-reent.o)
                0x0000000024000094                errno
 .bss.__lock___malloc_recursive_mutex
                0x0000000024000098        0x1 /home/ghita/st/stm32cubeide_1.11.0/plugins/com.st.stm32cube.ide.mcu.externaltools.gnu-tools-for-stm32.10.3-2021.10.linux64_1.0.100.202210260954/tools/bin/../lib/gcc/arm-none-eabi/10.3.1/../../../../arm-none-eabi/lib/thumb/v7e-m+dp/hard/libc_nano.a(lib_a-lock.o)
                0x0000000024000098                __lock___malloc_recursive_mutex
 *(COMMON)
                0x000000002400009c                . = ALIGN (0x4)
 *fill*         0x0000000024000099        0x3 
                0x000000002400009c                _ebss = .
                0x000000002400009c                __bss_end__ = _ebss

._user_heap_stack
                0x000000002400009c      0x604 load address 0x0000000008000f18
                0x00000000240000a0                . = ALIGN (0x8)
 *fill*         0x000000002400009c        0x4 
                [!provide]                        PROVIDE (end = .)
                0x00000000240000a0                PROVIDE (_end = .)
                0x00000000240002a0                . = (. + _Min_Heap_Size)
 *fill*         0x00000000240000a0      0x200 
                0x00000000240006a0                . = (. + _Min_Stack_Size)
 *fill*         0x00000000240002a0      0x400 
                0x00000000240006a0                . = ALIGN (0x8)

/DISCARD/
 libc.a(*)
 libm.a(*)
 libgcc.a(*)

.ARM.attributes
                0x0000000000000000       0x2e
 *(.ARM.attributes)
 .ARM.attributes
                0x0000000000000000       0x1e /home/ghita/st/stm32cubeide_1.11.0/plugins/com.st.stm32cube.ide.mcu.externaltools.gnu-tools-for-stm32.10.3-2021.10.linux64_1.0.100.202210260954/tools/bin/../lib/gcc/arm-none-eabi/10.3.1/thumb/v7e-m+dp/hard/crti.o
 .ARM.attributes
                0x000000000000001e       0x32 /home/ghita/st/stm32cubeide_1.11.0/plugins/com.st.stm32cube.ide.mcu.externaltools.gnu-tools-for-stm32.10.3-2021.10.linux64_1.0.100.202210260954/tools/bin/../lib/gcc/arm-none-eabi/10.3.1/thumb/v7e-m+dp/hard/crtbegin.o
 .ARM.attributes
                0x0000000000000050       0x32 ./Src/main.o
 .ARM.attributes
                0x0000000000000082       0x32 ./Src/rcc.o
 .ARM.attributes
                0x00000000000000b4       0x32 ./Src/syscalls.o
 .ARM.attributes
                0x00000000000000e6       0x32 ./Src/sysmem.o
 .ARM.attributes
                0x0000000000000118       0x21 ./Startup/startup_stm32h750vbtx.o
 .ARM.attributes
                0x0000000000000139       0x32 /home/ghita/st/stm32cubeide_1.11.0/plugins/com.st.stm32cube.ide.mcu.externaltools.gnu-tools-for-stm32.10.3-2021.10.linux64_1.0.100.202210260954/tools/bin/../lib/gcc/arm-none-eabi/10.3.1/../../../../arm-none-eabi/lib/thumb/v7e-m+dp/hard/libstdc++_nano.a(del_ops.o)
 .ARM.attributes
                0x000000000000016b       0x32 /home/ghita/st/stm32cubeide_1.11.0/plugins/com.st.stm32cube.ide.mcu.externaltools.gnu-tools-for-stm32.10.3-2021.10.linux64_1.0.100.202210260954/tools/bin/../lib/gcc/arm-none-eabi/10.3.1/../../../../arm-none-eabi/lib/thumb/v7e-m+dp/hard/libstdc++_nano.a(new_op.o)
 .ARM.attributes
                0x000000000000019d       0x32 /home/ghita/st/stm32cubeide_1.11.0/plugins/com.st.stm32cube.ide.mcu.externaltools.gnu-tools-for-stm32.10.3-2021.10.linux64_1.0.100.202210260954/tools/bin/../lib/gcc/arm-none-eabi/10.3.1/../../../../arm-none-eabi/lib/thumb/v7e-m+dp/hard/libstdc++_nano.a(pure.o)
 .ARM.attributes
                0x00000000000001cf       0x32 /home/ghita/st/stm32cubeide_1.11.0/plugins/com.st.stm32cube.ide.mcu.externaltools.gnu-tools-for-stm32.10.3-2021.10.linux64_1.0.100.202210260954/tools/bin/../lib/gcc/arm-none-eabi/10.3.1/../../../../arm-none-eabi/lib/thumb/v7e-m+dp/hard/libstdc++_nano.a(del_op.o)
 .ARM.attributes
                0x0000000000000201       0x32 /home/ghita/st/stm32cubeide_1.11.0/plugins/com.st.stm32cube.ide.mcu.externaltools.gnu-tools-for-stm32.10.3-2021.10.linux64_1.0.100.202210260954/tools/bin/../lib/gcc/arm-none-eabi/10.3.1/../../../../arm-none-eabi/lib/thumb/v7e-m+dp/hard/libstdc++_nano.a(eh_terminate.o)
 .ARM.attributes
                0x0000000000000233       0x32 /home/ghita/st/stm32cubeide_1.11.0/plugins/com.st.stm32cube.ide.mcu.externaltools.gnu-tools-for-stm32.10.3-2021.10.linux64_1.0.100.202210260954/tools/bin/../lib/gcc/arm-none-eabi/10.3.1/../../../../arm-none-eabi/lib/thumb/v7e-m+dp/hard/libstdc++_nano.a(new_handler.o)
 .ARM.attributes
                0x0000000000000265       0x32 /home/ghita/st/stm32cubeide_1.11.0/plugins/com.st.stm32cube.ide.mcu.externaltools.gnu-tools-for-stm32.10.3-2021.10.linux64_1.0.100.202210260954/tools/bin/../lib/gcc/arm-none-eabi/10.3.1/../../../../arm-none-eabi/lib/thumb/v7e-m+dp/hard/libstdc++_nano.a(eh_term_handler.o)
 .ARM.attributes
                0x0000000000000297       0x32 /home/ghita/st/stm32cubeide_1.11.0/plugins/com.st.stm32cube.ide.mcu.externaltools.gnu-tools-for-stm32.10.3-2021.10.linux64_1.0.100.202210260954/tools/bin/../lib/gcc/arm-none-eabi/10.3.1/../../../../arm-none-eabi/lib/thumb/v7e-m+dp/hard/libc_nano.a(lib_a-abort.o)
 .ARM.attributes
                0x00000000000002c9       0x32 /home/ghita/st/stm32cubeide_1.11.0/plugins/com.st.stm32cube.ide.mcu.externaltools.gnu-tools-for-stm32.10.3-2021.10.linux64_1.0.100.202210260954/tools/bin/../lib/gcc/arm-none-eabi/10.3.1/../../../../arm-none-eabi/lib/thumb/v7e-m+dp/hard/libc_nano.a(lib_a-errno.o)
 .ARM.attributes
                0x00000000000002fb       0x32 /home/ghita/st/stm32cubeide_1.11.0/plugins/com.st.stm32cube.ide.mcu.externaltools.gnu-tools-for-stm32.10.3-2021.10.linux64_1.0.100.202210260954/tools/bin/../lib/gcc/arm-none-eabi/10.3.1/../../../../arm-none-eabi/lib/thumb/v7e-m+dp/hard/libc_nano.a(lib_a-impure.o)
 .ARM.attributes
                0x000000000000032d       0x32 /home/ghita/st/stm32cubeide_1.11.0/plugins/com.st.stm32cube.ide.mcu.externaltools.gnu-tools-for-stm32.10.3-2021.10.linux64_1.0.100.202210260954/tools/bin/../lib/gcc/arm-none-eabi/10.3.1/../../../../arm-none-eabi/lib/thumb/v7e-m+dp/hard/libc_nano.a(lib_a-init.o)
 .ARM.attributes
                0x000000000000035f       0x32 /home/ghita/st/stm32cubeide_1.11.0/plugins/com.st.stm32cube.ide.mcu.externaltools.gnu-tools-for-stm32.10.3-2021.10.linux64_1.0.100.202210260954/tools/bin/../lib/gcc/arm-none-eabi/10.3.1/../../../../arm-none-eabi/lib/thumb/v7e-m+dp/hard/libc_nano.a(lib_a-malloc.o)
 .ARM.attributes
                0x0000000000000391       0x32 /home/ghita/st/stm32cubeide_1.11.0/plugins/com.st.stm32cube.ide.mcu.externaltools.gnu-tools-for-stm32.10.3-2021.10.linux64_1.0.100.202210260954/tools/bin/../lib/gcc/arm-none-eabi/10.3.1/../../../../arm-none-eabi/lib/thumb/v7e-m+dp/hard/libc_nano.a(lib_a-nano-freer.o)
 .ARM.attributes
                0x00000000000003c3       0x32 /home/ghita/st/stm32cubeide_1.11.0/plugins/com.st.stm32cube.ide.mcu.externaltools.gnu-tools-for-stm32.10.3-2021.10.linux64_1.0.100.202210260954/tools/bin/../lib/gcc/arm-none-eabi/10.3.1/../../../../arm-none-eabi/lib/thumb/v7e-m+dp/hard/libc_nano.a(lib_a-nano-mallocr.o)
 .ARM.attributes
                0x00000000000003f5       0x32 /home/ghita/st/stm32cubeide_1.11.0/plugins/com.st.stm32cube.ide.mcu.externaltools.gnu-tools-for-stm32.10.3-2021.10.linux64_1.0.100.202210260954/tools/bin/../lib/gcc/arm-none-eabi/10.3.1/../../../../arm-none-eabi/lib/thumb/v7e-m+dp/hard/libc_nano.a(lib_a-sbrkr.o)
 .ARM.attributes
                0x0000000000000427       0x32 /home/ghita/st/stm32cubeide_1.11.0/plugins/com.st.stm32cube.ide.mcu.externaltools.gnu-tools-for-stm32.10.3-2021.10.linux64_1.0.100.202210260954/tools/bin/../lib/gcc/arm-none-eabi/10.3.1/../../../../arm-none-eabi/lib/thumb/v7e-m+dp/hard/libc_nano.a(lib_a-signal.o)
 .ARM.attributes
                0x0000000000000459       0x32 /home/ghita/st/stm32cubeide_1.11.0/plugins/com.st.stm32cube.ide.mcu.externaltools.gnu-tools-for-stm32.10.3-2021.10.linux64_1.0.100.202210260954/tools/bin/../lib/gcc/arm-none-eabi/10.3.1/../../../../arm-none-eabi/lib/thumb/v7e-m+dp/hard/libc_nano.a(lib_a-signalr.o)
 .ARM.attributes
                0x000000000000048b       0x32 /home/ghita/st/stm32cubeide_1.11.0/plugins/com.st.stm32cube.ide.mcu.externaltools.gnu-tools-for-stm32.10.3-2021.10.linux64_1.0.100.202210260954/tools/bin/../lib/gcc/arm-none-eabi/10.3.1/../../../../arm-none-eabi/lib/thumb/v7e-m+dp/hard/libc_nano.a(lib_a-mlock.o)
 .ARM.attributes
                0x00000000000004bd       0x32 /home/ghita/st/stm32cubeide_1.11.0/plugins/com.st.stm32cube.ide.mcu.externaltools.gnu-tools-for-stm32.10.3-2021.10.linux64_1.0.100.202210260954/tools/bin/../lib/gcc/arm-none-eabi/10.3.1/../../../../arm-none-eabi/lib/thumb/v7e-m+dp/hard/libc_nano.a(lib_a-reent.o)
 .ARM.attributes
                0x00000000000004ef       0x32 /home/ghita/st/stm32cubeide_1.11.0/plugins/com.st.stm32cube.ide.mcu.externaltools.gnu-tools-for-stm32.10.3-2021.10.linux64_1.0.100.202210260954/tools/bin/../lib/gcc/arm-none-eabi/10.3.1/../../../../arm-none-eabi/lib/thumb/v7e-m+dp/hard/libc_nano.a(lib_a-lock.o)
 .ARM.attributes
                0x0000000000000521       0x1e /home/ghita/st/stm32cubeide_1.11.0/plugins/com.st.stm32cube.ide.mcu.externaltools.gnu-tools-for-stm32.10.3-2021.10.linux64_1.0.100.202210260954/tools/bin/../lib/gcc/arm-none-eabi/10.3.1/thumb/v7e-m+dp/hard/crtn.o
OUTPUT(totalcpp.elf elf32-littlearm)
LOAD linker stubs
LOAD /home/ghita/st/stm32cubeide_1.11.0/plugins/com.st.stm32cube.ide.mcu.externaltools.gnu-tools-for-stm32.10.3-2021.10.linux64_1.0.100.202210260954/tools/bin/../lib/gcc/arm-none-eabi/10.3.1/../../../../arm-none-eabi/lib/thumb/v7e-m+dp/hard/libc.a
LOAD /home/ghita/st/stm32cubeide_1.11.0/plugins/com.st.stm32cube.ide.mcu.externaltools.gnu-tools-for-stm32.10.3-2021.10.linux64_1.0.100.202210260954/tools/bin/../lib/gcc/arm-none-eabi/10.3.1/../../../../arm-none-eabi/lib/thumb/v7e-m+dp/hard/libm.a
LOAD /home/ghita/st/stm32cubeide_1.11.0/plugins/com.st.stm32cube.ide.mcu.externaltools.gnu-tools-for-stm32.10.3-2021.10.linux64_1.0.100.202210260954/tools/bin/../lib/gcc/arm-none-eabi/10.3.1/thumb/v7e-m+dp/hard/libgcc.a

.debug_info     0x0000000000000000     0x1db8
 .debug_info    0x0000000000000000      0xe90 ./Src/main.o
 .debug_info    0x0000000000000e90      0x6b5 ./Src/rcc.o
 .debug_info    0x0000000000001545      0x6e0 ./Src/syscalls.o
 .debug_info    0x0000000000001c25      0x171 ./Src/sysmem.o
 .debug_info    0x0000000000001d96       0x22 ./Startup/startup_stm32h750vbtx.o

.debug_abbrev   0x0000000000000000      0x913
 .debug_abbrev  0x0000000000000000      0x41e ./Src/main.o
 .debug_abbrev  0x000000000000041e      0x275 ./Src/rcc.o
 .debug_abbrev  0x0000000000000693      0x1b3 ./Src/syscalls.o
 .debug_abbrev  0x0000000000000846       0xbb ./Src/sysmem.o
 .debug_abbrev  0x0000000000000901       0x12 ./Startup/startup_stm32h750vbtx.o

.debug_aranges  0x0000000000000000      0x208
 .debug_aranges
                0x0000000000000000       0xe8 ./Src/main.o
 .debug_aranges
                0x00000000000000e8       0x30 ./Src/rcc.o
 .debug_aranges
                0x0000000000000118       0xa8 ./Src/syscalls.o
 .debug_aranges
                0x00000000000001c0       0x20 ./Src/sysmem.o
 .debug_aranges
                0x00000000000001e0       0x28 ./Startup/startup_stm32h750vbtx.o

.debug_ranges   0x0000000000000000      0x1c0
 .debug_ranges  0x0000000000000000       0xd8 ./Src/main.o
 .debug_ranges  0x00000000000000d8       0x20 ./Src/rcc.o
 .debug_ranges  0x00000000000000f8       0x98 ./Src/syscalls.o
 .debug_ranges  0x0000000000000190       0x10 ./Src/sysmem.o
 .debug_ranges  0x00000000000001a0       0x20 ./Startup/startup_stm32h750vbtx.o

.debug_macro    0x0000000000000000     0x2597
 .debug_macro   0x0000000000000000       0xee ./Src/main.o
 .debug_macro   0x00000000000000ee       0xc2 ./Src/rcc.o
 .debug_macro   0x00000000000001b0      0x24c ./Src/syscalls.o
 .debug_macro   0x00000000000003fc      0xa9c ./Src/syscalls.o
 .debug_macro   0x0000000000000e98       0x4c ./Src/syscalls.o
 .debug_macro   0x0000000000000ee4       0x1d ./Src/syscalls.o
 .debug_macro   0x0000000000000f01       0x94 ./Src/syscalls.o
 .debug_macro   0x0000000000000f95       0x3c ./Src/syscalls.o
 .debug_macro   0x0000000000000fd1       0x34 ./Src/syscalls.o
 .debug_macro   0x0000000000001005       0x57 ./Src/syscalls.o
 .debug_macro   0x000000000000105c      0x174 ./Src/syscalls.o
 .debug_macro   0x00000000000011d0      0x341 ./Src/syscalls.o
 .debug_macro   0x0000000000001511       0x16 ./Src/syscalls.o
 .debug_macro   0x0000000000001527       0x43 ./Src/syscalls.o
 .debug_macro   0x000000000000156a       0x34 ./Src/syscalls.o
 .debug_macro   0x000000000000159e       0x10 ./Src/syscalls.o
 .debug_macro   0x00000000000015ae       0x58 ./Src/syscalls.o
 .debug_macro   0x0000000000001606       0x71 ./Src/syscalls.o
 .debug_macro   0x0000000000001677       0x1c ./Src/syscalls.o
 .debug_macro   0x0000000000001693      0x12a ./Src/syscalls.o
 .debug_macro   0x00000000000017bd       0x10 ./Src/syscalls.o
 .debug_macro   0x00000000000017cd       0x35 ./Src/syscalls.o
 .debug_macro   0x0000000000001802       0x10 ./Src/syscalls.o
 .debug_macro   0x0000000000001812       0x10 ./Src/syscalls.o
 .debug_macro   0x0000000000001822       0x10 ./Src/syscalls.o
 .debug_macro   0x0000000000001832       0x1c ./Src/syscalls.o
 .debug_macro   0x000000000000184e       0x52 ./Src/syscalls.o
 .debug_macro   0x00000000000018a0       0x22 ./Src/syscalls.o
 .debug_macro   0x00000000000018c2       0x10 ./Src/syscalls.o
 .debug_macro   0x00000000000018d2       0x52 ./Src/syscalls.o
 .debug_macro   0x0000000000001924       0xd5 ./Src/syscalls.o
 .debug_macro   0x00000000000019f9       0x1c ./Src/syscalls.o
 .debug_macro   0x0000000000001a15       0x3d ./Src/syscalls.o
 .debug_macro   0x0000000000001a52       0x35 ./Src/syscalls.o
 .debug_macro   0x0000000000001a87      0x12c ./Src/syscalls.o
 .debug_macro   0x0000000000001bb3       0x16 ./Src/syscalls.o
 .debug_macro   0x0000000000001bc9       0x16 ./Src/syscalls.o
 .debug_macro   0x0000000000001bdf       0x29 ./Src/syscalls.o
 .debug_macro   0x0000000000001c08       0x10 ./Src/syscalls.o
 .debug_macro   0x0000000000001c18      0x241 ./Src/syscalls.o
 .debug_macro   0x0000000000001e59       0x1c ./Src/syscalls.o
 .debug_macro   0x0000000000001e75       0x10 ./Src/syscalls.o
 .debug_macro   0x0000000000001e85       0x10 ./Src/syscalls.o
 .debug_macro   0x0000000000001e95       0x16 ./Src/syscalls.o
 .debug_macro   0x0000000000001eab      0x145 ./Src/syscalls.o
 .debug_macro   0x0000000000001ff0      0x189 ./Src/syscalls.o
 .debug_macro   0x0000000000002179       0x16 ./Src/syscalls.o
 .debug_macro   0x000000000000218f       0xce ./Src/syscalls.o
 .debug_macro   0x000000000000225d       0xff ./Src/sysmem.o
 .debug_macro   0x000000000000235c      0x23b ./Src/sysmem.o

.debug_line     0x0000000000000000     0x1a41
 .debug_line    0x0000000000000000      0x75a ./Src/main.o
 .debug_line    0x000000000000075a      0x58f ./Src/rcc.o
 .debug_line    0x0000000000000ce9      0x7ef ./Src/syscalls.o
 .debug_line    0x00000000000014d8      0x4e5 ./Src/sysmem.o
 .debug_line    0x00000000000019bd       0x84 ./Startup/startup_stm32h750vbtx.o

.debug_str      0x0000000000000000    0xec23c
 .debug_str     0x0000000000000000    0xe65ef ./Src/main.o
                                      0xe6835 (size before relaxing)
 .debug_str     0x00000000000e65ef      0x275 ./Src/rcc.o
                                      0xe66df (size before relaxing)
 .debug_str     0x00000000000e6864     0x5937 ./Src/syscalls.o
                                       0x8ac8 (size before relaxing)
 .debug_str     0x00000000000ec19b       0x70 ./Src/sysmem.o
                                       0x5e04 (size before relaxing)
 .debug_str     0x00000000000ec20b       0x31 ./Startup/startup_stm32h750vbtx.o
                                         0x6a (size before relaxing)

.comment        0x0000000000000000       0x50
 .comment       0x0000000000000000       0x50 ./Src/main.o
                                         0x51 (size before relaxing)
 .comment       0x0000000000000050       0x51 ./Src/rcc.o
 .comment       0x0000000000000050       0x51 ./Src/syscalls.o
 .comment       0x0000000000000050       0x51 ./Src/sysmem.o

.debug_frame    0x0000000000000000      0xc68
 .debug_frame   0x0000000000000000      0x3e4 ./Src/main.o
 .debug_frame   0x00000000000003e4       0x84 ./Src/rcc.o
 .debug_frame   0x0000000000000468      0x2ac ./Src/syscalls.o
 .debug_frame   0x0000000000000714       0x34 ./Src/sysmem.o
 .debug_frame   0x0000000000000748       0x20 /home/ghita/st/stm32cubeide_1.11.0/plugins/com.st.stm32cube.ide.mcu.externaltools.gnu-tools-for-stm32.10.3-2021.10.linux64_1.0.100.202210260954/tools/bin/../lib/gcc/arm-none-eabi/10.3.1/../../../../arm-none-eabi/lib/thumb/v7e-m+dp/hard/libstdc++_nano.a(del_ops.o)
 .debug_frame   0x0000000000000768       0x28 /home/ghita/st/stm32cubeide_1.11.0/plugins/com.st.stm32cube.ide.mcu.externaltools.gnu-tools-for-stm32.10.3-2021.10.linux64_1.0.100.202210260954/tools/bin/../lib/gcc/arm-none-eabi/10.3.1/../../../../arm-none-eabi/lib/thumb/v7e-m+dp/hard/libstdc++_nano.a(new_op.o)
 .debug_frame   0x0000000000000790       0x40 /home/ghita/st/stm32cubeide_1.11.0/plugins/com.st.stm32cube.ide.mcu.externaltools.gnu-tools-for-stm32.10.3-2021.10.linux64_1.0.100.202210260954/tools/bin/../lib/gcc/arm-none-eabi/10.3.1/../../../../arm-none-eabi/lib/thumb/v7e-m+dp/hard/libstdc++_nano.a(pure.o)
 .debug_frame   0x00000000000007d0       0x20 /home/ghita/st/stm32cubeide_1.11.0/plugins/com.st.stm32cube.ide.mcu.externaltools.gnu-tools-for-stm32.10.3-2021.10.linux64_1.0.100.202210260954/tools/bin/../lib/gcc/arm-none-eabi/10.3.1/../../../../arm-none-eabi/lib/thumb/v7e-m+dp/hard/libstdc++_nano.a(del_op.o)
 .debug_frame   0x00000000000007f0       0xb0 /home/ghita/st/stm32cubeide_1.11.0/plugins/com.st.stm32cube.ide.mcu.externaltools.gnu-tools-for-stm32.10.3-2021.10.linux64_1.0.100.202210260954/tools/bin/../lib/gcc/arm-none-eabi/10.3.1/../../../../arm-none-eabi/lib/thumb/v7e-m+dp/hard/libstdc++_nano.a(eh_terminate.o)
 .debug_frame   0x00000000000008a0       0x30 /home/ghita/st/stm32cubeide_1.11.0/plugins/com.st.stm32cube.ide.mcu.externaltools.gnu-tools-for-stm32.10.3-2021.10.linux64_1.0.100.202210260954/tools/bin/../lib/gcc/arm-none-eabi/10.3.1/../../../../arm-none-eabi/lib/thumb/v7e-m+dp/hard/libstdc++_nano.a(new_handler.o)
 .debug_frame   0x00000000000008d0       0x28 /home/ghita/st/stm32cubeide_1.11.0/plugins/com.st.stm32cube.ide.mcu.externaltools.gnu-tools-for-stm32.10.3-2021.10.linux64_1.0.100.202210260954/tools/bin/../lib/gcc/arm-none-eabi/10.3.1/../../../../arm-none-eabi/lib/thumb/v7e-m+dp/hard/libc_nano.a(lib_a-abort.o)
 .debug_frame   0x00000000000008f8       0x20 /home/ghita/st/stm32cubeide_1.11.0/plugins/com.st.stm32cube.ide.mcu.externaltools.gnu-tools-for-stm32.10.3-2021.10.linux64_1.0.100.202210260954/tools/bin/../lib/gcc/arm-none-eabi/10.3.1/../../../../arm-none-eabi/lib/thumb/v7e-m+dp/hard/libc_nano.a(lib_a-errno.o)
 .debug_frame   0x0000000000000918       0x2c /home/ghita/st/stm32cubeide_1.11.0/plugins/com.st.stm32cube.ide.mcu.externaltools.gnu-tools-for-stm32.10.3-2021.10.linux64_1.0.100.202210260954/tools/bin/../lib/gcc/arm-none-eabi/10.3.1/../../../../arm-none-eabi/lib/thumb/v7e-m+dp/hard/libc_nano.a(lib_a-init.o)
 .debug_frame   0x0000000000000944       0x30 /home/ghita/st/stm32cubeide_1.11.0/plugins/com.st.stm32cube.ide.mcu.externaltools.gnu-tools-for-stm32.10.3-2021.10.linux64_1.0.100.202210260954/tools/bin/../lib/gcc/arm-none-eabi/10.3.1/../../../../arm-none-eabi/lib/thumb/v7e-m+dp/hard/libc_nano.a(lib_a-malloc.o)
 .debug_frame   0x0000000000000974       0x38 /home/ghita/st/stm32cubeide_1.11.0/plugins/com.st.stm32cube.ide.mcu.externaltools.gnu-tools-for-stm32.10.3-2021.10.linux64_1.0.100.202210260954/tools/bin/../lib/gcc/arm-none-eabi/10.3.1/../../../../arm-none-eabi/lib/thumb/v7e-m+dp/hard/libc_nano.a(lib_a-nano-freer.o)
 .debug_frame   0x00000000000009ac       0x4c /home/ghita/st/stm32cubeide_1.11.0/plugins/com.st.stm32cube.ide.mcu.externaltools.gnu-tools-for-stm32.10.3-2021.10.linux64_1.0.100.202210260954/tools/bin/../lib/gcc/arm-none-eabi/10.3.1/../../../../arm-none-eabi/lib/thumb/v7e-m+dp/hard/libc_nano.a(lib_a-nano-mallocr.o)
 .debug_frame   0x00000000000009f8       0x2c /home/ghita/st/stm32cubeide_1.11.0/plugins/com.st.stm32cube.ide.mcu.externaltools.gnu-tools-for-stm32.10.3-2021.10.linux64_1.0.100.202210260954/tools/bin/../lib/gcc/arm-none-eabi/10.3.1/../../../../arm-none-eabi/lib/thumb/v7e-m+dp/hard/libc_nano.a(lib_a-sbrkr.o)
 .debug_frame   0x0000000000000a24       0xcc /home/ghita/st/stm32cubeide_1.11.0/plugins/com.st.stm32cube.ide.mcu.externaltools.gnu-tools-for-stm32.10.3-2021.10.linux64_1.0.100.202210260954/tools/bin/../lib/gcc/arm-none-eabi/10.3.1/../../../../arm-none-eabi/lib/thumb/v7e-m+dp/hard/libc_nano.a(lib_a-signal.o)
 .debug_frame   0x0000000000000af0       0x3c /home/ghita/st/stm32cubeide_1.11.0/plugins/com.st.stm32cube.ide.mcu.externaltools.gnu-tools-for-stm32.10.3-2021.10.linux64_1.0.100.202210260954/tools/bin/../lib/gcc/arm-none-eabi/10.3.1/../../../../arm-none-eabi/lib/thumb/v7e-m+dp/hard/libc_nano.a(lib_a-signalr.o)
 .debug_frame   0x0000000000000b2c       0x30 /home/ghita/st/stm32cubeide_1.11.0/plugins/com.st.stm32cube.ide.mcu.externaltools.gnu-tools-for-stm32.10.3-2021.10.linux64_1.0.100.202210260954/tools/bin/../lib/gcc/arm-none-eabi/10.3.1/../../../../arm-none-eabi/lib/thumb/v7e-m+dp/hard/libc_nano.a(lib_a-mlock.o)
 .debug_frame   0x0000000000000b5c       0x5c /home/ghita/st/stm32cubeide_1.11.0/plugins/com.st.stm32cube.ide.mcu.externaltools.gnu-tools-for-stm32.10.3-2021.10.linux64_1.0.100.202210260954/tools/bin/../lib/gcc/arm-none-eabi/10.3.1/../../../../arm-none-eabi/lib/thumb/v7e-m+dp/hard/libc_nano.a(lib_a-reent.o)
 .debug_frame   0x0000000000000bb8       0xb0 /home/ghita/st/stm32cubeide_1.11.0/plugins/com.st.stm32cube.ide.mcu.externaltools.gnu-tools-for-stm32.10.3-2021.10.linux64_1.0.100.202210260954/tools/bin/../lib/gcc/arm-none-eabi/10.3.1/../../../../arm-none-eabi/lib/thumb/v7e-m+dp/hard/libc_nano.a(lib_a-lock.o)
